Component: ARM Compiler 6.14 Tool: armlink [5db06800]

==============================================================================

Section Cross References

    startup_stm32h750xx.o(RESET) refers to startup_stm32h750xx.o(STACK) for __initial_sp
    startup_stm32h750xx.o(RESET) refers to startup_stm32h750xx.o(.text) for Reset_Handler
    startup_stm32h750xx.o(RESET) refers to stm32h7xx_it.o(.text.NMI_Handler) for NMI_Handler
    startup_stm32h750xx.o(RESET) refers to context_rvds.o(.text) for HardFault_Handler
    startup_stm32h750xx.o(RESET) refers to stm32h7xx_it.o(.text.BusFault_Handler) for BusFault_Handler
    startup_stm32h750xx.o(RESET) refers to stm32h7xx_it.o(.text.UsageFault_Handler) for UsageFault_Handler
    startup_stm32h750xx.o(RESET) refers to stm32h7xx_it.o(.text.SVC_Handler) for SVC_Handler
    startup_stm32h750xx.o(RESET) refers to stm32h7xx_it.o(.text.DebugMon_Handler) for DebugMon_Handler
    startup_stm32h750xx.o(RESET) refers to board.o(.text.SysTick_Handler) for SysTick_Handler
    startup_stm32h750xx.o(.text) refers to system_stm32h7xx.o(.text.SystemInit) for SystemInit
    startup_stm32h750xx.o(.text) refers to entry.o(.ARM.Collect$$$$00000000) for __main
    main.o(.text.main) refers to system_stm32h7xx.o(.data.SystemCoreClock) for SystemCoreClock
    main.o(.text.main) refers to kservice.o(.text.rt_kprintf) for rt_kprintf
    main.o(.text.main) refers to stm32h7xx_hal_gpio.o(.text.HAL_GPIO_WritePin) for HAL_GPIO_WritePin
    main.o(.text.main) refers to thread.o(.text.rt_thread_mdelay) for rt_thread_mdelay
    main.o(.ARM.exidx.text.main) refers to main.o(.text.main) for [Anonymous Symbol]
    main.o(.text.SystemClock_Config) refers to memseta.o(.text) for __aeabi_memclr4
    main.o(.text.SystemClock_Config) refers to stm32h7xx_hal_pwr_ex.o(.text.HAL_PWREx_ConfigSupply) for HAL_PWREx_ConfigSupply
    main.o(.text.SystemClock_Config) refers to stm32h7xx_hal_rcc.o(.text.HAL_RCC_OscConfig) for HAL_RCC_OscConfig
    main.o(.text.SystemClock_Config) refers to stm32h7xx_hal_rcc.o(.text.HAL_RCC_ClockConfig) for HAL_RCC_ClockConfig
    main.o(.text.SystemClock_Config) refers to main.o(.text.Error_Handler) for Error_Handler
    main.o(.ARM.exidx.text.SystemClock_Config) refers to main.o(.text.SystemClock_Config) for [Anonymous Symbol]
    main.o(.ARM.exidx.text.Error_Handler) refers to main.o(.text.Error_Handler) for [Anonymous Symbol]
    gpio.o(.text.MX_GPIO_Init) refers to stm32h7xx_hal_gpio.o(.text.HAL_GPIO_WritePin) for HAL_GPIO_WritePin
    gpio.o(.text.MX_GPIO_Init) refers to stm32h7xx_hal_gpio.o(.text.HAL_GPIO_Init) for HAL_GPIO_Init
    gpio.o(.ARM.exidx.text.MX_GPIO_Init) refers to gpio.o(.text.MX_GPIO_Init) for [Anonymous Symbol]
    gpio.o(.text.gpio_init) refers to gpio.o(.text.MX_GPIO_Init) for MX_GPIO_Init
    gpio.o(.ARM.exidx.text.gpio_init) refers to gpio.o(.text.gpio_init) for [Anonymous Symbol]
    gpio.o(.rti_fn.1) refers to gpio.o(.text.gpio_init) for gpio_init
    spi.o(.text.MX_SPI6_Init) refers to spi.o(.bss.hspi6) for hspi6
    spi.o(.text.MX_SPI6_Init) refers to memseta.o(.text) for __aeabi_memclr4
    spi.o(.text.MX_SPI6_Init) refers to stm32h7xx_hal_spi.o(.text.HAL_SPI_Init) for HAL_SPI_Init
    spi.o(.text.MX_SPI6_Init) refers to main.o(.text.Error_Handler) for Error_Handler
    spi.o(.ARM.exidx.text.MX_SPI6_Init) refers to spi.o(.text.MX_SPI6_Init) for [Anonymous Symbol]
    spi.o(.text.HAL_SPI_MspInit) refers to memseta.o(.text) for __aeabi_memclr8
    spi.o(.text.HAL_SPI_MspInit) refers to stm32h7xx_hal_rcc_ex.o(.text.HAL_RCCEx_PeriphCLKConfig) for HAL_RCCEx_PeriphCLKConfig
    spi.o(.text.HAL_SPI_MspInit) refers to main.o(.text.Error_Handler) for Error_Handler
    spi.o(.text.HAL_SPI_MspInit) refers to stm32h7xx_hal_gpio.o(.text.HAL_GPIO_Init) for HAL_GPIO_Init
    spi.o(.ARM.exidx.text.HAL_SPI_MspInit) refers to spi.o(.text.HAL_SPI_MspInit) for [Anonymous Symbol]
    spi.o(.text.HAL_SPI_MspDeInit) refers to stm32h7xx_hal_gpio.o(.text.HAL_GPIO_DeInit) for HAL_GPIO_DeInit
    spi.o(.ARM.exidx.text.HAL_SPI_MspDeInit) refers to spi.o(.text.HAL_SPI_MspDeInit) for [Anonymous Symbol]
    spi.o(.text.spi6_init) refers to spi.o(.text.MX_SPI6_Init) for MX_SPI6_Init
    spi.o(.ARM.exidx.text.spi6_init) refers to spi.o(.text.spi6_init) for [Anonymous Symbol]
    spi.o(.rti_fn.1) refers to spi.o(.text.spi6_init) for spi6_init
    usart.o(.text.MX_USART1_UART_Init) refers to usart.o(.bss.huart1) for huart1
    usart.o(.text.MX_USART1_UART_Init) refers to stm32h7xx_hal_uart.o(.text.HAL_UART_Init) for HAL_UART_Init
    usart.o(.text.MX_USART1_UART_Init) refers to main.o(.text.Error_Handler) for Error_Handler
    usart.o(.text.MX_USART1_UART_Init) refers to stm32h7xx_hal_uart_ex.o(.text.HAL_UARTEx_SetTxFifoThreshold) for HAL_UARTEx_SetTxFifoThreshold
    usart.o(.text.MX_USART1_UART_Init) refers to stm32h7xx_hal_uart_ex.o(.text.HAL_UARTEx_SetRxFifoThreshold) for HAL_UARTEx_SetRxFifoThreshold
[...]
    UARTEx_SetNbDataToProcess.denominator    0x90006928   Data           8  stm32h7xx_hal_uart_ex.o(.rodata.cst8)
    .L.str.5                                 0x90006bdf   Data           7  kservice.o(.rodata.str1.1)
    [Anonymous Symbol]                       0x90006bdf   Section        0  kservice.o(.rodata.str1.1)
    print_number.large_digits                0x90006be6   Data          17  kservice.o(.rodata.str1.1)
    print_number.small_digits                0x90006bf7   Data          17  kservice.o(.rodata.str1.1)
    .L.str.27                                0x90006c08   Data          13  cmd.o(.rodata.str1.1)
    [Anonymous Symbol]                       0x90006c08   Section        0  cmd.o(.rodata.str1.1)
    .L.str.26                                0x90006c0a   Data          11  cmd.o(.rodata.str1.1)
    .L.str.2                                 0x90006c15   Data          68  cmd.o(.rodata.str1.1)
    .L.str.7                                 0x90006c59   Data           9  cmd.o(.rodata.str1.1)
    .L.str.8                                 0x90006c62   Data           9  cmd.o(.rodata.str1.1)
    .L.str.5                                 0x90006c6b   Data           9  cmd.o(.rodata.str1.1)
    .L.str.6                                 0x90006c74   Data           9  cmd.o(.rodata.str1.1)
    .L.str.9                                 0x90006c7d   Data           9  cmd.o(.rodata.str1.1)
    .L.str.1                                 0x90006c86   Data           7  msh.o(.rodata.str1.1)
    [Anonymous Symbol]                       0x90006c86   Section        0  msh.o(.rodata.str1.1)
    .L.str.3                                 0x90006c8d   Data           2  shell.o(.rodata.str1.1)
    [Anonymous Symbol]                       0x90006c8d   Section        0  shell.o(.rodata.str1.1)
    .L.str.4                                 0x90006c8f   Data           3  shell.o(.rodata.str1.1)
    .L.str.17                                0x90006c92   Data          26  cpuport.o(.rodata.str1.1)
    [Anonymous Symbol]                       0x90006c92   Section        0  cpuport.o(.rodata.str1.1)
    .L.str.16                                0x90006cac   Data          29  cpuport.o(.rodata.str1.1)
    .L.str.18                                0x90006cc9   Data          14  cpuport.o(.rodata.str1.1)
    .L.str.1                                 0x90006cd7   Data          13  cpuport.o(.rodata.str1.1)
    .L.str.2                                 0x90006ce4   Data          13  cpuport.o(.rodata.str1.1)
    .L.str.3                                 0x90006cf1   Data          13  cpuport.o(.rodata.str1.1)
    .L.str.4                                 0x90006cfe   Data          13  cpuport.o(.rodata.str1.1)
    .L.str.5                                 0x90006d0b   Data          13  cpuport.o(.rodata.str1.1)
    .L.str                                   0x90006d18   Data          13  cpuport.o(.rodata.str1.1)
    .L.str.15                                0x90006d23   Data           2  cpuport.o(.rodata.str1.1)
    .L.str.3                                 0x90006d23   Data           2  cpuport.o(.rodata.str1.1)
    .L.str.30                                0x90006d23   Data           2  cpuport.o(.rodata.str1.1)
    .L.str.7                                 0x90006d23   Data           2  cpuport.o(.rodata.str1.1)
    __tagsym$$used.0                         0x90006d28   Number         0  components.o(.rti_fn.0)
    __tagsym$$used.1                         0x90006d2c   Number         0  components.o(.rti_fn.0.end)
    __tagsym$$used.0                         0x90006d30   Number         0  gpio.o(.rti_fn.1)
    __tagsym$$used.0                         0x90006d34   Number         0  spi.o(.rti_fn.1)
    __tagsym$$used.0                         0x90006d38   Number         0  board.o(.rti_fn.1)
    __tagsym$$used.2                         0x90006d3c   Number         0  components.o(.rti_fn.1.end)
    __tagsym$$used.0                         0x90006d40   Number         0  shell.o(.rti_fn.6)
    __tagsym$$used.3                         0x90006d44   Number         0  components.o(.rti_fn.6.end)
    __tagsym$$used.0                         0x90006d48   Number         0  mem.o(FSymTab)
    __tagsym$$used.0                         0x90006d54   Number         0  cmd.o(FSymTab)
    __tagsym$$used.1                         0x90006d60   Number         0  cmd.o(FSymTab)
    __tagsym$$used.2                         0x90006d6c   Number         0  cmd.o(FSymTab)
    __tagsym$$used.3                         0x90006d78   Number         0  cmd.o(FSymTab)
    __tagsym$$used.4                         0x90006d84   Number         0  cmd.o(FSymTab)
    __tagsym$$used.5                         0x90006d90   Number         0  cmd.o(FSymTab)
    __tagsym$$used.6                         0x90006d9c   Number         0  cmd.o(FSymTab)
    __tagsym$$used.7                         0x90006da8   Number         0  cmd.o(FSymTab)
    __tagsym$$used.8                         0x90006db4   Number         0  cmd.o(FSymTab)
    __tagsym$$used.9                         0x90006dc0   Number         0  cmd.o(FSymTab)
    __tagsym$$used.10                        0x90006dcc   Number         0  cmd.o(FSymTab)
    __tagsym$$used.11                        0x90006dd8   Number         0  cmd.o(FSymTab)
    __tagsym$$used.0                         0x90006de4   Number         0  msh.o(FSymTab)
    __tagsym$$used.1                         0x90006df0   Number         0  msh.o(FSymTab)
    __tagsym$$used.2                         0x90006dfc   Number         0  msh.o(FSymTab)
    __tagsym$$used.0                         0x90006e08   Number         0  user_cmd.o(FSymTab)
    __tagsym$$used.1                         0x90006e14   Number         0  user_cmd.o(FSymTab)
    __tagsym$$used.0                         0x90006e20   Number         0  w25q64.o(FSymTab)

    Global Symbols

    Symbol Name                              Value     Ov Type        Size  Object(Section)

    BuildAttributes$$THM_ISAv4$E$P$D$K$B$S$7EM$VFPv5_D16$PE$PLD8$A:L22UL41UL21$X:L11$S22US41US21$IEEE1$IW$~IW$USESV6$~STKCKD$USESV7$~SHL$OTIME$EBA8$MICROLIB$REQ8$PRES8$EABIv2 0x00000000   Number         0  anon$$obj.o ABSOLUTE
    __cpp_initialize__aeabi_                  - Undefined Weak Reference
    __cxa_finalize                            - Undefined Weak Reference
    __decompress                              - Undefined Weak Reference
    _clock_init                               - Undefined Weak Reference
    _microlib_exit                            - Undefined Weak Reference
    __Vectors_Size                           0x00000298   Number         0  startup_stm32h750xx.o ABSOLUTE
    SystemCoreClock                          0x24000000   Data           4  system_stm32h7xx.o(.data.SystemCoreClock)
    SystemD2Clock                            0x24000004   Data           4  system_stm32h7xx.o(.data.SystemD2Clock)
    uwTickFreq                               0x24000048   Data           1  stm32h7xx_hal.o(.data.uwTickFreq)
    uwTickPrio                               0x2400004c   Data           4  stm32h7xx_hal.o(.data.uwTickPrio)
    _syscall_table_begin                     0x24000050   Data           4  shell.o(.bss._syscall_table_begin)
    _syscall_table_end                       0x24000054   Data           4  shell.o(.bss._syscall_table_end)
    hspi6                                    0x24000188   Data         136  spi.o(.bss.hspi6)
    huart1                                   0x24000210   Data         148  usart.o(.bss.huart1)
    rt_current_priority                      0x24000328   Data           1  scheduler.o(.bss.rt_current_priority)
    rt_current_thread                        0x2400032c   Data           4  scheduler.o(.bss.rt_current_thread)
    rt_interrupt_from_thread                 0x24003f34   Data           4  cpuport.o(.bss.rt_interrupt_from_thread)
    rt_interrupt_nest                        0x24003f38   Data           1  irq.o(.bss.rt_interrupt_nest)
    rt_interrupt_to_thread                   0x24003f3c   Data           4  cpuport.o(.bss.rt_interrupt_to_thread)
    rt_thread_defunct                        0x24004044   Data           8  scheduler.o(.bss.rt_thread_defunct)
    rt_thread_priority_table                 0x2400404c   Data         256  scheduler.o(.bss.rt_thread_priority_table)
    rt_thread_ready_priority_group           0x2400414c   Data           4  scheduler.o(.bss.rt_thread_ready_priority_group)
    rt_thread_switch_interrupt_flag          0x24004250   Data           4  cpuport.o(.bss.rt_thread_switch_interrupt_flag)
    shell                                    0x24004264   Data           4  shell.o(.bss.shell)
    __initial_sp                             0x24004670   Data           0  startup_stm32h750xx.o(STACK)
    __Vectors                                0x90000000   Data           4  startup_stm32h750xx.o(RESET)
    __Vectors_End                            0x90000298   Data           0  startup_stm32h750xx.o(RESET)
    __main                                   0x90000299   Thumb Code     0  entry.o(.ARM.Collect$$$$00000000)
    _main_stk                                0x90000299   Thumb Code     0  entry2.o(.ARM.Collect$$$$00000001)
    _main_scatterload                        0x9000029d   Thumb Code     0  entry5.o(.ARM.Collect$$$$00000004)
    __main_after_scatterload                 0x900002a1   Thumb Code     0  entry5.o(.ARM.Collect$$$$00000004)
    _main_clock                              0x900002a1   Thumb Code     0  entry7b.o(.ARM.Collect$$$$00000008)
    _main_cpp_init                           0x900002a1   Thumb Code     0  entry8b.o(.ARM.Collect$$$$0000000A)
    _main_init                               0x900002a1   Thumb Code     0  entry9a.o(.ARM.Collect$$$$0000000B)
    __rt_final_cpp                           0x900002a9   Thumb Code     0  entry10a.o(.ARM.Collect$$$$0000000D)
    __rt_final_exit                          0x900002a9   Thumb Code     0  entry11a.o(.ARM.Collect$$$$0000000F)
    Reset_Handler                            0x900002ad   Thumb Code     8  startup_stm32h750xx.o(.text)
    ADC3_IRQHandler                          0x900002c7   Thumb Code     0  startup_stm32h750xx.o(.text)
    ADC_IRQHandler                           0x900002c7   Thumb Code     0  startup_stm32h750xx.o(.text)
    BDMA_Channel0_IRQHandler                 0x900002c7   Thumb Code     0  startup_stm32h750xx.o(.text)
    BDMA_Channel1_IRQHandler                 0x900002c7   Thumb Code     0  startup_stm32h750xx.o(.text)
    BDMA_Channel2_IRQHandler                 0x900002c7   Thumb Code     0  startup_stm32h750xx.o(.text)
    BDMA_Channel3_IRQHandler                 0x900002c7   Thumb Code     0  startup_stm32h750xx.o(.text)
    BDMA_Channel4_IRQHandler                 0x900002c7   Thumb Code     0  startup_stm32h750xx.o(.text)
    BDMA_Channel5_IRQHandler                 0x900002c7   Thumb Code     0  startup_stm32h750xx.o(.text)
    BDMA_Channel6_IRQHandler                 0x900002c7   Thumb Code     0  startup_stm32h750xx.o(.text)
    BDMA_Channel7_IRQHandler                 0x900002c7   Thumb Code     0  startup_stm32h750xx.o(.text)
    CEC_IRQHandler                           0x900002c7   Thumb Code     0  startup_stm32h750xx.o(.text)
    COMP1_IRQHandler                         0x900002c7   Thumb Code     0  startup_stm32h750xx.o(.text)
    CRS_IRQHandler                           0x900002c7   Thumb Code     0  startup_stm32h750xx.o(.text)
    CRYP_IRQHandler                          0x900002c7   Thumb Code     0  startup_stm32h750xx.o(.text)
    DCMI_IRQHandler                          0x900002c7   Thumb Code     0  startup_stm32h750xx.o(.text)
    DFSDM1_FLT0_IRQHandler                   0x900002c7   Thumb Code     0  startup_stm32h750xx.o(.text)
    DFSDM1_FLT1_IRQHandler                   0x900002c7   Thumb Code     0  startup_stm32h750xx.o(.text)
    DFSDM1_FLT2_IRQHandler                   0x900002c7   Thumb Code     0  startup_stm32h750xx.o(.text)
    DFSDM1_FLT3_IRQHandler                   0x900002c7   Thumb Code     0  startup_stm32h750xx.o(.text)
    DMA1_Stream0_IRQHandler                  0x900002c7   Thumb Code     0  startup_stm32h750xx.o(.text)
    DMA1_Stream1_IRQHandler                  0x900002c7   Thumb Code     0  startup_stm32h750xx.o(.text)
    DMA1_Stream2_IRQHandler                  0x900002c7   Thumb Code     0  startup_stm32h750xx.o(.text)
    DMA1_Stream3_IRQHandler                  0x900002c7   Thumb Code     0  startup_stm32h750xx.o(.text)
    DMA1_Stream4_IRQHandler                  0x900002c7   Thumb Code     0  startup_stm32h750xx.o(.text)
    DMA1_Stream5_IRQHandler                  0x900002c7   Thumb Code     0  startup_stm32h750xx.o(.text)
    DMA1_Stream6_IRQHandler                  0x900002c7   Thumb Code     0  startup_stm32h750xx.o(.text)
    DMA1_Stream7_IRQHandler                  0x900002c7   Thumb Code     0  startup_stm32h750xx.o(.text)
    DMA2D_IRQHandler                         0x900002c7   Thumb Code     0  startup_stm32h750xx.o(.text)
    DMA2_Stream0_IRQHandler                  0x900002c7   Thumb Code     0  startup_stm32h750xx.o(.text)
    DMA2_Stream1_IRQHandler                  0x900002c7   Thumb Code     0  startup_stm32h750xx.o(.text)
    DMA2_Stream2_IRQHandler                  0x900002c7   Thumb Code     0  startup_stm32h750xx.o(.text)
    DMA2_Stream3_IRQHandler                  0x900002c7   Thumb Code     0  startup_stm32h750xx.o(.text)
    DMA2_Stream4_IRQHandler                  0x900002c7   Thumb Code     0  startup_stm32h750xx.o(.text)
    DMA2_Stream5_IRQHandler                  0x900002c7   Thumb Code     0  startup_stm32h750xx.o(.text)
    DMA2_Stream6_IRQHandler                  0x900002c7   Thumb Code     0  startup_stm32h750xx.o(.text)
    DMA2_Stream7_IRQHandler                  0x900002c7   Thumb Code     0  startup_stm32h750xx.o(.text)
    DMAMUX1_OVR_IRQHandler                   0x900002c7   Thumb Code     0  startup_stm32h750xx.o(.text)
    DMAMUX2_OVR_IRQHandler                   0x900002c7   Thumb Code     0  startup_stm32h750xx.o(.text)
    ECC_IRQHandler                           0x900002c7   Thumb Code     0  startup_stm32h750xx.o(.text)
    ETH_IRQHandler                           0x900002c7   Thumb Code     0  startup_stm32h750xx.o(.text)
    ETH_WKUP_IRQHandler                      0x900002c7   Thumb Code     0  startup_stm32h750xx.o(.text)
    EXTI0_IRQHandler                         0x900002c7   Thumb Code     0  startup_stm32h750xx.o(.text)
    EXTI15_10_IRQHandler                     0x900002c7   Thumb Code     0  startup_stm32h750xx.o(.text)
    EXTI1_IRQHandler                         0x900002c7   Thumb Code     0  startup_stm32h750xx.o(.text)
    EXTI2_IRQHandler                         0x900002c7   Thumb Code     0  startup_stm32h750xx.o(.text)
    EXTI3_IRQHandler                         0x900002c7   Thumb Code     0  startup_stm32h750xx.o(.text)
    EXTI4_IRQHandler                         0x900002c7   Thumb Code     0  startup_stm32h750xx.o(.text)
    EXTI9_5_IRQHandler                       0x900002c7   Thumb Code     0  startup_stm32h750xx.o(.text)
    FDCAN1_IT0_IRQHandler                    0x900002c7   Thumb Code     0  startup_stm32h750xx.o(.text)
    FDCAN1_IT1_IRQHandler                    0x900002c7   Thumb Code     0  startup_stm32h750xx.o(.text)
    FDCAN2_IT0_IRQHandler                    0x900002c7   Thumb Code     0  startup_stm32h750xx.o(.text)
    FDCAN2_IT1_IRQHandler                    0x900002c7   Thumb Code     0  startup_stm32h750xx.o(.text)
    FDCAN_CAL_IRQHandler                     0x900002c7   Thumb Code     0  startup_stm32h750xx.o(.text)
    FLASH_IRQHandler                         0x900002c7   Thumb Code     0  startup_stm32h750xx.o(.text)
    FMC_IRQHandler                           0x900002c7   Thumb Code     0  startup_stm32h750xx.o(.text)
    FPU_IRQHandler                           0x900002c7   Thumb Code     0  startup_stm32h750xx.o(.text)
    HASH_RNG_IRQHandler                      0x900002c7   Thumb Code     0  startup_stm32h750xx.o(.text)
    HRTIM1_FLT_IRQHandler                    0x900002c7   Thumb Code     0  startup_stm32h750xx.o(.text)
    HRTIM1_Master_IRQHandler                 0x900002c7   Thumb Code     0  startup_stm32h750xx.o(.text)
    HRTIM1_TIMA_IRQHandler                   0x900002c7   Thumb Code     0  startup_stm32h750xx.o(.text)
    HRTIM1_TIMB_IRQHandler                   0x900002c7   Thumb Code     0  startup_stm32h750xx.o(.text)
    HRTIM1_TIMC_IRQHandler                   0x900002c7   Thumb Code     0  startup_stm32h750xx.o(.text)
    HRTIM1_TIMD_IRQHandler                   0x900002c7   Thumb Code     0  startup_stm32h750xx.o(.text)
    HRTIM1_TIME_IRQHandler                   0x900002c7   Thumb Code     0  startup_stm32h750xx.o(.text)
    HSEM1_IRQHandler                         0x900002c7   Thumb Code     0  startup_stm32h750xx.o(.text)
    I2C1_ER_IRQHandler                       0x900002c7   Thumb Code     0  startup_stm32h750xx.o(.text)
    I2C1_EV_IRQHandler                       0x900002c7   Thumb Code     0  startup_stm32h750xx.o(.text)
    I2C2_ER_IRQHandler                       0x900002c7   Thumb Code     0  startup_stm32h750xx.o(.text)
    I2C2_EV_IRQHandler                       0x900002c7   Thumb Code     0  startup_stm32h750xx.o(.text)
    I2C3_ER_IRQHandler                       0x900002c7   Thumb Code     0  startup_stm32h750xx.o(.text)
    I2C3_EV_IRQHandler                       0x900002c7   Thumb Code     0  startup_stm32h750xx.o(.text)
    I2C4_ER_IRQHandler                       0x900002c7   Thumb Code     0  startup_stm32h750xx.o(.text)
    I2C4_EV_IRQHandler                       0x900002c7   Thumb Code     0  startup_stm32h750xx.o(.text)
    JPEG_IRQHandler                          0x900002c7   Thumb Code     0  startup_stm32h750xx.o(.text)
    LPTIM1_IRQHandler                        0x900002c7   Thumb Code     0  startup_stm32h750xx.o(.text)
    LPTIM2_IRQHandler                        0x900002c7   Thumb Code     0  startup_stm32h750xx.o(.text)
    LPTIM3_IRQHandler                        0x900002c7   Thumb Code     0  startup_stm32h750xx.o(.text)
    LPTIM4_IRQHandler                        0x900002c7   Thumb Code     0  startup_stm32h750xx.o(.text)
    LPTIM5_IRQHandler                        0x900002c7   Thumb Code     0  startup_stm32h750xx.o(.text)
    LPUART1_IRQHandler                       0x900002c7   Thumb Code     0  startup_stm32h750xx.o(.text)
    LTDC_ER_IRQHandler                       0x900002c7   Thumb Code     0  startup_stm32h750xx.o(.text)
    LTDC_IRQHandler                          0x900002c7   Thumb Code     0  startup_stm32h750xx.o(.text)
    MDIOS_IRQHandler                         0x900002c7   Thumb Code     0  startup_stm32h750xx.o(.text)
    MDIOS_WKUP_IRQHandler                    0x900002c7   Thumb Code     0  startup_stm32h750xx.o(.text)
    MDMA_IRQHandler                          0x900002c7   Thumb Code     0  startup_stm32h750xx.o(.text)
    OTG_FS_EP1_IN_IRQHandler                 0x900002c7   Thumb Code     0  startup_stm32h750xx.o(.text)
    OTG_FS_EP1_OUT_IRQHandler                0x900002c7   Thumb Code     0  startup_stm32h750xx.o(.text)
    OTG_FS_IRQHandler                        0x900002c7   Thumb Code     0  startup_stm32h750xx.o(.text)
    OTG_FS_WKUP_IRQHandler                   0x900002c7   Thumb Code     0  startup_stm32h750xx.o(.text)
    OTG_HS_EP1_IN_IRQHandler                 0x900002c7   Thumb Code     0  startup_stm32h750xx.o(.text)
    OTG_HS_EP1_OUT_IRQHandler                0x900002c7   Thumb Code     0  startup_stm32h750xx.o(.text)
    OTG_HS_IRQHandler                        0x900002c7   Thumb Code     0  startup_stm32h750xx.o(.text)
    OTG_HS_WKUP_IRQHandler                   0x900002c7   Thumb Code     0  startup_stm32h750xx.o(.text)
    PVD_AVD_IRQHandler                       0x900002c7   Thumb Code     0  startup_stm32h750xx.o(.text)
    QUADSPI_IRQHandler                       0x900002c7   Thumb Code     0  startup_stm32h750xx.o(.text)
    RCC_IRQHandler                           0x900002c7   Thumb Code     0  startup_stm32h750xx.o(.text)
    RTC_Alarm_IRQHandler                     0x900002c7   Thumb Code     0  startup_stm32h750xx.o(.text)
    RTC_WKUP_IRQHandler                      0x900002c7   Thumb Code     0  startup_stm32h750xx.o(.text)
    SAI1_IRQHandler                          0x900002c7   Thumb Code     0  startup_stm32h750xx.o(.text)
    SAI2_IRQHandler                          0x900002c7   Thumb Code     0  startup_stm32h750xx.o(.text)
    SAI3_IRQHandler                          0x900002c7   Thumb Code     0  startup_stm32h750xx.o(.text)
    SAI4_IRQHandler                          0x900002c7   Thumb Code     0  startup_stm32h750xx.o(.text)
    SDMMC1_IRQHandler                        0x900002c7   Thumb Code     0  startup_stm32h750xx.o(.text)
    SDMMC2_IRQHandler                        0x900002c7   Thumb Code     0  startup_stm32h750xx.o(.text)
    SPDIF_RX_IRQHandler                      0x900002c7   Thumb Code     0  startup_stm32h750xx.o(.text)
    SPI1_IRQHandler                          0x900002c7   Thumb Code     0  startup_stm32h750xx.o(.text)
    SPI2_IRQHandler                          0x900002c7   Thumb Code     0  startup_stm32h750xx.o(.text)
    SPI3_IRQHandler                          0x900002c7   Thumb Code     0  startup_stm32h750xx.o(.text)
    SPI4_IRQHandler                          0x900002c7   Thumb Code     0  startup_stm32h750xx.o(.text)
    SPI5_IRQHandler                          0x900002c7   Thumb Code     0  startup_stm32h750xx.o(.text)
    SPI6_IRQHandler                          0x900002c7   Thumb Code     0  startup_stm32h750xx.o(.text)
    SWPMI1_IRQHandler                        0x900002c7   Thumb Code     0  startup_stm32h750xx.o(.text)
    TAMP_STAMP_IRQHandler                    0x900002c7   Thumb Code     0  startup_stm32h750xx.o(.text)
    TIM15_IRQHandler                         0x900002c7   Thumb Code     0  startup_stm32h750xx.o(.text)
    TIM16_IRQHandler                         0x900002c7   Thumb Code     0  startup_stm32h750xx.o(.text)
    TIM17_IRQHandler                         0x900002c7   Thumb Code     0  startup_stm32h750xx.o(.text)
    TIM1_BRK_IRQHandler                      0x900002c7   Thumb Code     0  startup_stm32h750xx.o(.text)
    TIM1_CC_IRQHandler                       0x900002c7   Thumb Code     0  startup_stm32h750xx.o(.text)
    TIM1_TRG_COM_IRQHandler                  0x900002c7   Thumb Code     0  startup_stm32h750xx.o(.text)
    TIM1_UP_IRQHandler                       0x900002c7   Thumb Code     0  startup_stm32h750xx.o(.text)
    TIM2_IRQHandler                          0x900002c7   Thumb Code     0  startup_stm32h750xx.o(.text)
    TIM3_IRQHandler                          0x900002c7   Thumb Code     0  startup_stm32h750xx.o(.text)
    TIM4_IRQHandler                          0x900002c7   Thumb Code     0  startup_stm32h750xx.o(.text)
    TIM5_IRQHandler                          0x900002c7   Thumb Code     0  startup_stm32h750xx.o(.text)
    TIM6_DAC_IRQHandler                      0x900002c7   Thumb Code     0  startup_stm32h750xx.o(.text)
    TIM7_IRQHandler                          0x900002c7   Thumb Code     0  startup_stm32h750xx.o(.text)
    TIM8_BRK_TIM12_IRQHandler                0x900002c7   Thumb Code     0  startup_stm32h750xx.o(.text)
    TIM8_CC_IRQHandler                       0x900002c7   Thumb Code     0  startup_stm32h750xx.o(.text)
    TIM8_TRG_COM_TIM14_IRQHandler            0x900002c7   Thumb Code     0  startup_stm32h750xx.o(.text)
    TIM8_UP_TIM13_IRQHandler                 0x900002c7   Thumb Code     0  startup_stm32h750xx.o(.text)
    UART4_IRQHandler                         0x900002c7   Thumb Code     0  startup_stm32h750xx.o(.text)
    UART5_IRQHandler                         0x900002c7   Thumb Code     0  startup_stm32h750xx.o(.text)
    UART7_IRQHandler                         0x900002c7   Thumb Code     0  startup_stm32h750xx.o(.text)
    UART8_IRQHandler                         0x900002c7   Thumb Code     0  startup_stm32h750xx.o(.text)
    USART1_IRQHandler                        0x900002c7   Thumb Code     0  startup_stm32h750xx.o(.text)
    USART2_IRQHandler                        0x900002c7   Thumb Code     0  startup_stm32h750xx.o(.text)
    USART3_IRQHandler                        0x900002c7   Thumb Code     0  startup_stm32h750xx.o(.text)
    USART6_IRQHandler                        0x900002c7   Thumb Code     0  startup_stm32h750xx.o(.text)
    WAKEUP_PIN_IRQHandler                    0x900002c7   Thumb Code     0  startup_stm32h750xx.o(.text)
    WWDG_IRQHandler                          0x900002c7   Thumb Code     0  startup_stm32h750xx.o(.text)
    rt_hw_interrupt_disable                  0x900002d1   Thumb Code     8  context_rvds.o(.text)
    rt_hw_interrupt_enable                   0x900002d9   Thumb Code     6  context_rvds.o(.text)
    rt_hw_context_switch                     0x900002df   Thumb Code    32  context_rvds.o(.text)
    rt_hw_context_switch_interrupt           0x900002df   Thumb Code     0  context_rvds.o(.text)
    PendSV_Handler                           0x900002ff   Thumb Code   108  context_rvds.o(.text)
    rt_hw_context_switch_to                  0x9000036b   Thumb Code    70  context_rvds.o(.text)
    rt_hw_interrupt_thread_switch            0x900003b1   Thumb Code     2  context_rvds.o(.text)
    HardFault_Handler                        0x900003b3   Thumb Code    56  context_rvds.o(.text)
    MemManage_Handler                        0x900003b3   Thumb Code     0  context_rvds.o(.text)
    __aeabi_uldivmod                         0x90000405   Thumb Code    98  uldiv.o(.text)
    __aeabi_memset                           0x90000467   Thumb Code    14  memseta.o(.text)
    __aeabi_memset4                          0x90000467   Thumb Code     0  memseta.o(.text)
    __aeabi_memset8                          0x90000467   Thumb Code     0  memseta.o(.text)
    __aeabi_memclr                           0x90000475   Thumb Code     4  memseta.o(.text)
    __aeabi_memclr4                          0x90000475   Thumb Code     0  memseta.o(.text)
    __aeabi_memclr8                          0x90000475   Thumb Code     0  memseta.o(.text)
    _memset$wrapper                          0x90000479   Thumb Code    18  memseta.o(.text)
    strncpy                                  0x9000048b   Thumb Code    24  strncpy.o(.text)
    strlen                                   0x900004a3   Thumb Code    14  strlen.o(.text)
    strncmp                                  0x900004b1   Thumb Code    30  strncmp.o(.text)
    __aeabi_llsl                             0x900004cf   Thumb Code    30  llshl.o(.text)
    _ll_shift_l                              0x900004cf   Thumb Code     0  llshl.o(.text)
    __aeabi_llsr                             0x900004ed   Thumb Code    32  llushr.o(.text)
    _ll_ushift_r                             0x900004ed   Thumb Code     0  llushr.o(.text)
    __scatterload                            0x9000050d   Thumb Code    28  init.o(.text)
    __scatterload_rt2                        0x9000050d   Thumb Code     0  init.o(.text)
    main                                     0x90000531   Thumb Code    10  components.o(.text.$Sub$$main)
    BusFault_Handler                         0x90000541   Thumb Code     2  stm32h7xx_it.o(.text.BusFault_Handler)
    DebugMon_Handler                         0x90000549   Thumb Code     2  stm32h7xx_it.o(.text.DebugMon_Handler)
    Error_Handler                            0x90000551   Thumb Code    10  main.o(.text.Error_Handler)
    HAL_GPIO_Init                            0x90000561   Thumb Code   416  stm32h7xx_hal_gpio.o(.text.HAL_GPIO_Init)
    HAL_GPIO_WritePin                        0x90000701   Thumb Code    10  stm32h7xx_hal_gpio.o(.text.HAL_GPIO_WritePin)
    HAL_GetREVID                             0x90000711   Thumb Code    14  stm32h7xx_hal.o(.text.HAL_GetREVID)
    HAL_GetTick                              0x90000721   Thumb Code     8  board.o(.text.HAL_GetTick)
    HAL_Init                                 0x90000729   Thumb Code   100  stm32h7xx_hal.o(.text.HAL_Init)
    HAL_InitTick                             0x90000791   Thumb Code    84  stm32h7xx_hal.o(.text.HAL_InitTick)
    HAL_MspInit                              0x900007e9   Thumb Code    32  stm32h7xx_hal_msp.o(.text.HAL_MspInit)
    HAL_NVIC_SetPriority                     0x90000809   Thumb Code    30  stm32h7xx_hal_cortex.o(.text.HAL_NVIC_SetPriority)
    HAL_NVIC_SetPriorityGrouping             0x90000829   Thumb Code     8  stm32h7xx_hal_cortex.o(.text.HAL_NVIC_SetPriorityGrouping)
    HAL_PWREx_ConfigSupply                   0x90000831   Thumb Code    72  stm32h7xx_hal_pwr_ex.o(.text.HAL_PWREx_ConfigSupply)
    HAL_RCCEx_GetD3PCLK1Freq                 0x90000879   Thumb Code    38  stm32h7xx_hal_rcc_ex.o(.text.HAL_RCCEx_GetD3PCLK1Freq)
    HAL_RCCEx_GetPLL2ClockFreq               0x900008a1   Thumb Code   296  stm32h7xx_hal_rcc_ex.o(.text.HAL_RCCEx_GetPLL2ClockFreq)
    HAL_RCCEx_GetPLL3ClockFreq               0x900009c9   Thumb Code   296  stm32h7xx_hal_rcc_ex.o(.text.HAL_RCCEx_GetPLL3ClockFreq)
    HAL_RCCEx_PeriphCLKConfig                0x90000af1   Thumb Code  2576  stm32h7xx_hal_rcc_ex.o(.text.HAL_RCCEx_PeriphCLKConfig)
    HAL_RCC_ClockConfig                      0x90001501   Thumb Code   592  stm32h7xx_hal_rcc.o(.text.HAL_RCC_ClockConfig)
    HAL_RCC_GetHCLKFreq                      0x90001751   Thumb Code    76  stm32h7xx_hal_rcc.o(.text.HAL_RCC_GetHCLKFreq)
    HAL_RCC_GetPCLK1Freq                     0x900017a1   Thumb Code    38  stm32h7xx_hal_rcc.o(.text.HAL_RCC_GetPCLK1Freq)
    HAL_RCC_GetPCLK2Freq                     0x900017c9   Thumb Code    38  stm32h7xx_hal_rcc.o(.text.HAL_RCC_GetPCLK2Freq)
    HAL_RCC_GetSysClockFreq                  0x900017f1   Thumb Code   264  stm32h7xx_hal_rcc.o(.text.HAL_RCC_GetSysClockFreq)
    HAL_RCC_OscConfig                        0x900018f9   Thumb Code  1330  stm32h7xx_hal_rcc.o(.text.HAL_RCC_OscConfig)
    HAL_SPI_Init                             0x90001e31   Thumb Code   392  stm32h7xx_hal_spi.o(.text.HAL_SPI_Init)
    HAL_SPI_MspInit                          0x90001fb9   Thumb Code   190  spi.o(.text.HAL_SPI_MspInit)
    HAL_SPI_TransmitReceive                  0x90002079   Thumb Code   616  stm32h7xx_hal_spi.o(.text.HAL_SPI_TransmitReceive)
    HAL_SYSTICK_Config                       0x900022e1   Thumb Code     8  stm32h7xx_hal_cortex.o(.text.HAL_SYSTICK_Config)
    HAL_UARTEx_DisableFifoMode               0x900022e9   Thumb Code    54  stm32h7xx_hal_uart_ex.o(.text.HAL_UARTEx_DisableFifoMode)
    HAL_UARTEx_SetRxFifoThreshold            0x90002321   Thumb Code    74  stm32h7xx_hal_uart_ex.o(.text.HAL_UARTEx_SetRxFifoThreshold)
    HAL_UARTEx_SetTxFifoThreshold            0x90002371   Thumb Code    74  stm32h7xx_hal_uart_ex.o(.text.HAL_UARTEx_SetTxFifoThreshold)
    HAL_UART_Init                            0x900023c1   Thumb Code    98  stm32h7xx_hal_uart.o(.text.HAL_UART_Init)
    HAL_UART_MspInit                         0x90002429   Thumb Code   144  usart.o(.text.HAL_UART_MspInit)
    HAL_UART_Transmit                        0x900024b9   Thumb Code   198  stm32h7xx_hal_uart.o(.text.HAL_UART_Transmit)
    MX_GPIO_Init                             0x90002581   Thumb Code   138  gpio.o(.text.MX_GPIO_Init)
    MX_SPI6_Init                             0x90002611   Thumb Code    82  spi.o(.text.MX_SPI6_Init)
    MX_USART1_UART_Init                      0x90002669   Thumb Code   122  usart.o(.text.MX_USART1_UART_Init)
    NMI_Handler                              0x900026e9   Thumb Code     2  stm32h7xx_it.o(.text.NMI_Handler)
    SPI_W25Qxx_Init                          0x90002a31   Thumb Code   100  w25q64.o(.text.SPI_W25Qxx_Init)
    SPI_W25Qxx_ReadID                        0x90002a99   Thumb Code    72  w25q64.o(.text.SPI_W25Qxx_ReadID)
    SVC_Handler                              0x90002b11   Thumb Code     2  stm32h7xx_it.o(.text.SVC_Handler)
    SysTick_Handler                          0x90002b49   Thumb Code    16  board.o(.text.SysTick_Handler)
    SystemClock_Config                       0x90002b59   Thumb Code   260  main.o(.text.SystemClock_Config)
    SystemCoreClockUpdate                    0x90002c61   Thumb Code   320  system_stm32h7xx.o(.text.SystemCoreClockUpdate)
    SystemInit                               0x90002da1   Thumb Code   218  system_stm32h7xx.o(.text.SystemInit)
    UART_AdvFeatureConfig                    0x90002ed9   Thumb Code   224  stm32h7xx_hal_uart.o(.text.UART_AdvFeatureConfig)
    UART_CheckIdleState                      0x90002fb9   Thumb Code   184  stm32h7xx_hal_uart.o(.text.UART_CheckIdleState)
    UART_SetConfig                           0x900030d1   Thumb Code  1410  stm32h7xx_hal_uart.o(.text.UART_SetConfig)
    UART_WaitOnFlagUntilTimeout              0x90003659   Thumb Code   186  stm32h7xx_hal_uart.o(.text.UART_WaitOnFlagUntilTimeout)
    UsageFault_Handler                       0x90003719   Thumb Code     2  stm32h7xx_it.o(.text.UsageFault_Handler)
    __rt_ffs                                 0x90003779   Thumb Code    56  kservice.o(.text.__rt_ffs)
    cmd_free                                 0x90003a09   Thumb Code    10  msh.o(.text.cmd_free)
    cmd_ps                                   0x90003a19   Thumb Code    10  msh.o(.text.cmd_ps)
    finsh_get_prompt                         0x90003a59   Thumb Code   150  shell.o(.text.finsh_get_prompt)
    finsh_set_prompt_mode                    0x90003af9   Thumb Code    32  shell.o(.text.finsh_set_prompt_mode)
    finsh_system_function_init               0x90003b19   Thumb Code    22  shell.o(.text.finsh_system_function_init)
    finsh_system_init                        0x90003b31   Thumb Code   164  shell.o(.text.finsh_system_init)
    finsh_thread_entry                       0x90003bd9   Thumb Code   880  shell.o(.text.finsh_thread_entry)
    gpio_init                                0x90003f49   Thumb Code    10  gpio.o(.text.gpio_init)
    hello                                    0x90003fd1   Thumb Code    32  cmd.o(.text.hello)
    list                                     0x90003ff1   Thumb Code   128  cmd.o(.text.list)
    list_mailbox                             0x90004101   Thumb Code   332  cmd.o(.text.list_mailbox)
    list_mem                                 0x90004251   Thumb Code   124  mem.o(.text.list_mem)
    list_sem                                 0x900042d1   Thumb Code   300  cmd.o(.text.list_sem)
    list_thread                              0x90004401   Thumb Code   384  cmd.o(.text.list_thread)
    list_timer                               0x90004581   Thumb Code   316  cmd.o(.text.list_timer)
    $Super$$main                             0x900046c1   Thumb Code   112  main.o(.text.main)
    main_thread_entry                        0x90004731   Thumb Code    12  components.o(.text.main_thread_entry)
    msh_auto_complete                        0x90004819   Thumb Code   192  msh.o(.text.msh_auto_complete)
    msh_exec                                 0x900048d9   Thumb Code   112  msh.o(.text.msh_exec)
    msh_help                                 0x900049b1   Thumb Code   144  msh.o(.text.msh_help)
    msh_is_used                              0x90004a41   Thumb Code     4  msh.o(.text.msh_is_used)
    rt_application_init                      0x90004da1   Thumb Code    52  components.o(.text.rt_application_init)
    rt_calloc                                0x90004dd9   Thumb Code    30  mem.o(.text.rt_calloc)
    rt_components_board_init                 0x90004df9   Thumb Code    44  components.o(.text.rt_components_board_init)
    rt_components_init                       0x90004e29   Thumb Code    44  components.o(.text.rt_components_init)
    rt_enter_critical                        0x90004e59   Thumb Code    26  scheduler.o(.text.rt_enter_critical)
    rt_exit_critical                         0x90004e79   Thumb Code    62  scheduler.o(.text.rt_exit_critical)
    rt_free                                  0x90004eb9   Thumb Code   240  mem.o(.text.rt_free)
    rt_heap_begin_get                        0x90004fa9   Thumb Code    10  board.o(.text.rt_heap_begin_get)
    rt_heap_end_get                          0x90004fb9   Thumb Code    14  board.o(.text.rt_heap_end_get)
    rt_hw_board_init                         0x90004fc9   Thumb Code   176  board.o(.text.rt_hw_board_init)
    rt_hw_console_getchar                    0x90005079   Thumb Code    36  board.o(.text.rt_hw_console_getchar)
    rt_hw_console_output                     0x900050a1   Thumb Code    96  board.o(.text.rt_hw_console_output)
    rt_hw_cpu_reset                          0x90005101   Thumb Code    18  cpuport.o(.text.rt_hw_cpu_reset)
    rt_hw_hard_fault_exception               0x90005119   Thumb Code   420  cpuport.o(.text.rt_hw_hard_fault_exception)
    rt_hw_stack_init                         0x900052c1   Thumb Code    72  cpuport.o(.text.rt_hw_stack_init)
    rt_interrupt_enter                       0x90005309   Thumb Code    26  irq.o(.text.rt_interrupt_enter)
    rt_interrupt_leave                       0x90005329   Thumb Code    26  irq.o(.text.rt_interrupt_leave)
    rt_kprintf                               0x900053c1   Thumb Code    50  kservice.o(.text.rt_kprintf)
    rt_malloc                                0x90005529   Thumb Code   370  mem.o(.text.rt_malloc)
    rt_memmove                               0x900056a1   Thumb Code    66  kservice.o(.text.rt_memmove)
    rt_memset                                0x900056e9   Thumb Code   104  kservice.o(.text.rt_memset)
    rt_object_allocate                       0x90005751   Thumb Code    80  object.o(.text.rt_object_allocate)
    rt_object_delete                         0x900057a1   Thumb Code    36  object.o(.text.rt_object_delete)
    rt_object_detach                         0x900057c9   Thumb Code    30  object.o(.text.rt_object_detach)
    rt_object_get_information                0x900057e9   Thumb Code    32  object.o(.text.rt_object_get_information)
    rt_object_init                           0x90005809   Thumb Code    80  object.o(.text.rt_object_init)
    rt_object_is_systemobject                0x90005859   Thumb Code     6  object.o(.text.rt_object_is_systemobject)
    rt_schedule                              0x90005861   Thumb Code   122  scheduler.o(.text.rt_schedule)
    rt_schedule_insert_thread                0x900058e1   Thumb Code    72  scheduler.o(.text.rt_schedule_insert_thread)
    rt_schedule_remove_thread                0x90005929   Thumb Code    66  scheduler.o(.text.rt_schedule_remove_thread)
    rt_sem_init                              0x90005971   Thumb Code    30  ipc.o(.text.rt_sem_init)
    rt_sem_release                           0x90005991   Thumb Code    78  ipc.o(.text.rt_sem_release)
    rt_sem_take                              0x900059e1   Thumb Code   122  ipc.o(.text.rt_sem_take)
    rt_show_version                          0x90005a61   Thumb Code   184  kservice.o(.text.rt_show_version)
    rt_strlen                                0x90005b19   Thumb Code    16  kservice.o(.text.rt_strlen)
    rt_strncpy                               0x90005b29   Thumb Code    50  kservice.o(.text.rt_strncpy)
    rt_system_heap_init                      0x90005b61   Thumb Code   208  mem.o(.text.rt_system_heap_init)
    rt_system_scheduler_init                 0x90005c31   Thumb Code    86  scheduler.o(.text.rt_system_scheduler_init)
    rt_system_scheduler_start                0x90005c89   Thumb Code    54  scheduler.o(.text.rt_system_scheduler_start)
    rt_system_timer_init                     0x90005cc1   Thumb Code    16  timer.o(.text.rt_system_timer_init)
    rt_system_timer_thread_init              0x90005cd1   Thumb Code     2  timer.o(.text.rt_system_timer_thread_init)
    rt_thread_create                         0x90005cd9   Thumb Code    72  thread.o(.text.rt_thread_create)
    rt_thread_exit                           0x90005d21   Thumb Code    82  thread.o(.text.rt_thread_exit)
    rt_thread_idle_excute                    0x90005d81   Thumb Code    78  idle.o(.text.rt_thread_idle_excute)
    rt_thread_idle_init                      0x90005dd1   Thumb Code    72  idle.o(.text.rt_thread_idle_init)
    rt_thread_init                           0x90005e19   Thumb Code    52  thread.o(.text.rt_thread_init)
    rt_thread_mdelay                         0x90005e51   Thumb Code    14  thread.o(.text.rt_thread_mdelay)
    rt_thread_resume                         0x90005e61   Thumb Code    60  thread.o(.text.rt_thread_resume)
    rt_thread_self                           0x90005ea1   Thumb Code    12  thread.o(.text.rt_thread_self)
    rt_thread_sleep                          0x90005eb1   Thumb Code    76  thread.o(.text.rt_thread_sleep)
    rt_thread_startup                        0x90005f01   Thumb Code    42  thread.o(.text.rt_thread_startup)
    rt_thread_suspend                        0x90005f31   Thumb Code    66  thread.o(.text.rt_thread_suspend)
    rt_thread_timeout                        0x90005f79   Thumb Code    30  thread.o(.text.rt_thread_timeout)
    rt_thread_yield                          0x90005f99   Thumb Code    94  thread.o(.text.rt_thread_yield)
    rt_tick_from_millisecond                 0x90005ff9   Thumb Code    58  clock.o(.text.rt_tick_from_millisecond)
    rt_tick_get                              0x90006039   Thumb Code    12  clock.o(.text.rt_tick_get)
    rt_tick_increase                         0x90006049   Thumb Code    48  clock.o(.text.rt_tick_increase)
    rt_timer_check                           0x90006079   Thumb Code   174  timer.o(.text.rt_timer_check)
    rt_timer_control                         0x90006129   Thumb Code    82  timer.o(.text.rt_timer_control)
    rt_timer_detach                          0x90006181   Thumb Code    40  timer.o(.text.rt_timer_detach)
    rt_timer_init                            0x900061a9   Thumb Code    44  timer.o(.text.rt_timer_init)
    rt_timer_start                           0x900061d9   Thumb Code   130  timer.o(.text.rt_timer_start)
    rt_timer_stop                            0x90006261   Thumb Code    46  timer.o(.text.rt_timer_stop)
    rt_vsnprintf                             0x90006291   Thumb Code   784  kservice.o(.text.rt_vsnprintf)
    rtthread_startup                         0x900065c1   Thumb Code    42  components.o(.text.rtthread_startup)
    spi6_init                                0x900066b1   Thumb Code    10  spi.o(.text.spi6_init)
    version                                  0x900067d1   Thumb Code    10  cmd.o(.text.version)
    __scatterload_copy                       0x900067db   Thumb Code    14  handlers.o(i.__scatterload_copy)
    __scatterload_null                       0x900067e9   Thumb Code     2  handlers.o(i.__scatterload_null)
    __scatterload_zeroinit                   0x900067eb   Thumb Code    14  handlers.o(i.__scatterload_zeroinit)
    D1CorePrescTable                         0x900067f8   Data          16  system_stm32h7xx.o(.rodata.D1CorePrescTable)
    UARTPrescTable                           0x90006808   Data          24  stm32h7xx_hal_uart.o(.rodata.UARTPrescTable)
    __lowest_bit_bitmap                      0x90006820   Data         256  kservice.o(.rodata.__lowest_bit_bitmap)
    __fsym_list_mem_name                     0x90006930   Data           9  mem.o(.rodata.name)
    __fsym_list_mem_desc                     0x90006939   Data          30  mem.o(.rodata.name)
    __fsym_hello_name                        0x90006957   Data           6  cmd.o(.rodata.name)
    __fsym_hello_desc                        0x9000695d   Data          16  cmd.o(.rodata.name)
    __fsym_version_name                      0x9000696d   Data           8  cmd.o(.rodata.name)
    __fsym_version_desc                      0x90006975   Data          35  cmd.o(.rodata.name)
    __fsym___cmd_version_name                0x90006998   Data          14  cmd.o(.rodata.name)
    __fsym___cmd_version_desc                0x900069a6   Data          35  cmd.o(.rodata.name)
    __fsym_list_thread_name                  0x900069c9   Data          12  cmd.o(.rodata.name)
    __fsym_list_thread_desc                  0x900069d5   Data          12  cmd.o(.rodata.name)
    __fsym___cmd_list_thread_name            0x900069e1   Data          18  cmd.o(.rodata.name)
    __fsym___cmd_list_thread_desc            0x900069f3   Data          12  cmd.o(.rodata.name)
    __fsym_list_sem_name                     0x900069ff   Data           9  cmd.o(.rodata.name)
    __fsym_list_sem_desc                     0x90006a08   Data          25  cmd.o(.rodata.name)
    __fsym___cmd_list_sem_name               0x90006a21   Data          15  cmd.o(.rodata.name)
    __fsym___cmd_list_sem_desc               0x90006a30   Data          25  cmd.o(.rodata.name)
    __fsym_list_mailbox_name                 0x90006a49   Data          13  cmd.o(.rodata.name)
    __fsym_list_mailbox_desc                 0x90006a56   Data          24  cmd.o(.rodata.name)
    __fsym___cmd_list_mailbox_name           0x90006a6e   Data          19  cmd.o(.rodata.name)
    __fsym___cmd_list_mailbox_desc           0x90006a81   Data          24  cmd.o(.rodata.name)
    __fsym_list_timer_name                   0x90006a99   Data          11  cmd.o(.rodata.name)
    __fsym_list_timer_desc                   0x90006aa4   Data          21  cmd.o(.rodata.name)
    __fsym___cmd_list_timer_name             0x90006ab9   Data          17  cmd.o(.rodata.name)
    __fsym___cmd_list_timer_desc             0x90006aca   Data          21  cmd.o(.rodata.name)
    __fsym_list_name                         0x90006adf   Data           5  cmd.o(.rodata.name)
    __fsym_list_desc                         0x90006ae4   Data          26  cmd.o(.rodata.name)
    __fsym___cmd_help_name                   0x90006afe   Data          11  msh.o(.rodata.name)
    __fsym___cmd_help_desc                   0x90006b09   Data          22  msh.o(.rodata.name)
    __fsym___cmd_ps_name                     0x90006b1f   Data           9  msh.o(.rodata.name)
    __fsym___cmd_ps_desc                     0x90006b28   Data          28  msh.o(.rodata.name)
    __fsym___cmd_free_name                   0x90006b44   Data          11  msh.o(.rodata.name)
    __fsym___cmd_free_desc                   0x90006b4f   Data          37  msh.o(.rodata.name)
    __fsym___cmd_reboot_name                 0x90006b74   Data          13  user_cmd.o(.rodata.name)
    __fsym___cmd_reboot_desc                 0x90006b81   Data          14  user_cmd.o(.rodata.name)
    __fsym___cmd_clear_name                  0x90006b8f   Data          12  user_cmd.o(.rodata.name)
    __fsym___cmd_clear_desc                  0x90006b9b   Data          26  user_cmd.o(.rodata.name)
    __fsym___cmd_SPI_W25Qxx_Init_name        0x90006bb5   Data          22  w25q64.o(.rodata.name)
    __fsym___cmd_SPI_W25Qxx_Init_desc        0x90006bcb   Data          20  w25q64.o(.rodata.name)
    __rt_init_rti_start                      0x90006d28   Data           4  components.o(.rti_fn.0)
    __rt_init_rti_board_start                0x90006d2c   Data           4  components.o(.rti_fn.0.end)
    __rt_init_gpio_init                      0x90006d30   Data           4  gpio.o(.rti_fn.1)
    __rt_init_spi6_init                      0x90006d34   Data           4  spi.o(.rti_fn.1)
    __rt_init_uart_init                      0x90006d38   Data           4  board.o(.rti_fn.1)
    __rt_init_rti_board_end                  0x90006d3c   Data           4  components.o(.rti_fn.1.end)
    __rt_init_finsh_system_init              0x90006d40   Data           4  shell.o(.rti_fn.6)
    __rt_init_rti_end                        0x90006d44   Data           4  components.o(.rti_fn.6.end)
    FSymTab$$Base                            0x90006d48   Number         0  mem.o(FSymTab)
    __fsym_list_mem                          0x90006d48   Data          12  mem.o(FSymTab)
    __fsym_hello                             0x90006d54   Data          12  cmd.o(FSymTab)
    __fsym_version                           0x90006d60   Data          12  cmd.o(FSymTab)
    __fsym___cmd_version                     0x90006d6c   Data          12  cmd.o(FSymTab)
    __fsym_list_thread                       0x90006d78   Data          12  cmd.o(FSymTab)
    __fsym___cmd_list_thread                 0x90006d84   Data          12  cmd.o(FSymTab)
    __fsym_list_sem                          0x90006d90   Data          12  cmd.o(FSymTab)
    __fsym___cmd_list_sem                    0x90006d9c   Data          12  cmd.o(FSymTab)
    __fsym_list_mailbox                      0x90006da8   Data          12  cmd.o(FSymTab)
    __fsym___cmd_list_mailbox                0x90006db4   Data          12  cmd.o(FSymTab)
    __fsym_list_timer                        0x90006dc0   Data          12  cmd.o(FSymTab)
    __fsym___cmd_list_timer                  0x90006dcc   Data          12  cmd.o(FSymTab)
    __fsym_list                              0x90006dd8   Data          12  cmd.o(FSymTab)
    __fsym___cmd_help                        0x90006de4   Data          12  msh.o(FSymTab)
    __fsym___cmd_ps                          0x90006df0   Data          12  msh.o(FSymTab)
    __fsym___cmd_free                        0x90006dfc   Data          12  msh.o(FSymTab)
    __fsym___cmd_reboot                      0x90006e08   Data          12  user_cmd.o(FSymTab)
    __fsym___cmd_clear                       0x90006e14   Data          12  user_cmd.o(FSymTab)
    __fsym___cmd_SPI_W25Qxx_Init             0x90006e20   Data          12  w25q64.o(FSymTab)
    FSymTab$$Limit                           0x90006e2c   Number         0  w25q64.o(FSymTab)
    Region$$Table$$Base                      0x90006e2c   Number         0  anon$$obj.o(Region$$Table)
    Region$$Table$$Limit                     0x90006e4c   Number         0  anon$$obj.o(Region$$Table)



==============================================================================

Memory Map of the image

  Image Entry point : 0x90000299

  Load Region LR_ROM1 (Base: 0x90000000, Size: 0x00006ea0, Max: 0x00800000, ABSOLUTE)

    Execution Region RW_IRAM1 (Exec base: 0x20000000, Load base: 0x90006e4c, Size: 0x00000000, Max: 0x00020000, ABSOLUTE)

    **** No section assigned to this execution region ****


    Execution Region RW_IRAM2 (Exec base: 0x24000000, Load base: 0x90006e50, Size: 0x00004670, Max: 0x00080000, ABSOLUTE)

    Exec Addr    Load Addr    Size         Type   Attr      Idx    E Section Name        Object

    0x24000000   0x90006e50   0x00000004   Data   RW         1313    .data.SystemCoreClock  system_stm32h7xx.o
    0x24000004   0x90006e54   0x00000004   Data   RW         1314    .data.SystemD2Clock  system_stm32h7xx.o
    0x24000008   0x90006e58   0x00000040   Data   RW         1598    .data.rt_object_container  object.o
    0x24000048   0x90006e98   0x00000001   Data   RW          765    .data.uwTickFreq    stm32h7xx_hal.o
    0x24000049   0x90006e99   0x00000003   PAD
    0x2400004c   0x90006e9c   0x00000004   Data   RW          764    .data.uwTickPrio    stm32h7xx_hal.o
    0x24000050        -       0x00000004   Zero   RW         1847    .bss._syscall_table_begin  shell.o
    0x24000054        -       0x00000004   Zero   RW         1848    .bss._syscall_table_end  shell.o
    0x24000058        -       0x00000101   Zero   RW         1852    .bss.finsh_get_prompt.finsh_prompt  shell.o
    0x24000159   0x90006ea0   0x00000003   PAD
    0x2400015c        -       0x00000004   Zero   RW         1851    .bss.finsh_prompt_custom  shell.o
    0x24000160        -       0x00000004   Zero   RW         1555    .bss.heap_end       mem.o
    0x24000164        -       0x00000004   Zero   RW         1554    .bss.heap_ptr       mem.o
    0x24000168        -       0x00000020   Zero   RW         1556    .bss.heap_sem       mem.o
    0x24000188        -       0x00000088   Zero   RW           45    .bss.hspi6          spi.o
    0x24000210        -       0x00000094   Zero   RW           61    .bss.huart1         usart.o
    0x240002a4        -       0x00000078   Zero   RW         1388    .bss.idle           idle.o
    0x2400031c        -       0x00000004   Zero   RW         1557    .bss.lfree          mem.o
    0x24000320        -       0x00000004   Zero   RW         1559    .bss.max_mem        mem.o
    0x24000324        -       0x00000004   Zero   RW         1553    .bss.mem_size_aligned  mem.o
    0x24000328        -       0x00000001   Zero   RW         1634    .bss.rt_current_priority  scheduler.o
    0x24000329   0x90006ea0   0x00000003   PAD
    0x2400032c        -       0x00000004   Zero   RW         1631    .bss.rt_current_thread  scheduler.o
    0x24000330        -       0x00000004   Zero   RW         1919    .bss.rt_exception_hook  cpuport.o
    0x24000334        -       0x00003c00   Zero   RW         1950    .bss.rt_heap        board.o
    0x24003f34        -       0x00000004   Zero   RW         1921    .bss.rt_interrupt_from_thread  cpuport.o
    0x24003f38        -       0x00000001   Zero   RW         1458    .bss.rt_interrupt_nest  irq.o
    0x24003f39   0x90006ea0   0x00000003   PAD
    0x24003f3c        -       0x00000004   Zero   RW         1922    .bss.rt_interrupt_to_thread  cpuport.o
    0x24003f40        -       0x00000100   Zero   RW         1527    .bss.rt_kprintf.rt_log_buf  kservice.o
    0x24004040        -       0x00000002   Zero   RW         1632    .bss.rt_scheduler_lock_nest  scheduler.o
    0x24004042   0x90006ea0   0x00000002   PAD
    0x24004044        -       0x00000008   Zero   RW         1636    .bss.rt_thread_defunct  scheduler.o
    0x2400404c        -       0x00000100   Zero   RW         1633    .bss.rt_thread_priority_table  scheduler.o
    0x2400414c        -       0x00000004   Zero   RW         1635    .bss.rt_thread_ready_priority_group  scheduler.o
    0x24004150        -       0x00000100   Zero   RW         1389    .bss.rt_thread_stack  idle.o
    0x24004250        -       0x00000004   Zero   RW         1923    .bss.rt_thread_switch_interrupt_flag  cpuport.o
    0x24004254        -       0x00000004   Zero   RW         1334    .bss.rt_tick        clock.o
    0x24004258        -       0x00000008   Zero   RW         1737    .bss.rt_timer_list  timer.o
    0x24004260        -       0x00000004   Zero   RW         1736    .bss.rt_timer_start.random_nr  timer.o
    0x24004264        -       0x00000004   Zero   RW         1853    .bss.shell          shell.o
    0x24004268        -       0x00000004   Zero   RW         1558    .bss.used_mem       mem.o
    0x2400426c   0x90006ea0   0x00000004   PAD
    0x24004270        -       0x00000400   Zero   RW            1    STACK               startup_stm32h750xx.o


    Execution Region ER_ROM1 (Exec base: 0x90000000, Load base: 0x90000000, Size: 0x00006e4c, Max: 0x00800000, ABSOLUTE)

    Exec Addr    Load Addr    Size         Type   Attr      Idx    E Section Name        Object

    0x90000000   0x90000000   0x00000298   Data   RO            3    RESET               startup_stm32h750xx.o
    0x90000298   0x90000298   0x00000000   Code   RO         2011  * .ARM.Collect$$$$00000000  mc_w.l(entry.o)
    0x90000298   0x90000298   0x00000004   Code   RO         2026    .ARM.Collect$$$$00000001  mc_w.l(entry2.o)
    0x9000029c   0x9000029c   0x00000004   Code   RO         2029    .ARM.Collect$$$$00000004  mc_w.l(entry5.o)
    0x900002a0   0x900002a0   0x00000000   Code   RO         2031    .ARM.Collect$$$$00000008  mc_w.l(entry7b.o)
    0x900002a0   0x900002a0   0x00000000   Code   RO         2033    .ARM.Collect$$$$0000000A  mc_w.l(entry8b.o)
    0x900002a0   0x900002a0   0x00000008   Code   RO         2034    .ARM.Collect$$$$0000000B  mc_w.l(entry9a.o)
    0x900002a8   0x900002a8   0x00000000   Code   RO         2036    .ARM.Collect$$$$0000000D  mc_w.l(entry10a.o)
    0x900002a8   0x900002a8   0x00000000   Code   RO         2038    .ARM.Collect$$$$0000000F  mc_w.l(entry11a.o)
    0x900002a8   0x900002a8   0x00000004   Code   RO         2027    .ARM.Collect$$$$00002712  mc_w.l(entry2.o)
    0x900002ac   0x900002ac   0x00000024   Code   RO            4    .text               startup_stm32h750xx.o
    0x900002d0   0x900002d0   0x00000134   Code   RO         1872    .text               context_rvds.o
    0x90000404   0x90000404   0x00000062   Code   RO         2014    .text               mc_w.l(uldiv.o)
    0x90000466   0x90000466   0x00000024   Code   RO         2016    .text               mc_w.l(memseta.o)
    0x9000048a   0x9000048a   0x00000018   Code   RO         2018    .text               mc_w.l(strncpy.o)
    0x900004a2   0x900004a2   0x0000000e   Code   RO         2020    .text               mc_w.l(strlen.o)
    0x900004b0   0x900004b0   0x0000001e   Code   RO         2024    .text               mc_w.l(strncmp.o)
    0x900004ce   0x900004ce   0x0000001e   Code   RO         2040    .text               mc_w.l(llshl.o)
    0x900004ec   0x900004ec   0x00000020   Code   RO         2042    .text               mc_w.l(llushr.o)
    0x9000050c   0x9000050c   0x00000024   Code   RO         2044    .text               mc_w.l(init.o)
    0x90000530   0x90000530   0x0000000a   Code   RO         1355    .text.$Sub$$main    components.o
    0x9000053a   0x9000053a   0x00000006   PAD
    0x90000540   0x90000540   0x00000002   Code   RO           72    .text.BusFault_Handler  stm32h7xx_it.o
    0x90000542   0x90000542   0x00000006   PAD
    0x90000548   0x90000548   0x00000002   Code   RO           78    .text.DebugMon_Handler  stm32h7xx_it.o
    0x9000054a   0x9000054a   0x00000006   PAD
    0x90000550   0x90000550   0x0000000a   Code   RO           15    .text.Error_Handler  main.o
    0x9000055a   0x9000055a   0x00000006   PAD
    0x90000560   0x90000560   0x000001a0   Code   RO          366    .text.HAL_GPIO_Init  stm32h7xx_hal_gpio.o
    0x90000700   0x90000700   0x0000000a   Code   RO          372    .text.HAL_GPIO_WritePin  stm32h7xx_hal_gpio.o
    0x9000070a   0x9000070a   0x00000006   PAD
    0x90000710   0x90000710   0x0000000e   Code   RO          696    .text.HAL_GetREVID  stm32h7xx_hal.o
    0x9000071e   0x9000071e   0x00000002   PAD
    0x90000720   0x90000720   0x00000008   Code   RO         1940    .text.HAL_GetTick   board.o
    0x90000728   0x90000728   0x00000064   Code   RO          668    .text.HAL_Init      stm32h7xx_hal.o
    0x9000078c   0x9000078c   0x00000004   PAD
    0x90000790   0x90000790   0x00000054   Code   RO          670    .text.HAL_InitTick  stm32h7xx_hal.o
    0x900007e4   0x900007e4   0x00000004   PAD
    0x900007e8   0x900007e8   0x00000020   Code   RO           87    .text.HAL_MspInit   stm32h7xx_hal_msp.o
    0x90000808   0x90000808   0x0000001e   Code   RO           99    .text.HAL_NVIC_SetPriority  stm32h7xx_hal_cortex.o
    0x90000826   0x90000826   0x00000002   PAD
    0x90000828   0x90000828   0x00000008   Code   RO           95    .text.HAL_NVIC_SetPriorityGrouping  stm32h7xx_hal_cortex.o
    0x90000830   0x90000830   0x00000048   Code   RO          580    .text.HAL_PWREx_ConfigSupply  stm32h7xx_hal_pwr_ex.o
    0x90000878   0x90000878   0x00000026   Code   RO          221    .text.HAL_RCCEx_GetD3PCLK1Freq  stm32h7xx_hal_rcc_ex.o
    0x9000089e   0x9000089e   0x00000002   PAD
    0x900008a0   0x900008a0   0x00000128   Code   RO          217    .text.HAL_RCCEx_GetPLL2ClockFreq  stm32h7xx_hal_rcc_ex.o
    0x900009c8   0x900009c8   0x00000128   Code   RO          219    .text.HAL_RCCEx_GetPLL3ClockFreq  stm32h7xx_hal_rcc_ex.o
    0x90000af0   0x90000af0   0x00000a10   Code   RO          205    .text.HAL_RCCEx_PeriphCLKConfig  stm32h7xx_hal_rcc_ex.o
    0x90001500   0x90001500   0x00000250   Code   RO          173    .text.HAL_RCC_ClockConfig  stm32h7xx_hal_rcc.o
    0x90001750   0x90001750   0x0000004c   Code   RO          183    .text.HAL_RCC_GetHCLKFreq  stm32h7xx_hal_rcc.o
    0x9000179c   0x9000179c   0x00000004   PAD
    0x900017a0   0x900017a0   0x00000026   Code   RO          185    .text.HAL_RCC_GetPCLK1Freq  stm32h7xx_hal_rcc.o
    0x900017c6   0x900017c6   0x00000002   PAD
    0x900017c8   0x900017c8   0x00000026   Code   RO          187    .text.HAL_RCC_GetPCLK2Freq  stm32h7xx_hal_rcc.o
    0x900017ee   0x900017ee   0x00000002   PAD
    0x900017f0   0x900017f0   0x00000108   Code   RO          175    .text.HAL_RCC_GetSysClockFreq  stm32h7xx_hal_rcc.o
    0x900018f8   0x900018f8   0x00000532   Code   RO          171    .text.HAL_RCC_OscConfig  stm32h7xx_hal_rcc.o
    0x90001e2a   0x90001e2a   0x00000006   PAD
    0x90001e30   0x90001e30   0x00000188   Code   RO          991    .text.HAL_SPI_Init  stm32h7xx_hal_spi.o
    0x90001fb8   0x90001fb8   0x000000be   Code   RO           39    .text.HAL_SPI_MspInit  spi.o
    0x90002076   0x90002076   0x00000002   PAD
    0x90002078   0x90002078   0x00000268   Code   RO         1009    .text.HAL_SPI_TransmitReceive  stm32h7xx_hal_spi.o
    0x900022e0   0x900022e0   0x00000008   Code   RO          119    .text.HAL_SYSTICK_Config  stm32h7xx_hal_cortex.o
    0x900022e8   0x900022e8   0x00000036   Code   RO         1286    .text.HAL_UARTEx_DisableFifoMode  stm32h7xx_hal_uart_ex.o
    0x9000231e   0x9000231e   0x00000002   PAD
    0x90002320   0x90002320   0x0000004a   Code   RO         1290    .text.HAL_UARTEx_SetRxFifoThreshold  stm32h7xx_hal_uart_ex.o
    0x9000236a   0x9000236a   0x00000006   PAD
    0x90002370   0x90002370   0x0000004a   Code   RO         1288    .text.HAL_UARTEx_SetTxFifoThreshold  stm32h7xx_hal_uart_ex.o
    0x900023ba   0x900023ba   0x00000006   PAD
    0x900023c0   0x900023c0   0x00000062   Code   RO         1115    .text.HAL_UART_Init  stm32h7xx_hal_uart.o
    0x90002422   0x90002422   0x00000006   PAD
    0x90002428   0x90002428   0x00000090   Code   RO           57    .text.HAL_UART_MspInit  usart.o
    0x900024b8   0x900024b8   0x000000c6   Code   RO         1135    .text.HAL_UART_Transmit  stm32h7xx_hal_uart.o
    0x9000257e   0x9000257e   0x00000002   PAD
    0x90002580   0x90002580   0x0000008a   Code   RO           25    .text.MX_GPIO_Init  gpio.o
    0x9000260a   0x9000260a   0x00000006   PAD
    0x90002610   0x90002610   0x00000052   Code   RO           37    .text.MX_SPI6_Init  spi.o
    0x90002662   0x90002662   0x00000006   PAD
    0x90002668   0x90002668   0x0000007a   Code   RO           55    .text.MX_USART1_UART_Init  usart.o
    0x900026e2   0x900026e2   0x00000006   PAD
    0x900026e8   0x900026e8   0x00000002   Code   RO           70    .text.NMI_Handler   stm32h7xx_it.o
    0x900026ea   0x900026ea   0x00000006   PAD
    0x900026f0   0x900026f0   0x0000002e   Code   RO          105    .text.NVIC_EncodePriority  stm32h7xx_hal_cortex.o
    0x9000271e   0x9000271e   0x00000002   PAD
    0x90002720   0x90002720   0x0000011e   Code   RO          207    .text.RCCEx_PLL2_Config  stm32h7xx_hal_rcc_ex.o
    0x9000283e   0x9000283e   0x00000002   PAD
    0x90002840   0x90002840   0x0000011e   Code   RO          209    .text.RCCEx_PLL3_Config  stm32h7xx_hal_rcc_ex.o
    0x9000295e   0x9000295e   0x00000002   PAD
    0x90002960   0x90002960   0x000000b6   Code   RO         1003    .text.SPI_CloseTransfer  stm32h7xx_hal_spi.o
    0x90002a16   0x90002a16   0x00000002   PAD
    0x90002a18   0x90002a18   0x00000012   Code   RO          993    .text.SPI_GetPacketSize  stm32h7xx_hal_spi.o
    0x90002a2a   0x90002a2a   0x00000006   PAD
    0x90002a30   0x90002a30   0x00000064   Code   RO         1974    .text.SPI_W25Qxx_Init  w25q64.o
    0x90002a94   0x90002a94   0x00000004   PAD
    0x90002a98   0x90002a98   0x00000048   Code   RO         1976    .text.SPI_W25Qxx_ReadID  w25q64.o
    0x90002ae0   0x90002ae0   0x0000002e   Code   RO         1005    .text.SPI_WaitOnFlagUntilTimeout  stm32h7xx_hal_spi.o
    0x90002b0e   0x90002b0e   0x00000002   PAD
    0x90002b10   0x90002b10   0x00000002   Code   RO           76    .text.SVC_Handler   stm32h7xx_it.o
    0x90002b12   0x90002b12   0x00000006   PAD
    0x90002b18   0x90002b18   0x0000002e   Code   RO          121    .text.SysTick_Config  stm32h7xx_hal_cortex.o
    0x90002b46   0x90002b46   0x00000002   PAD
    0x90002b48   0x90002b48   0x00000010   Code   RO         1938    .text.SysTick_Handler  board.o
    0x90002b58   0x90002b58   0x00000104   Code   RO           13    .text.SystemClock_Config  main.o
    0x90002c5c   0x90002c5c   0x00000004   PAD
    0x90002c60   0x90002c60   0x00000140   Code   RO         1311    .text.SystemCoreClockUpdate  system_stm32h7xx.o
    0x90002da0   0x90002da0   0x000000da   Code   RO         1309    .text.SystemInit    system_stm32h7xx.o
    0x90002e7a   0x90002e7a   0x00000006   PAD
    0x90002e80   0x90002e80   0x00000054   Code   RO         1284    .text.UARTEx_SetNbDataToProcess  stm32h7xx_hal_uart_ex.o
    0x90002ed4   0x90002ed4   0x00000004   PAD
    0x90002ed8   0x90002ed8   0x000000e0   Code   RO         1121    .text.UART_AdvFeatureConfig  stm32h7xx_hal_uart.o
    0x90002fb8   0x90002fb8   0x000000b8   Code   RO         1123    .text.UART_CheckIdleState  stm32h7xx_hal_uart.o
    0x90003070   0x90003070   0x0000005a   Code   RO         1175    .text.UART_EndRxTransfer  stm32h7xx_hal_uart.o
    0x900030ca   0x900030ca   0x00000006   PAD
    0x900030d0   0x900030d0   0x00000582   Code   RO         1119    .text.UART_SetConfig  stm32h7xx_hal_uart.o
    0x90003652   0x90003652   0x00000006   PAD
    0x90003658   0x90003658   0x000000ba   Code   RO         1137    .text.UART_WaitOnFlagUntilTimeout  stm32h7xx_hal_uart.o
    0x90003712   0x90003712   0x00000006   PAD
    0x90003718   0x90003718   0x00000002   Code   RO           74    .text.UsageFault_Handler  stm32h7xx_it.o
    0x9000371a   0x9000371a   0x00000006   PAD
    0x90003720   0x90003720   0x00000010   Code   RO          101    .text.__NVIC_GetPriorityGrouping  stm32h7xx_hal_cortex.o
    0x90003730   0x90003730   0x00000022   Code   RO          103    .text.__NVIC_SetPriority  stm32h7xx_hal_cortex.o
    0x90003752   0x90003752   0x00000006   PAD
    0x90003758   0x90003758   0x00000020   Code   RO           97    .text.__NVIC_SetPriorityGrouping  stm32h7xx_hal_cortex.o
    0x90003778   0x90003778   0x00000038   Code   RO         1521    .text.__rt_ffs      kservice.o
    0x900037b0   0x900037b0   0x00000012   Code   RO         1378    .text._has_defunct_thread  idle.o
    0x900037c2   0x900037c2   0x00000006   PAD
    0x900037c8   0x900037c8   0x00000064   Code   RO         1802    .text._msh_exec_cmd  msh.o
    0x9000382c   0x9000382c   0x00000004   PAD
    0x90003830   0x90003830   0x00000082   Code   RO         1654    .text._rt_thread_init  thread.o
    0x900038b2   0x900038b2   0x00000006   PAD
    0x900038b8   0x900038b8   0x00000020   Code   RO         1702    .text._rt_timer_init  timer.o
    0x900038d8   0x900038d8   0x0000000a   Code   RO         1706    .text._rt_timer_remove  timer.o
    0x900038e2   0x900038e2   0x00000006   PAD
    0x900038e8   0x900038e8   0x0000001a   Code   RO         1648    .text._thread_cleanup_execute  thread.o
    0x90003902   0x90003902   0x00000006   PAD
    0x90003908   0x90003908   0x000000e8   Code   RO         1913    .text.bus_fault_track  cpuport.o
    0x900039f0   0x900039f0   0x00000014   Code   RO         1962    .text.clear         user_cmd.o
    0x90003a04   0x90003a04   0x00000004   PAD
    0x90003a08   0x90003a08   0x0000000a   Code   RO         1798    .text.cmd_free      msh.o
    0x90003a12   0x90003a12   0x00000006   PAD
    0x90003a18   0x90003a18   0x0000000a   Code   RO         1796    .text.cmd_ps        msh.o
    0x90003a22   0x90003a22   0x00000006   PAD
    0x90003a28   0x90003a28   0x0000002a   Code   RO         1523    .text.divide        kservice.o
    0x90003a52   0x90003a52   0x00000006   PAD
    0x90003a58   0x90003a58   0x00000096   Code   RO         1825    .text.finsh_get_prompt  shell.o
    0x90003aee   0x90003aee   0x00000002   PAD
    0x90003af0   0x90003af0   0x00000008   Code   RO         1837    .text.finsh_getchar  shell.o
    0x90003af8   0x90003af8   0x00000020   Code   RO         1829    .text.finsh_set_prompt_mode  shell.o
    0x90003b18   0x90003b18   0x00000016   Code   RO         1841    .text.finsh_system_function_init  shell.o
    0x90003b2e   0x90003b2e   0x00000002   PAD
    0x90003b30   0x90003b30   0x000000a4   Code   RO         1845    .text.finsh_system_init  shell.o
    0x90003bd4   0x90003bd4   0x00000004   PAD
    0x90003bd8   0x90003bd8   0x00000370   Code   RO         1835    .text.finsh_thread_entry  shell.o
    0x90003f48   0x90003f48   0x0000000a   Code   RO           27    .text.gpio_init     gpio.o
    0x90003f52   0x90003f52   0x00000006   PAD
    0x90003f58   0x90003f58   0x00000074   Code   RO         1907    .text.hard_fault_track  cpuport.o
    0x90003fcc   0x90003fcc   0x00000004   PAD
    0x90003fd0   0x90003fd0   0x00000020   Code   RO         1747    .text.hello         cmd.o
    0x90003ff0   0x90003ff0   0x00000080   Code   RO         1771    .text.list          cmd.o
    0x90004070   0x90004070   0x00000020   Code   RO         1753    .text.list_find_init  cmd.o
    0x90004090   0x90004090   0x0000006a   Code   RO         1757    .text.list_get_next  cmd.o
    0x900040fa   0x900040fa   0x00000006   PAD
    0x90004100   0x90004100   0x0000014c   Code   RO         1767    .text.list_mailbox  cmd.o
    0x9000424c   0x9000424c   0x00000004   PAD
    0x90004250   0x90004250   0x0000007c   Code   RO         1551    .text.list_mem      mem.o
    0x900042cc   0x900042cc   0x00000004   PAD
    0x900042d0   0x900042d0   0x0000012c   Code   RO         1759    .text.list_sem      cmd.o
    0x900043fc   0x900043fc   0x00000004   PAD
    0x90004400   0x90004400   0x00000180   Code   RO         1751    .text.list_thread   cmd.o
    0x90004580   0x90004580   0x0000013c   Code   RO         1769    .text.list_timer    cmd.o
    0x900046bc   0x900046bc   0x00000004   PAD
    0x900046c0   0x900046c0   0x00000070   Code   RO           11    .text.main          main.o
    0x90004730   0x90004730   0x0000000c   Code   RO         1359    .text.main_thread_entry  components.o
    0x9000473c   0x9000473c   0x00000004   PAD
    0x90004740   0x90004740   0x000000d8   Code   RO         1915    .text.mem_manage_fault_track  cpuport.o
    0x90004818   0x90004818   0x000000c0   Code   RO         1804    .text.msh_auto_complete  msh.o
    0x900048d8   0x900048d8   0x00000070   Code   RO         1800    .text.msh_exec      msh.o
    0x90004948   0x90004948   0x00000068   Code   RO         1808    .text.msh_get_cmd   msh.o
    0x900049b0   0x900049b0   0x00000090   Code   RO         1794    .text.msh_help      msh.o
    0x90004a40   0x90004a40   0x00000004   Code   RO         1792    .text.msh_is_used   msh.o
    0x90004a44   0x90004a44   0x00000004   PAD
    0x90004a48   0x90004a48   0x00000108   Code   RO         1810    .text.msh_split     msh.o
    0x90004b50   0x90004b50   0x00000018   Code   RO         1755    .text.object_split  cmd.o
    0x90004b68   0x90004b68   0x0000007c   Code   RO         1545    .text.plug_holes    mem.o
    0x90004be4   0x90004be4   0x00000004   PAD
    0x90004be8   0x90004be8   0x000001aa   Code   RO         1505    .text.print_number  kservice.o
    0x90004d92   0x90004d92   0x00000006   PAD
    0x90004d98   0x90004d98   0x00000008   Code   RO         1960    .text.reboot        user_cmd.o
    0x90004da0   0x90004da0   0x00000034   Code   RO         1361    .text.rt_application_init  components.o
    0x90004dd4   0x90004dd4   0x00000004   PAD
    0x90004dd8   0x90004dd8   0x0000001e   Code   RO         1547    .text.rt_calloc     mem.o
    0x90004df6   0x90004df6   0x00000002   PAD
    0x90004df8   0x90004df8   0x0000002c   Code   RO         1351    .text.rt_components_board_init  components.o
    0x90004e24   0x90004e24   0x00000004   PAD
    0x90004e28   0x90004e28   0x0000002c   Code   RO         1353    .text.rt_components_init  components.o
    0x90004e54   0x90004e54   0x00000004   PAD
    0x90004e58   0x90004e58   0x0000001a   Code   RO         1625    .text.rt_enter_critical  scheduler.o
    0x90004e72   0x90004e72   0x00000006   PAD
    0x90004e78   0x90004e78   0x0000003e   Code   RO         1627    .text.rt_exit_critical  scheduler.o
    0x90004eb6   0x90004eb6   0x00000002   PAD
    0x90004eb8   0x90004eb8   0x000000f0   Code   RO         1543    .text.rt_free       mem.o
    0x90004fa8   0x90004fa8   0x0000000a   Code   RO         1932    .text.rt_heap_begin_get  board.o
    0x90004fb2   0x90004fb2   0x00000006   PAD
    0x90004fb8   0x90004fb8   0x0000000e   Code   RO         1934    .text.rt_heap_end_get  board.o
    0x90004fc6   0x90004fc6   0x00000002   PAD
    0x90004fc8   0x90004fc8   0x000000b0   Code   RO         1942    .text.rt_hw_board_init  board.o
    0x90005078   0x90005078   0x00000024   Code   RO         1948    .text.rt_hw_console_getchar  board.o
    0x9000509c   0x9000509c   0x00000004   PAD
    0x900050a0   0x900050a0   0x00000060   Code   RO         1946    .text.rt_hw_console_output  board.o
    0x90005100   0x90005100   0x00000012   Code   RO         1911    .text.rt_hw_cpu_reset  cpuport.o
    0x90005112   0x90005112   0x00000006   PAD
    0x90005118   0x90005118   0x000001a4   Code   RO         1905    .text.rt_hw_hard_fault_exception  cpuport.o
    0x900052bc   0x900052bc   0x00000004   PAD
    0x900052c0   0x900052c0   0x00000048   Code   RO         1901    .text.rt_hw_stack_init  cpuport.o
    0x90005308   0x90005308   0x0000001a   Code   RO         1452    .text.rt_interrupt_enter  irq.o
    0x90005322   0x90005322   0x00000006   PAD
    0x90005328   0x90005328   0x0000001a   Code   RO         1454    .text.rt_interrupt_leave  irq.o
    0x90005342   0x90005342   0x00000006   PAD
    0x90005348   0x90005348   0x0000000c   Code   RO         1420    .text.rt_ipc_list_resume  ipc.o
    0x90005354   0x90005354   0x00000004   PAD
    0x90005358   0x90005358   0x00000056   Code   RO         1412    .text.rt_ipc_list_suspend  ipc.o
    0x900053ae   0x900053ae   0x00000002   PAD
    0x900053b0   0x900053b0   0x0000000a   Code   RO         1400    .text.rt_ipc_object_init  ipc.o
    0x900053ba   0x900053ba   0x00000006   PAD
    0x900053c0   0x900053c0   0x00000032   Code   RO         1499    .text.rt_kprintf    kservice.o
    0x900053f2   0x900053f2   0x00000006   PAD
    0x900053f8   0x900053f8   0x00000006   Code   RO         1426    .text.rt_list_init  ipc.o
    0x900053fe   0x900053fe   0x00000002   PAD
    0x90005400   0x90005400   0x00000006   Code   RO         1609    .text.rt_list_init  scheduler.o
    0x90005406   0x90005406   0x00000002   PAD
    0x90005408   0x90005408   0x00000006   Code   RO         1690    .text.rt_list_init  thread.o
    0x9000540e   0x9000540e   0x00000002   PAD
    0x90005410   0x90005410   0x00000006   Code   RO         1722    .text.rt_list_init  timer.o
    0x90005416   0x90005416   0x00000002   PAD
    0x90005418   0x90005418   0x0000000c   Code   RO         1582    .text.rt_list_insert_after  object.o
    0x90005424   0x90005424   0x00000004   PAD
    0x90005428   0x90005428   0x00000014   Code   RO         1650    .text.rt_list_insert_after  thread.o
    0x9000543c   0x9000543c   0x00000004   PAD
    0x90005440   0x90005440   0x0000000c   Code   RO         1714    .text.rt_list_insert_after  timer.o
    0x9000544c   0x9000544c   0x00000004   PAD
    0x90005450   0x90005450   0x0000000c   Code   RO         1442    .text.rt_list_insert_before  ipc.o
    0x9000545c   0x9000545c   0x00000004   PAD
    0x90005460   0x90005460   0x0000000c   Code   RO         1617    .text.rt_list_insert_before  scheduler.o
    0x9000546c   0x9000546c   0x00000004   PAD
    0x90005470   0x90005470   0x0000000c   Code   RO         1672    .text.rt_list_insert_before  thread.o
    0x9000547c   0x9000547c   0x00000004   PAD
    0x90005480   0x90005480   0x0000000c   Code   RO         1418    .text.rt_list_isempty  ipc.o
    0x9000548c   0x9000548c   0x00000004   PAD
    0x90005490   0x90005490   0x0000000c   Code   RO         1623    .text.rt_list_isempty  scheduler.o
    0x9000549c   0x9000549c   0x00000004   PAD
    0x900054a0   0x900054a0   0x0000000c   Code   RO         1724    .text.rt_list_isempty  timer.o
    0x900054ac   0x900054ac   0x00000004   PAD
    0x900054b0   0x900054b0   0x0000000c   Code   RO         1761    .text.rt_list_isempty  cmd.o
    0x900054bc   0x900054bc   0x00000004   PAD
    0x900054c0   0x900054c0   0x00000012   Code   RO         1763    .text.rt_list_len   cmd.o
    0x900054d2   0x900054d2   0x00000006   PAD
    0x900054d8   0x900054d8   0x00000010   Code   RO         1380    .text.rt_list_remove  idle.o
    0x900054e8   0x900054e8   0x00000010   Code   RO         1586    .text.rt_list_remove  object.o
    0x900054f8   0x900054f8   0x00000010   Code   RO         1621    .text.rt_list_remove  scheduler.o
    0x90005508   0x90005508   0x00000010   Code   RO         1670    .text.rt_list_remove  thread.o
    0x90005518   0x90005518   0x00000010   Code   RO         1726    .text.rt_list_remove  timer.o
    0x90005528   0x90005528   0x00000172   Code   RO         1539    .text.rt_malloc     mem.o
    0x9000569a   0x9000569a   0x00000006   PAD
    0x900056a0   0x900056a0   0x00000042   Code   RO         1477    .text.rt_memmove    kservice.o
    0x900056e2   0x900056e2   0x00000006   PAD
    0x900056e8   0x900056e8   0x00000068   Code   RO         1473    .text.rt_memset     kservice.o
    0x90005750   0x90005750   0x00000050   Code   RO         1588    .text.rt_object_allocate  object.o
    0x900057a0   0x900057a0   0x00000024   Code   RO         1590    .text.rt_object_delete  object.o
    0x900057c4   0x900057c4   0x00000004   PAD
    0x900057c8   0x900057c8   0x0000001e   Code   RO         1584    .text.rt_object_detach  object.o
    0x900057e6   0x900057e6   0x00000002   PAD
    0x900057e8   0x900057e8   0x00000020   Code   RO         1574    .text.rt_object_get_information  object.o
    0x90005808   0x90005808   0x00000050   Code   RO         1580    .text.rt_object_init  object.o
    0x90005858   0x90005858   0x00000006   Code   RO         1592    .text.rt_object_is_systemobject  object.o
    0x9000585e   0x9000585e   0x00000002   PAD
    0x90005860   0x90005860   0x0000007a   Code   RO         1613    .text.rt_schedule   scheduler.o
    0x900058da   0x900058da   0x00000006   PAD
    0x900058e0   0x900058e0   0x00000048   Code   RO         1615    .text.rt_schedule_insert_thread  scheduler.o
    0x90005928   0x90005928   0x00000042   Code   RO         1619    .text.rt_schedule_remove_thread  scheduler.o
    0x9000596a   0x9000596a   0x00000006   PAD
    0x90005970   0x90005970   0x0000001e   Code   RO         1398    .text.rt_sem_init   ipc.o
    0x9000598e   0x9000598e   0x00000002   PAD
    0x90005990   0x90005990   0x0000004e   Code   RO         1416    .text.rt_sem_release  ipc.o
    0x900059de   0x900059de   0x00000002   PAD
    0x900059e0   0x900059e0   0x0000007a   Code   RO         1410    .text.rt_sem_take   ipc.o
    0x90005a5a   0x90005a5a   0x00000006   PAD
    0x90005a60   0x90005a60   0x000000b8   Code   RO         1497    .text.rt_show_version  kservice.o
    0x90005b18   0x90005b18   0x00000010   Code   RO         1483    .text.rt_strlen     kservice.o
    0x90005b28   0x90005b28   0x00000032   Code   RO         1487    .text.rt_strncpy    kservice.o
    0x90005b5a   0x90005b5a   0x00000006   PAD
    0x90005b60   0x90005b60   0x000000d0   Code   RO         1537    .text.rt_system_heap_init  mem.o
    0x90005c30   0x90005c30   0x00000056   Code   RO         1607    .text.rt_system_scheduler_init  scheduler.o
    0x90005c86   0x90005c86   0x00000002   PAD
    0x90005c88   0x90005c88   0x00000036   Code   RO         1611    .text.rt_system_scheduler_start  scheduler.o
    0x90005cbe   0x90005cbe   0x00000002   PAD
    0x90005cc0   0x90005cc0   0x00000010   Code   RO         1732    .text.rt_system_timer_init  timer.o
    0x90005cd0   0x90005cd0   0x00000002   Code   RO         1734    .text.rt_system_timer_thread_init  timer.o
    0x90005cd2   0x90005cd2   0x00000006   PAD
    0x90005cd8   0x90005cd8   0x00000048   Code   RO         1664    .text.rt_thread_create  thread.o
    0x90005d20   0x90005d20   0x00000052   Code   RO         1646    .text.rt_thread_exit  thread.o
    0x90005d72   0x90005d72   0x00000006   PAD
    0x90005d78   0x90005d78   0x00000006   Code   RO         1384    .text.rt_thread_idle_entry  idle.o
    0x90005d7e   0x90005d7e   0x00000002   PAD
    0x90005d80   0x90005d80   0x0000004e   Code   RO         1376    .text.rt_thread_idle_excute  idle.o
    0x90005dce   0x90005dce   0x00000002   PAD
    0x90005dd0   0x90005dd0   0x00000048   Code   RO         1382    .text.rt_thread_idle_init  idle.o
    0x90005e18   0x90005e18   0x00000034   Code   RO         1652    .text.rt_thread_init  thread.o
    0x90005e4c   0x90005e4c   0x00000004   PAD
    0x90005e50   0x90005e50   0x0000000e   Code   RO         1682    .text.rt_thread_mdelay  thread.o
    0x90005e5e   0x90005e5e   0x00000002   PAD
    0x90005e60   0x90005e60   0x0000003c   Code   RO         1660    .text.rt_thread_resume  thread.o
    0x90005e9c   0x90005e9c   0x00000004   PAD
    0x90005ea0   0x90005ea0   0x0000000c   Code   RO         1656    .text.rt_thread_self  thread.o
    0x90005eac   0x90005eac   0x00000004   PAD
    0x90005eb0   0x90005eb0   0x0000004c   Code   RO         1674    .text.rt_thread_sleep  thread.o
    0x90005efc   0x90005efc   0x00000004   PAD
    0x90005f00   0x90005f00   0x0000002a   Code   RO         1658    .text.rt_thread_startup  thread.o
    0x90005f2a   0x90005f2a   0x00000006   PAD
    0x90005f30   0x90005f30   0x00000042   Code   RO         1676    .text.rt_thread_suspend  thread.o
    0x90005f72   0x90005f72   0x00000006   PAD
    0x90005f78   0x90005f78   0x0000001e   Code   RO         1686    .text.rt_thread_timeout  thread.o
    0x90005f96   0x90005f96   0x00000002   PAD
    0x90005f98   0x90005f98   0x0000005e   Code   RO         1668    .text.rt_thread_yield  thread.o
    0x90005ff6   0x90005ff6   0x00000002   PAD
    0x90005ff8   0x90005ff8   0x0000003a   Code   RO         1332    .text.rt_tick_from_millisecond  clock.o
    0x90006032   0x90006032   0x00000006   PAD
    0x90006038   0x90006038   0x0000000c   Code   RO         1326    .text.rt_tick_get   clock.o
    0x90006044   0x90006044   0x00000004   PAD
    0x90006048   0x90006048   0x00000030   Code   RO         1330    .text.rt_tick_increase  clock.o
    0x90006078   0x90006078   0x000000ae   Code   RO         1720    .text.rt_timer_check  timer.o
    0x90006126   0x90006126   0x00000002   PAD
    0x90006128   0x90006128   0x00000052   Code   RO         1718    .text.rt_timer_control  timer.o
    0x9000617a   0x9000617a   0x00000006   PAD
    0x90006180   0x90006180   0x00000028   Code   RO         1704    .text.rt_timer_detach  timer.o
    0x900061a8   0x900061a8   0x0000002c   Code   RO         1700    .text.rt_timer_init  timer.o
    0x900061d4   0x900061d4   0x00000004   PAD
    0x900061d8   0x900061d8   0x00000082   Code   RO         1712    .text.rt_timer_start  timer.o
    0x9000625a   0x9000625a   0x00000006   PAD
    0x90006260   0x90006260   0x0000002e   Code   RO         1716    .text.rt_timer_stop  timer.o
    0x9000628e   0x9000628e   0x00000002   PAD
    0x90006290   0x90006290   0x00000310   Code   RO         1501    .text.rt_vsnprintf  kservice.o
    0x900065a0   0x900065a0   0x00000004   Code   RO         1347    .text.rti_board_end  components.o
    0x900065a4   0x900065a4   0x00000004   PAD
    0x900065a8   0x900065a8   0x00000004   Code   RO         1345    .text.rti_board_start  components.o
    0x900065ac   0x900065ac   0x00000004   PAD
    0x900065b0   0x900065b0   0x00000004   Code   RO         1349    .text.rti_end       components.o
    0x900065b4   0x900065b4   0x00000004   PAD
    0x900065b8   0x900065b8   0x00000004   Code   RO         1343    .text.rti_start     components.o
    0x900065bc   0x900065bc   0x00000004   PAD
    0x900065c0   0x900065c0   0x0000002a   Code   RO         1357    .text.rtthread_startup  components.o
    0x900065ea   0x900065ea   0x00000006   PAD
    0x900065f0   0x900065f0   0x0000003c   Code   RO         1839    .text.shell_auto_complete  shell.o
    0x9000662c   0x9000662c   0x00000004   PAD
    0x90006630   0x90006630   0x00000040   Code   RO         1765    .text.show_wait_queue  cmd.o
    0x90006670   0x90006670   0x0000003e   Code   RO         1503    .text.skip_atoi     kservice.o
    0x900066ae   0x900066ae   0x00000002   PAD
    0x900066b0   0x900066b0   0x0000000a   Code   RO           43    .text.spi6_init     spi.o
    0x900066ba   0x900066ba   0x00000006   PAD
    0x900066c0   0x900066c0   0x00000026   Code   RO         1806    .text.str_common    msh.o
    0x900066e6   0x900066e6   0x00000002   PAD
    0x900066e8   0x900066e8   0x0000000a   Code   RO         1944    .text.uart_init     board.o
    0x900066f2   0x900066f2   0x00000006   PAD
    0x900066f8   0x900066f8   0x000000d8   Code   RO         1917    .text.usage_fault_track  cpuport.o
    0x900067d0   0x900067d0   0x0000000a   Code   RO         1749    .text.version       cmd.o
    0x900067da   0x900067da   0x0000000e   Code   RO         2048    i.__scatterload_copy  mc_w.l(handlers.o)
    0x900067e8   0x900067e8   0x00000002   Code   RO         2049    i.__scatterload_null  mc_w.l(handlers.o)
    0x900067ea   0x900067ea   0x0000000e   Code   RO         2050    i.__scatterload_zeroinit  mc_w.l(handlers.o)
    0x900067f8   0x900067f8   0x00000010   Data   RO         1315    .rodata.D1CorePrescTable  system_stm32h7xx.o
    0x90006808   0x90006808   0x00000018   Data   RO         1255    .rodata.UARTPrescTable  stm32h7xx_hal_uart.o
    0x90006820   0x90006820   0x00000100   Data   RO         1528    .rodata.__lowest_bit_bitmap  kservice.o
    0x90006920   0x90006920   0x00000010   Data   RO         1300    .rodata.cst8        stm32h7xx_hal_uart_ex.o
    0x90006930   0x90006930   0x00000027   Data   RO         1560    .rodata.name        mem.o
    0x90006957   0x90006957   0x000001a7   Data   RO         1773    .rodata.name        cmd.o
    0x90006afe   0x90006afe   0x00000076   Data   RO         1813    .rodata.name        msh.o
    0x90006b74   0x90006b74   0x00000041   Data   RO         1964    .rodata.name        user_cmd.o
    0x90006bb5   0x90006bb5   0x0000002a   Data   RO         2002    .rodata.name        w25q64.o
    0x90006bdf   0x90006bdf   0x00000029   Data   RO         1526    .rodata.str1.1      kservice.o
    0x90006c08   0x90006c08   0x0000007e   Data   RO         1775    .rodata.str1.1      cmd.o
    0x90006c86   0x90006c86   0x00000007   Data   RO         1812    .rodata.str1.1      msh.o
    0x90006c8d   0x90006c8d   0x00000005   Data   RO         1854    .rodata.str1.1      shell.o
    0x90006c92   0x90006c92   0x00000093   Data   RO         1920    .rodata.str1.1      cpuport.o
    0x90006d25   0x90006d25   0x00000003   PAD
    0x90006d28   0x90006d28   0x00000004   Data   RO         1363    .rti_fn.0           components.o
    0x90006d2c   0x90006d2c   0x00000004   Data   RO         1364    .rti_fn.0.end       components.o
    0x90006d30   0x90006d30   0x00000004   Data   RO           29    .rti_fn.1           gpio.o
    0x90006d34   0x90006d34   0x00000004   Data   RO           46    .rti_fn.1           spi.o
    0x90006d38   0x90006d38   0x00000004   Data   RO         1951    .rti_fn.1           board.o
    0x90006d3c   0x90006d3c   0x00000004   Data   RO         1365    .rti_fn.1.end       components.o
    0x90006d40   0x90006d40   0x00000004   Data   RO         1855    .rti_fn.6           shell.o
    0x90006d44   0x90006d44   0x00000004   Data   RO         1366    .rti_fn.6.end       components.o
    0x90006d48   0x90006d48   0x0000000c   Data   RO         1561    FSymTab             mem.o
    0x90006d54   0x90006d54   0x00000090   Data   RO         1774    FSymTab             cmd.o
    0x90006de4   0x90006de4   0x00000024   Data   RO         1814    FSymTab             msh.o
    0x90006e08   0x90006e08   0x00000018   Data   RO         1965    FSymTab             user_cmd.o
    0x90006e20   0x90006e20   0x0000000c   Data   RO         2003    FSymTab             w25q64.o
    0x90006e2c   0x90006e2c   0x00000020   Data   RO         2047    Region$$Table       anon$$obj.o


==============================================================================

Image component sizes


      Code (inc. data)   RO Data    RW Data    ZI Data      Debug   Object Name

       366          0          4          0      15360       4169   board.o
       118          0          0          0          4       2462   clock.o
      1758        564        693          0          0      10182   cmd.o
       220          8         16          0          0       3015   components.o
       308         26          0          0          0        804   context_rvds.o
      1290        524        147          0         16       3518   cpuport.o
       148          0          4          0          0       3184   gpio.o
       190          8          0          0        376       2685   idle.o
       368          0          0          0          0       9644   ipc.o
        52          0          0          0          1        990   irq.o
      1840        238        297          0        256      14437   kservice.o
       382         32          0          0          0       4782   main.o
      1096        216         51          0         56       5109   mem.o
       978        104        161          0          0       5110   msh.o
       292          0          0         64          0       5569   object.o
       534          0          0          0        275       4339   scheduler.o
      1316        216          9          0        273       5726   shell.o
       282          0          4          0        136       8404   spi.o
        36          8        664          0       1024        808   startup_stm32h750xx.o
       198          0          0          5          0      14645   stm32h7xx_hal.o
       220          0          0          0          0      12251   stm32h7xx_hal_cortex.o
       426          0          0          0          0       6827   stm32h7xx_hal_gpio.o
        32          0          0          0          0       2172   stm32h7xx_hal_msp.o
        72          0          0          0          0      10362   stm32h7xx_hal_pwr_ex.o
      2338         16          0          0          0      11268   stm32h7xx_hal_rcc.o
      3778        122          0          0          0      17290   stm32h7xx_hal_rcc_ex.o
      1254          0          0          0          0      20788   stm32h7xx_hal_spi.o
      2390        382         24          0          0      35276   stm32h7xx_hal_uart.o
       286          0         16          0          0      10320   stm32h7xx_hal_uart_ex.o
        10          0          0          0          0        662   stm32h7xx_it.o
       538         16         16          8          0       5786   system_stm32h7xx.o
       810          0          0          0          0       8278   thread.o
       622          6          0          0         12       6537   timer.o
       266          0          0          0        148       8029   usart.o
        28          8         89          0          0       1330   user_cmd.o
       172         52         54          0          0       9667   w25q64.o

    ----------------------------------------------------------------------
     25602       2590       2284         80      17952     276425   Object Totals
         0          0         32          0          0          0   (incl. Generated)
       588         44          3          3         15          0   (incl. Padding)

    ----------------------------------------------------------------------

      Code (inc. data)   RO Data    RW Data    ZI Data      Debug   Library Member Name

         0          0          0          0          0          0   entry.o
         0          0          0          0          0          0   entry10a.o
         0          0          0          0          0          0   entry11a.o
         8          4          0          0          0          0   entry2.o
         4          0          0          0          0          0   entry5.o
         0          0          0          0          0          0   entry7b.o
         0          0          0          0          0          0   entry8b.o
         8          4          0          0          0          0   entry9a.o
        30          0          0          0          0          0   handlers.o
        36          8          0          0          0         68   init.o
        30          0          0          0          0         68   llshl.o
        32          0          0          0          0         68   llushr.o
        36          0          0          0          0        108   memseta.o
        14          0          0          0          0         68   strlen.o
        30          0          0          0          0         80   strncmp.o
        24          0          0          0          0         76   strncpy.o
        98          0          0          0          0         92   uldiv.o

    ----------------------------------------------------------------------
       350         16          0          0          0        628   Library Totals
         0          0          0          0          0          0   (incl. Padding)

    ----------------------------------------------------------------------

      Code (inc. data)   RO Data    RW Data    ZI Data      Debug   Library Name

       350         16          0          0          0        628   mc_w.l

    ----------------------------------------------------------------------
       350         16          0          0          0        628   Library Totals

    ----------------------------------------------------------------------

==============================================================================


      Code (inc. data)   RO Data    RW Data    ZI Data      Debug   

     25952       2606       2284         80      17952     276421   Grand Totals
     25952       2606       2284         80      17952     276421   ELF Image Totals
     25952       2606       2284         80          0          0   ROM Totals

==============================================================================

    Total RO  Size (Code + RO Data)                28236 (  27.57kB)
    Total RW  Size (RW Data + ZI Data)             18032 (  17.61kB)
    Total ROM Size (Code + RO Data + RW Data)      28316 (  27.65kB)

==============================================================================

