Component: ARM Compiler 6.14 Tool: armlink [5db06800]

==============================================================================

Section Cross References

    startup_stm32h750xx.o(RESET) refers to startup_stm32h750xx.o(STACK) for __initial_sp
    startup_stm32h750xx.o(RESET) refers to startup_stm32h750xx.o(.text) for Reset_Handler
    startup_stm32h750xx.o(RESET) refers to stm32h7xx_it.o(.text.NMI_Handler) for NMI_Handler
    startup_stm32h750xx.o(RESET) refers to context_rvds.o(.text) for HardFault_Handler
    startup_stm32h750xx.o(RESET) refers to stm32h7xx_it.o(.text.BusFault_Handler) for BusFault_Handler
    startup_stm32h750xx.o(RESET) refers to stm32h7xx_it.o(.text.UsageFault_Handler) for UsageFault_Handler
    startup_stm32h750xx.o(RESET) refers to stm32h7xx_it.o(.text.SVC_Handler) for SVC_Handler
    startup_stm32h750xx.o(RESET) refers to stm32h7xx_it.o(.text.DebugMon_Handler) for DebugMon_Handler
    startup_stm32h750xx.o(RESET) refers to board.o(.text.SysTick_Handler) for SysTick_Handler
    startup_stm32h750xx.o(.text) refers to system_stm32h7xx.o(.text.SystemInit) for SystemInit
    startup_stm32h750xx.o(.text) refers to entry.o(.ARM.Collect$$$$00000000) for __main
    main.o(.text.main) refers to gpio.o(.text.MX_GPIO_Init) for MX_GPIO_Init
    main.o(.text.main) refers to stm32h7xx_hal_gpio.o(.text.HAL_GPIO_WritePin) for HAL_GPIO_WritePin
    main.o(.text.main) refers to thread.o(.text.rt_thread_mdelay) for rt_thread_mdelay
    main.o(.ARM.exidx.text.main) refers to main.o(.text.main) for [Anonymous Symbol]
    main.o(.text.SystemClock_Config) refers to memseta.o(.text) for __aeabi_memclr4
    main.o(.text.SystemClock_Config) refers to stm32h7xx_hal_pwr_ex.o(.text.HAL_PWREx_ConfigSupply) for HAL_PWREx_ConfigSupply
    main.o(.text.SystemClock_Config) refers to stm32h7xx_hal_rcc.o(.text.HAL_RCC_OscConfig) for HAL_RCC_OscConfig
    main.o(.text.SystemClock_Config) refers to stm32h7xx_hal_rcc.o(.text.HAL_RCC_ClockConfig) for HAL_RCC_ClockConfig
    main.o(.text.SystemClock_Config) refers to main.o(.text.Error_Handler) for Error_Handler
    main.o(.ARM.exidx.text.SystemClock_Config) refers to main.o(.text.SystemClock_Config) for [Anonymous Symbol]
    main.o(.ARM.exidx.text.Error_Handler) refers to main.o(.text.Error_Handler) for [Anonymous Symbol]
    gpio.o(.text.MX_GPIO_Init) refers to stm32h7xx_hal_gpio.o(.text.HAL_GPIO_WritePin) for HAL_GPIO_WritePin
    gpio.o(.text.MX_GPIO_Init) refers to stm32h7xx_hal_gpio.o(.text.HAL_GPIO_Init) for HAL_GPIO_Init
    gpio.o(.ARM.exidx.text.MX_GPIO_Init) refers to gpio.o(.text.MX_GPIO_Init) for [Anonymous Symbol]
    usart.o(.text.MX_USART1_UART_Init) refers to usart.o(.bss.huart1) for huart1
    usart.o(.text.MX_USART1_UART_Init) refers to stm32h7xx_hal_uart.o(.text.HAL_UART_Init) for HAL_UART_Init
    usart.o(.text.MX_USART1_UART_Init) refers to main.o(.text.Error_Handler) for Error_Handler
    usart.o(.text.MX_USART1_UART_Init) refers to stm32h7xx_hal_uart_ex.o(.text.HAL_UARTEx_SetTxFifoThreshold) for HAL_UARTEx_SetTxFifoThreshold
    usart.o(.text.MX_USART1_UART_Init) refers to stm32h7xx_hal_uart_ex.o(.text.HAL_UARTEx_SetRxFifoThreshold) for HAL_UARTEx_SetRxFifoThreshold
    usart.o(.text.MX_USART1_UART_Init) refers to stm32h7xx_hal_uart_ex.o(.text.HAL_UARTEx_DisableFifoMode) for HAL_UARTEx_DisableFifoMode
    usart.o(.ARM.exidx.text.MX_USART1_UART_Init) refers to usart.o(.text.MX_USART1_UART_Init) for [Anonymous Symbol]
    usart.o(.text.HAL_UART_MspInit) refers to memseta.o(.text) for __aeabi_memclr8
    usart.o(.text.HAL_UART_MspInit) refers to stm32h7xx_hal_rcc_ex.o(.text.HAL_RCCEx_PeriphCLKConfig) for HAL_RCCEx_PeriphCLKConfig
    usart.o(.text.HAL_UART_MspInit) refers to main.o(.text.Error_Handler) for Error_Handler
    usart.o(.text.HAL_UART_MspInit) refers to stm32h7xx_hal_gpio.o(.text.HAL_GPIO_Init) for HAL_GPIO_Init
    usart.o(.ARM.exidx.text.HAL_UART_MspInit) refers to usart.o(.text.HAL_UART_MspInit) for [Anonymous Symbol]
    usart.o(.text.HAL_UART_MspDeInit) refers to stm32h7xx_hal_gpio.o(.text.HAL_GPIO_DeInit) for HAL_GPIO_DeInit
    usart.o(.ARM.exidx.text.HAL_UART_MspDeInit) refers to usart.o(.text.HAL_UART_MspDeInit) for [Anonymous Symbol]
    stm32h7xx_it.o(.ARM.exidx.text.NMI_Handler) refers to stm32h7xx_it.o(.text.NMI_Handler) for [Anonymous Symbol]
    stm32h7xx_it.o(.ARM.exidx.text.BusFault_Handler) refers to stm32h7xx_it.o(.text.BusFault_Handler) for [Anonymous Symbol]
    stm32h7xx_it.o(.ARM.exidx.text.UsageFault_Handler) refers to stm32h7xx_it.o(.text.UsageFault_Handler) for [Anonymous Symbol]
    stm32h7xx_it.o(.ARM.exidx.text.SVC_Handler) refers to stm32h7xx_it.o(.text.SVC_Handler) for [Anonymous Symbol]
    stm32h7xx_it.o(.ARM.exidx.text.DebugMon_Handler) refers to stm32h7xx_it.o(.text.DebugMon_Handler) for [Anonymous Symbol]
    stm32h7xx_hal_msp.o(.ARM.exidx.text.HAL_MspInit) refers to stm32h7xx_hal_msp.o(.text.HAL_MspInit) for [Anonymous Symbol]
[...]
    [Anonymous Symbol]                       0x90005650   Section        0  thread.o(.text.rt_thread_suspend)
    [Anonymous Symbol]                       0x90005698   Section        0  thread.o(.text.rt_thread_timeout)
    [Anonymous Symbol]                       0x900056b8   Section        0  thread.o(.text.rt_thread_yield)
    [Anonymous Symbol]                       0x90005718   Section        0  clock.o(.text.rt_tick_from_millisecond)
    [Anonymous Symbol]                       0x90005758   Section        0  clock.o(.text.rt_tick_get)
    [Anonymous Symbol]                       0x90005768   Section        0  clock.o(.text.rt_tick_increase)
    [Anonymous Symbol]                       0x90005798   Section        0  timer.o(.text.rt_timer_check)
    [Anonymous Symbol]                       0x90005848   Section        0  timer.o(.text.rt_timer_control)
    [Anonymous Symbol]                       0x900058a0   Section        0  timer.o(.text.rt_timer_detach)
    [Anonymous Symbol]                       0x900058c8   Section        0  timer.o(.text.rt_timer_init)
    [Anonymous Symbol]                       0x900058f8   Section        0  timer.o(.text.rt_timer_start)
    [Anonymous Symbol]                       0x90005980   Section        0  timer.o(.text.rt_timer_stop)
    [Anonymous Symbol]                       0x900059b0   Section        0  kservice.o(.text.rt_vsnprintf)
    rti_board_end                            0x90005cc1   Thumb Code     4  components.o(.text.rti_board_end)
    [Anonymous Symbol]                       0x90005cc0   Section        0  components.o(.text.rti_board_end)
    rti_board_start                          0x90005cc9   Thumb Code     4  components.o(.text.rti_board_start)
    [Anonymous Symbol]                       0x90005cc8   Section        0  components.o(.text.rti_board_start)
    rti_end                                  0x90005cd1   Thumb Code     4  components.o(.text.rti_end)
    [Anonymous Symbol]                       0x90005cd0   Section        0  components.o(.text.rti_end)
    rti_start                                0x90005cd9   Thumb Code     4  components.o(.text.rti_start)
    [Anonymous Symbol]                       0x90005cd8   Section        0  components.o(.text.rti_start)
    [Anonymous Symbol]                       0x90005ce0   Section        0  components.o(.text.rtthread_startup)
    shell_auto_complete                      0x90005d11   Thumb Code    60  shell.o(.text.shell_auto_complete)
    [Anonymous Symbol]                       0x90005d10   Section        0  shell.o(.text.shell_auto_complete)
    show_wait_queue                          0x90005d51   Thumb Code    64  cmd.o(.text.show_wait_queue)
    [Anonymous Symbol]                       0x90005d50   Section        0  cmd.o(.text.show_wait_queue)
    skip_atoi                                0x90005d91   Thumb Code    62  kservice.o(.text.skip_atoi)
    [Anonymous Symbol]                       0x90005d90   Section        0  kservice.o(.text.skip_atoi)
    str_common                               0x90005dd1   Thumb Code    38  msh.o(.text.str_common)
    [Anonymous Symbol]                       0x90005dd0   Section        0  msh.o(.text.str_common)
    uart_init                                0x90005df9   Thumb Code    10  board.o(.text.uart_init)
    [Anonymous Symbol]                       0x90005df8   Section        0  board.o(.text.uart_init)
    usage_fault_track                        0x90005e09   Thumb Code   216  cpuport.o(.text.usage_fault_track)
    [Anonymous Symbol]                       0x90005e08   Section        0  cpuport.o(.text.usage_fault_track)
    [Anonymous Symbol]                       0x90005ee0   Section        0  cmd.o(.text.version)
    i.__scatterload_copy                     0x90005eea   Section       14  handlers.o(i.__scatterload_copy)
    i.__scatterload_null                     0x90005ef8   Section        2  handlers.o(i.__scatterload_null)
    i.__scatterload_zeroinit                 0x90005efa   Section       14  handlers.o(i.__scatterload_zeroinit)
    UARTEx_SetNbDataToProcess.numerator      0x90006030   Data           8  stm32h7xx_hal_uart_ex.o(.rodata.cst8)
    UARTEx_SetNbDataToProcess.denominator    0x90006038   Data           8  stm32h7xx_hal_uart_ex.o(.rodata.cst8)
    .L.str.5                                 0x900062c5   Data           7  kservice.o(.rodata.str1.1)
    [Anonymous Symbol]                       0x900062c5   Section        0  kservice.o(.rodata.str1.1)
    print_number.large_digits                0x900062cc   Data          17  kservice.o(.rodata.str1.1)
    print_number.small_digits                0x900062dd   Data          17  kservice.o(.rodata.str1.1)
    .L.str.27                                0x900062ee   Data          13  cmd.o(.rodata.str1.1)
    [Anonymous Symbol]                       0x900062ee   Section        0  cmd.o(.rodata.str1.1)
    .L.str.26                                0x900062f0   Data          11  cmd.o(.rodata.str1.1)
    .L.str.2                                 0x900062fb   Data          68  cmd.o(.rodata.str1.1)
    .L.str.7                                 0x9000633f   Data           9  cmd.o(.rodata.str1.1)
    .L.str.8                                 0x90006348   Data           9  cmd.o(.rodata.str1.1)
    .L.str.5                                 0x90006351   Data           9  cmd.o(.rodata.str1.1)
    .L.str.6                                 0x9000635a   Data           9  cmd.o(.rodata.str1.1)
    .L.str.9                                 0x90006363   Data           9  cmd.o(.rodata.str1.1)
    .L.str.1                                 0x9000636c   Data           7  msh.o(.rodata.str1.1)
    [Anonymous Symbol]                       0x9000636c   Section        0  msh.o(.rodata.str1.1)
    .L.str.3                                 0x90006373   Data           2  shell.o(.rodata.str1.1)
    [Anonymous Symbol]                       0x90006373   Section        0  shell.o(.rodata.str1.1)
    .L.str.4                                 0x90006375   Data           3  shell.o(.rodata.str1.1)
    .L.str.17                                0x90006378   Data          26  cpuport.o(.rodata.str1.1)
    [Anonymous Symbol]                       0x90006378   Section        0  cpuport.o(.rodata.str1.1)
    .L.str.16                                0x90006392   Data          29  cpuport.o(.rodata.str1.1)
    .L.str.18                                0x900063af   Data          14  cpuport.o(.rodata.str1.1)
    .L.str.1                                 0x900063bd   Data          13  cpuport.o(.rodata.str1.1)
    .L.str.2                                 0x900063ca   Data          13  cpuport.o(.rodata.str1.1)
    .L.str.3                                 0x900063d7   Data          13  cpuport.o(.rodata.str1.1)
    .L.str.4                                 0x900063e4   Data          13  cpuport.o(.rodata.str1.1)
    .L.str.5                                 0x900063f1   Data          13  cpuport.o(.rodata.str1.1)
    .L.str                                   0x900063fe   Data          13  cpuport.o(.rodata.str1.1)
    .L.str.15                                0x90006409   Data           2  cpuport.o(.rodata.str1.1)
    .L.str.3                                 0x90006409   Data           2  cpuport.o(.rodata.str1.1)
    .L.str.30                                0x90006409   Data           2  cpuport.o(.rodata.str1.1)
    .L.str.7                                 0x90006409   Data           2  cpuport.o(.rodata.str1.1)
    __tagsym$$used.0                         0x9000640c   Number         0  components.o(.rti_fn.0)
    __tagsym$$used.1                         0x90006410   Number         0  components.o(.rti_fn.0.end)
    __tagsym$$used.0                         0x90006414   Number         0  board.o(.rti_fn.1)
    __tagsym$$used.2                         0x90006418   Number         0  components.o(.rti_fn.1.end)
    __tagsym$$used.0                         0x9000641c   Number         0  shell.o(.rti_fn.6)
    __tagsym$$used.3                         0x90006420   Number         0  components.o(.rti_fn.6.end)
    __tagsym$$used.0                         0x90006424   Number         0  mem.o(FSymTab)
    __tagsym$$used.0                         0x90006430   Number         0  cmd.o(FSymTab)
    __tagsym$$used.1                         0x9000643c   Number         0  cmd.o(FSymTab)
    __tagsym$$used.2                         0x90006448   Number         0  cmd.o(FSymTab)
    __tagsym$$used.3                         0x90006454   Number         0  cmd.o(FSymTab)
    __tagsym$$used.4                         0x90006460   Number         0  cmd.o(FSymTab)
    __tagsym$$used.5                         0x9000646c   Number         0  cmd.o(FSymTab)
    __tagsym$$used.6                         0x90006478   Number         0  cmd.o(FSymTab)
    __tagsym$$used.7                         0x90006484   Number         0  cmd.o(FSymTab)
    __tagsym$$used.8                         0x90006490   Number         0  cmd.o(FSymTab)
    __tagsym$$used.9                         0x9000649c   Number         0  cmd.o(FSymTab)
    __tagsym$$used.10                        0x900064a8   Number         0  cmd.o(FSymTab)
    __tagsym$$used.11                        0x900064b4   Number         0  cmd.o(FSymTab)
    __tagsym$$used.0                         0x900064c0   Number         0  msh.o(FSymTab)
    __tagsym$$used.1                         0x900064cc   Number         0  msh.o(FSymTab)
    __tagsym$$used.2                         0x900064d8   Number         0  msh.o(FSymTab)
    __tagsym$$used.0                         0x900064e4   Number         0  user_cmd.o(FSymTab)
    __tagsym$$used.1                         0x900064f0   Number         0  user_cmd.o(FSymTab)

    Global Symbols

    Symbol Name                              Value     Ov Type        Size  Object(Section)

    BuildAttributes$$THM_ISAv4$E$P$D$K$B$S$7EM$VFPv5_D16$PE$PLD8$A:L22UL41UL21$X:L11$S22US41US21$IEEE1$IW$~IW$USESV6$~STKCKD$USESV7$~SHL$OTIME$EBA8$MICROLIB$REQ8$PRES8$EABIv2 0x00000000   Number         0  anon$$obj.o ABSOLUTE
    __cpp_initialize__aeabi_                  - Undefined Weak Reference
    __cxa_finalize                            - Undefined Weak Reference
    __decompress                              - Undefined Weak Reference
    _clock_init                               - Undefined Weak Reference
    _microlib_exit                            - Undefined Weak Reference
    __Vectors_Size                           0x00000298   Number         0  startup_stm32h750xx.o ABSOLUTE
    SystemCoreClock                          0x24000000   Data           4  system_stm32h7xx.o(.data.SystemCoreClock)
    SystemD2Clock                            0x24000004   Data           4  system_stm32h7xx.o(.data.SystemD2Clock)
    uwTickFreq                               0x24000048   Data           1  stm32h7xx_hal.o(.data.uwTickFreq)
    uwTickPrio                               0x2400004c   Data           4  stm32h7xx_hal.o(.data.uwTickPrio)
    _syscall_table_begin                     0x24000050   Data           4  shell.o(.bss._syscall_table_begin)
    _syscall_table_end                       0x24000054   Data           4  shell.o(.bss._syscall_table_end)
    huart1                                   0x24000188   Data         148  usart.o(.bss.huart1)
    rt_current_priority                      0x240002a0   Data           1  scheduler.o(.bss.rt_current_priority)
    rt_current_thread                        0x240002a4   Data           4  scheduler.o(.bss.rt_current_thread)
    rt_interrupt_from_thread                 0x24003eac   Data           4  cpuport.o(.bss.rt_interrupt_from_thread)
    rt_interrupt_nest                        0x24003eb0   Data           1  irq.o(.bss.rt_interrupt_nest)
    rt_interrupt_to_thread                   0x24003eb4   Data           4  cpuport.o(.bss.rt_interrupt_to_thread)
    rt_thread_defunct                        0x24003fbc   Data           8  scheduler.o(.bss.rt_thread_defunct)
    rt_thread_priority_table                 0x24003fc4   Data         256  scheduler.o(.bss.rt_thread_priority_table)
    rt_thread_ready_priority_group           0x240040c4   Data           4  scheduler.o(.bss.rt_thread_ready_priority_group)
    rt_thread_switch_interrupt_flag          0x240041c8   Data           4  cpuport.o(.bss.rt_thread_switch_interrupt_flag)
    shell                                    0x240041dc   Data           4  shell.o(.bss.shell)
    __initial_sp                             0x240045e8   Data           0  startup_stm32h750xx.o(STACK)
    __Vectors                                0x90000000   Data           4  startup_stm32h750xx.o(RESET)
    __Vectors_End                            0x90000298   Data           0  startup_stm32h750xx.o(RESET)
    __main                                   0x90000299   Thumb Code     0  entry.o(.ARM.Collect$$$$00000000)
    _main_stk                                0x90000299   Thumb Code     0  entry2.o(.ARM.Collect$$$$00000001)
    _main_scatterload                        0x9000029d   Thumb Code     0  entry5.o(.ARM.Collect$$$$00000004)
    __main_after_scatterload                 0x900002a1   Thumb Code     0  entry5.o(.ARM.Collect$$$$00000004)
    _main_clock                              0x900002a1   Thumb Code     0  entry7b.o(.ARM.Collect$$$$00000008)
    _main_cpp_init                           0x900002a1   Thumb Code     0  entry8b.o(.ARM.Collect$$$$0000000A)
    _main_init                               0x900002a1   Thumb Code     0  entry9a.o(.ARM.Collect$$$$0000000B)
    __rt_final_cpp                           0x900002a9   Thumb Code     0  entry10a.o(.ARM.Collect$$$$0000000D)
    __rt_final_exit                          0x900002a9   Thumb Code     0  entry11a.o(.ARM.Collect$$$$0000000F)
    Reset_Handler                            0x900002ad   Thumb Code     8  startup_stm32h750xx.o(.text)
    ADC3_IRQHandler                          0x900002c7   Thumb Code     0  startup_stm32h750xx.o(.text)
    ADC_IRQHandler                           0x900002c7   Thumb Code     0  startup_stm32h750xx.o(.text)
    BDMA_Channel0_IRQHandler                 0x900002c7   Thumb Code     0  startup_stm32h750xx.o(.text)
    BDMA_Channel1_IRQHandler                 0x900002c7   Thumb Code     0  startup_stm32h750xx.o(.text)
    BDMA_Channel2_IRQHandler                 0x900002c7   Thumb Code     0  startup_stm32h750xx.o(.text)
    BDMA_Channel3_IRQHandler                 0x900002c7   Thumb Code     0  startup_stm32h750xx.o(.text)
    BDMA_Channel4_IRQHandler                 0x900002c7   Thumb Code     0  startup_stm32h750xx.o(.text)
    BDMA_Channel5_IRQHandler                 0x900002c7   Thumb Code     0  startup_stm32h750xx.o(.text)
    BDMA_Channel6_IRQHandler                 0x900002c7   Thumb Code     0  startup_stm32h750xx.o(.text)
    BDMA_Channel7_IRQHandler                 0x900002c7   Thumb Code     0  startup_stm32h750xx.o(.text)
    CEC_IRQHandler                           0x900002c7   Thumb Code     0  startup_stm32h750xx.o(.text)
    COMP1_IRQHandler                         0x900002c7   Thumb Code     0  startup_stm32h750xx.o(.text)
    CRS_IRQHandler                           0x900002c7   Thumb Code     0  startup_stm32h750xx.o(.text)
    CRYP_IRQHandler                          0x900002c7   Thumb Code     0  startup_stm32h750xx.o(.text)
    DCMI_IRQHandler                          0x900002c7   Thumb Code     0  startup_stm32h750xx.o(.text)
    DFSDM1_FLT0_IRQHandler                   0x900002c7   Thumb Code     0  startup_stm32h750xx.o(.text)
    DFSDM1_FLT1_IRQHandler                   0x900002c7   Thumb Code     0  startup_stm32h750xx.o(.text)
    DFSDM1_FLT2_IRQHandler                   0x900002c7   Thumb Code     0  startup_stm32h750xx.o(.text)
    DFSDM1_FLT3_IRQHandler                   0x900002c7   Thumb Code     0  startup_stm32h750xx.o(.text)
    DMA1_Stream0_IRQHandler                  0x900002c7   Thumb Code     0  startup_stm32h750xx.o(.text)
    DMA1_Stream1_IRQHandler                  0x900002c7   Thumb Code     0  startup_stm32h750xx.o(.text)
    DMA1_Stream2_IRQHandler                  0x900002c7   Thumb Code     0  startup_stm32h750xx.o(.text)
    DMA1_Stream3_IRQHandler                  0x900002c7   Thumb Code     0  startup_stm32h750xx.o(.text)
    DMA1_Stream4_IRQHandler                  0x900002c7   Thumb Code     0  startup_stm32h750xx.o(.text)
    DMA1_Stream5_IRQHandler                  0x900002c7   Thumb Code     0  startup_stm32h750xx.o(.text)
    DMA1_Stream6_IRQHandler                  0x900002c7   Thumb Code     0  startup_stm32h750xx.o(.text)
    DMA1_Stream7_IRQHandler                  0x900002c7   Thumb Code     0  startup_stm32h750xx.o(.text)
    DMA2D_IRQHandler                         0x900002c7   Thumb Code     0  startup_stm32h750xx.o(.text)
    DMA2_Stream0_IRQHandler                  0x900002c7   Thumb Code     0  startup_stm32h750xx.o(.text)
    DMA2_Stream1_IRQHandler                  0x900002c7   Thumb Code     0  startup_stm32h750xx.o(.text)
    DMA2_Stream2_IRQHandler                  0x900002c7   Thumb Code     0  startup_stm32h750xx.o(.text)
    DMA2_Stream3_IRQHandler                  0x900002c7   Thumb Code     0  startup_stm32h750xx.o(.text)
    DMA2_Stream4_IRQHandler                  0x900002c7   Thumb Code     0  startup_stm32h750xx.o(.text)
    DMA2_Stream5_IRQHandler                  0x900002c7   Thumb Code     0  startup_stm32h750xx.o(.text)
    DMA2_Stream6_IRQHandler                  0x900002c7   Thumb Code     0  startup_stm32h750xx.o(.text)
    DMA2_Stream7_IRQHandler                  0x900002c7   Thumb Code     0  startup_stm32h750xx.o(.text)
    DMAMUX1_OVR_IRQHandler                   0x900002c7   Thumb Code     0  startup_stm32h750xx.o(.text)
    DMAMUX2_OVR_IRQHandler                   0x900002c7   Thumb Code     0  startup_stm32h750xx.o(.text)
    ECC_IRQHandler                           0x900002c7   Thumb Code     0  startup_stm32h750xx.o(.text)
    ETH_IRQHandler                           0x900002c7   Thumb Code     0  startup_stm32h750xx.o(.text)
    ETH_WKUP_IRQHandler                      0x900002c7   Thumb Code     0  startup_stm32h750xx.o(.text)
    EXTI0_IRQHandler                         0x900002c7   Thumb Code     0  startup_stm32h750xx.o(.text)
    EXTI15_10_IRQHandler                     0x900002c7   Thumb Code     0  startup_stm32h750xx.o(.text)
    EXTI1_IRQHandler                         0x900002c7   Thumb Code     0  startup_stm32h750xx.o(.text)
    EXTI2_IRQHandler                         0x900002c7   Thumb Code     0  startup_stm32h750xx.o(.text)
    EXTI3_IRQHandler                         0x900002c7   Thumb Code     0  startup_stm32h750xx.o(.text)
    EXTI4_IRQHandler                         0x900002c7   Thumb Code     0  startup_stm32h750xx.o(.text)
    EXTI9_5_IRQHandler                       0x900002c7   Thumb Code     0  startup_stm32h750xx.o(.text)
    FDCAN1_IT0_IRQHandler                    0x900002c7   Thumb Code     0  startup_stm32h750xx.o(.text)
    FDCAN1_IT1_IRQHandler                    0x900002c7   Thumb Code     0  startup_stm32h750xx.o(.text)
    FDCAN2_IT0_IRQHandler                    0x900002c7   Thumb Code     0  startup_stm32h750xx.o(.text)
    FDCAN2_IT1_IRQHandler                    0x900002c7   Thumb Code     0  startup_stm32h750xx.o(.text)
    FDCAN_CAL_IRQHandler                     0x900002c7   Thumb Code     0  startup_stm32h750xx.o(.text)
    FLASH_IRQHandler                         0x900002c7   Thumb Code     0  startup_stm32h750xx.o(.text)
    FMC_IRQHandler                           0x900002c7   Thumb Code     0  startup_stm32h750xx.o(.text)
    FPU_IRQHandler                           0x900002c7   Thumb Code     0  startup_stm32h750xx.o(.text)
    HASH_RNG_IRQHandler                      0x900002c7   Thumb Code     0  startup_stm32h750xx.o(.text)
    HRTIM1_FLT_IRQHandler                    0x900002c7   Thumb Code     0  startup_stm32h750xx.o(.text)
    HRTIM1_Master_IRQHandler                 0x900002c7   Thumb Code     0  startup_stm32h750xx.o(.text)
    HRTIM1_TIMA_IRQHandler                   0x900002c7   Thumb Code     0  startup_stm32h750xx.o(.text)
    HRTIM1_TIMB_IRQHandler                   0x900002c7   Thumb Code     0  startup_stm32h750xx.o(.text)
    HRTIM1_TIMC_IRQHandler                   0x900002c7   Thumb Code     0  startup_stm32h750xx.o(.text)
    HRTIM1_TIMD_IRQHandler                   0x900002c7   Thumb Code     0  startup_stm32h750xx.o(.text)
    HRTIM1_TIME_IRQHandler                   0x900002c7   Thumb Code     0  startup_stm32h750xx.o(.text)
    HSEM1_IRQHandler                         0x900002c7   Thumb Code     0  startup_stm32h750xx.o(.text)
    I2C1_ER_IRQHandler                       0x900002c7   Thumb Code     0  startup_stm32h750xx.o(.text)
    I2C1_EV_IRQHandler                       0x900002c7   Thumb Code     0  startup_stm32h750xx.o(.text)
    I2C2_ER_IRQHandler                       0x900002c7   Thumb Code     0  startup_stm32h750xx.o(.text)
    I2C2_EV_IRQHandler                       0x900002c7   Thumb Code     0  startup_stm32h750xx.o(.text)
    I2C3_ER_IRQHandler                       0x900002c7   Thumb Code     0  startup_stm32h750xx.o(.text)
    I2C3_EV_IRQHandler                       0x900002c7   Thumb Code     0  startup_stm32h750xx.o(.text)
    I2C4_ER_IRQHandler                       0x900002c7   Thumb Code     0  startup_stm32h750xx.o(.text)
    I2C4_EV_IRQHandler                       0x900002c7   Thumb Code     0  startup_stm32h750xx.o(.text)
    JPEG_IRQHandler                          0x900002c7   Thumb Code     0  startup_stm32h750xx.o(.text)
    LPTIM1_IRQHandler                        0x900002c7   Thumb Code     0  startup_stm32h750xx.o(.text)
    LPTIM2_IRQHandler                        0x900002c7   Thumb Code     0  startup_stm32h750xx.o(.text)
    LPTIM3_IRQHandler                        0x900002c7   Thumb Code     0  startup_stm32h750xx.o(.text)
    LPTIM4_IRQHandler                        0x900002c7   Thumb Code     0  startup_stm32h750xx.o(.text)
    LPTIM5_IRQHandler                        0x900002c7   Thumb Code     0  startup_stm32h750xx.o(.text)
    LPUART1_IRQHandler                       0x900002c7   Thumb Code     0  startup_stm32h750xx.o(.text)
    LTDC_ER_IRQHandler                       0x900002c7   Thumb Code     0  startup_stm32h750xx.o(.text)
    LTDC_IRQHandler                          0x900002c7   Thumb Code     0  startup_stm32h750xx.o(.text)
    MDIOS_IRQHandler                         0x900002c7   Thumb Code     0  startup_stm32h750xx.o(.text)
    MDIOS_WKUP_IRQHandler                    0x900002c7   Thumb Code     0  startup_stm32h750xx.o(.text)
    MDMA_IRQHandler                          0x900002c7   Thumb Code     0  startup_stm32h750xx.o(.text)
    OTG_FS_EP1_IN_IRQHandler                 0x900002c7   Thumb Code     0  startup_stm32h750xx.o(.text)
    OTG_FS_EP1_OUT_IRQHandler                0x900002c7   Thumb Code     0  startup_stm32h750xx.o(.text)
    OTG_FS_IRQHandler                        0x900002c7   Thumb Code     0  startup_stm32h750xx.o(.text)
    OTG_FS_WKUP_IRQHandler                   0x900002c7   Thumb Code     0  startup_stm32h750xx.o(.text)
    OTG_HS_EP1_IN_IRQHandler                 0x900002c7   Thumb Code     0  startup_stm32h750xx.o(.text)
    OTG_HS_EP1_OUT_IRQHandler                0x900002c7   Thumb Code     0  startup_stm32h750xx.o(.text)
    OTG_HS_IRQHandler                        0x900002c7   Thumb Code     0  startup_stm32h750xx.o(.text)
    OTG_HS_WKUP_IRQHandler                   0x900002c7   Thumb Code     0  startup_stm32h750xx.o(.text)
    PVD_AVD_IRQHandler                       0x900002c7   Thumb Code     0  startup_stm32h750xx.o(.text)
    QUADSPI_IRQHandler                       0x900002c7   Thumb Code     0  startup_stm32h750xx.o(.text)
    RCC_IRQHandler                           0x900002c7   Thumb Code     0  startup_stm32h750xx.o(.text)
    RTC_Alarm_IRQHandler                     0x900002c7   Thumb Code     0  startup_stm32h750xx.o(.text)
    RTC_WKUP_IRQHandler                      0x900002c7   Thumb Code     0  startup_stm32h750xx.o(.text)
    SAI1_IRQHandler                          0x900002c7   Thumb Code     0  startup_stm32h750xx.o(.text)
    SAI2_IRQHandler                          0x900002c7   Thumb Code     0  startup_stm32h750xx.o(.text)
    SAI3_IRQHandler                          0x900002c7   Thumb Code     0  startup_stm32h750xx.o(.text)
    SAI4_IRQHandler                          0x900002c7   Thumb Code     0  startup_stm32h750xx.o(.text)
    SDMMC1_IRQHandler                        0x900002c7   Thumb Code     0  startup_stm32h750xx.o(.text)
    SDMMC2_IRQHandler                        0x900002c7   Thumb Code     0  startup_stm32h750xx.o(.text)
    SPDIF_RX_IRQHandler                      0x900002c7   Thumb Code     0  startup_stm32h750xx.o(.text)
    SPI1_IRQHandler                          0x900002c7   Thumb Code     0  startup_stm32h750xx.o(.text)
    SPI2_IRQHandler                          0x900002c7   Thumb Code     0  startup_stm32h750xx.o(.text)
    SPI3_IRQHandler                          0x900002c7   Thumb Code     0  startup_stm32h750xx.o(.text)
    SPI4_IRQHandler                          0x900002c7   Thumb Code     0  startup_stm32h750xx.o(.text)
    SPI5_IRQHandler                          0x900002c7   Thumb Code     0  startup_stm32h750xx.o(.text)
    SPI6_IRQHandler                          0x900002c7   Thumb Code     0  startup_stm32h750xx.o(.text)
    SWPMI1_IRQHandler                        0x900002c7   Thumb Code     0  startup_stm32h750xx.o(.text)
    TAMP_STAMP_IRQHandler                    0x900002c7   Thumb Code     0  startup_stm32h750xx.o(.text)
    TIM15_IRQHandler                         0x900002c7   Thumb Code     0  startup_stm32h750xx.o(.text)
    TIM16_IRQHandler                         0x900002c7   Thumb Code     0  startup_stm32h750xx.o(.text)
    TIM17_IRQHandler                         0x900002c7   Thumb Code     0  startup_stm32h750xx.o(.text)
    TIM1_BRK_IRQHandler                      0x900002c7   Thumb Code     0  startup_stm32h750xx.o(.text)
    TIM1_CC_IRQHandler                       0x900002c7   Thumb Code     0  startup_stm32h750xx.o(.text)
    TIM1_TRG_COM_IRQHandler                  0x900002c7   Thumb Code     0  startup_stm32h750xx.o(.text)
    TIM1_UP_IRQHandler                       0x900002c7   Thumb Code     0  startup_stm32h750xx.o(.text)
    TIM2_IRQHandler                          0x900002c7   Thumb Code     0  startup_stm32h750xx.o(.text)
    TIM3_IRQHandler                          0x900002c7   Thumb Code     0  startup_stm32h750xx.o(.text)
    TIM4_IRQHandler                          0x900002c7   Thumb Code     0  startup_stm32h750xx.o(.text)
    TIM5_IRQHandler                          0x900002c7   Thumb Code     0  startup_stm32h750xx.o(.text)
    TIM6_DAC_IRQHandler                      0x900002c7   Thumb Code     0  startup_stm32h750xx.o(.text)
    TIM7_IRQHandler                          0x900002c7   Thumb Code     0  startup_stm32h750xx.o(.text)
    TIM8_BRK_TIM12_IRQHandler                0x900002c7   Thumb Code     0  startup_stm32h750xx.o(.text)
    TIM8_CC_IRQHandler                       0x900002c7   Thumb Code     0  startup_stm32h750xx.o(.text)
    TIM8_TRG_COM_TIM14_IRQHandler            0x900002c7   Thumb Code     0  startup_stm32h750xx.o(.text)
    TIM8_UP_TIM13_IRQHandler                 0x900002c7   Thumb Code     0  startup_stm32h750xx.o(.text)
    UART4_IRQHandler                         0x900002c7   Thumb Code     0  startup_stm32h750xx.o(.text)
    UART5_IRQHandler                         0x900002c7   Thumb Code     0  startup_stm32h750xx.o(.text)
    UART7_IRQHandler                         0x900002c7   Thumb Code     0  startup_stm32h750xx.o(.text)
    UART8_IRQHandler                         0x900002c7   Thumb Code     0  startup_stm32h750xx.o(.text)
    USART1_IRQHandler                        0x900002c7   Thumb Code     0  startup_stm32h750xx.o(.text)
    USART2_IRQHandler                        0x900002c7   Thumb Code     0  startup_stm32h750xx.o(.text)
    USART3_IRQHandler                        0x900002c7   Thumb Code     0  startup_stm32h750xx.o(.text)
    USART6_IRQHandler                        0x900002c7   Thumb Code     0  startup_stm32h750xx.o(.text)
    WAKEUP_PIN_IRQHandler                    0x900002c7   Thumb Code     0  startup_stm32h750xx.o(.text)
    WWDG_IRQHandler                          0x900002c7   Thumb Code     0  startup_stm32h750xx.o(.text)
    rt_hw_interrupt_disable                  0x900002d1   Thumb Code     8  context_rvds.o(.text)
    rt_hw_interrupt_enable                   0x900002d9   Thumb Code     6  context_rvds.o(.text)
    rt_hw_context_switch                     0x900002df   Thumb Code    32  context_rvds.o(.text)
    rt_hw_context_switch_interrupt           0x900002df   Thumb Code     0  context_rvds.o(.text)
    PendSV_Handler                           0x900002ff   Thumb Code   108  context_rvds.o(.text)
    rt_hw_context_switch_to                  0x9000036b   Thumb Code    70  context_rvds.o(.text)
    rt_hw_interrupt_thread_switch            0x900003b1   Thumb Code     2  context_rvds.o(.text)
    HardFault_Handler                        0x900003b3   Thumb Code    56  context_rvds.o(.text)
    MemManage_Handler                        0x900003b3   Thumb Code     0  context_rvds.o(.text)
    __aeabi_uldivmod                         0x90000405   Thumb Code    98  uldiv.o(.text)
    __aeabi_memset                           0x90000467   Thumb Code    14  memseta.o(.text)
    __aeabi_memset4                          0x90000467   Thumb Code     0  memseta.o(.text)
    __aeabi_memset8                          0x90000467   Thumb Code     0  memseta.o(.text)
    __aeabi_memclr                           0x90000475   Thumb Code     4  memseta.o(.text)
    __aeabi_memclr4                          0x90000475   Thumb Code     0  memseta.o(.text)
    __aeabi_memclr8                          0x90000475   Thumb Code     0  memseta.o(.text)
    _memset$wrapper                          0x90000479   Thumb Code    18  memseta.o(.text)
    strncpy                                  0x9000048b   Thumb Code    24  strncpy.o(.text)
    strlen                                   0x900004a3   Thumb Code    14  strlen.o(.text)
    strncmp                                  0x900004b1   Thumb Code    30  strncmp.o(.text)
    __aeabi_llsl                             0x900004cf   Thumb Code    30  llshl.o(.text)
    _ll_shift_l                              0x900004cf   Thumb Code     0  llshl.o(.text)
    __aeabi_llsr                             0x900004ed   Thumb Code    32  llushr.o(.text)
    _ll_ushift_r                             0x900004ed   Thumb Code     0  llushr.o(.text)
    __scatterload                            0x9000050d   Thumb Code    28  init.o(.text)
    __scatterload_rt2                        0x9000050d   Thumb Code     0  init.o(.text)
    main                                     0x90000531   Thumb Code    10  components.o(.text.$Sub$$main)
    BusFault_Handler                         0x90000541   Thumb Code     2  stm32h7xx_it.o(.text.BusFault_Handler)
    DebugMon_Handler                         0x90000549   Thumb Code     2  stm32h7xx_it.o(.text.DebugMon_Handler)
    Error_Handler                            0x90000551   Thumb Code    10  main.o(.text.Error_Handler)
    HAL_GPIO_Init                            0x90000561   Thumb Code   416  stm32h7xx_hal_gpio.o(.text.HAL_GPIO_Init)
    HAL_GPIO_WritePin                        0x90000701   Thumb Code    10  stm32h7xx_hal_gpio.o(.text.HAL_GPIO_WritePin)
    HAL_GetREVID                             0x90000711   Thumb Code    14  stm32h7xx_hal.o(.text.HAL_GetREVID)
    HAL_GetTick                              0x90000721   Thumb Code     8  board.o(.text.HAL_GetTick)
    HAL_Init                                 0x90000729   Thumb Code   100  stm32h7xx_hal.o(.text.HAL_Init)
    HAL_InitTick                             0x90000791   Thumb Code    84  stm32h7xx_hal.o(.text.HAL_InitTick)
    HAL_MspInit                              0x900007e9   Thumb Code    32  stm32h7xx_hal_msp.o(.text.HAL_MspInit)
    HAL_NVIC_SetPriority                     0x90000809   Thumb Code    30  stm32h7xx_hal_cortex.o(.text.HAL_NVIC_SetPriority)
    HAL_NVIC_SetPriorityGrouping             0x90000829   Thumb Code     8  stm32h7xx_hal_cortex.o(.text.HAL_NVIC_SetPriorityGrouping)
    HAL_PWREx_ConfigSupply                   0x90000831   Thumb Code    72  stm32h7xx_hal_pwr_ex.o(.text.HAL_PWREx_ConfigSupply)
    HAL_RCCEx_GetD3PCLK1Freq                 0x90000879   Thumb Code    38  stm32h7xx_hal_rcc_ex.o(.text.HAL_RCCEx_GetD3PCLK1Freq)
    HAL_RCCEx_GetPLL2ClockFreq               0x900008a1   Thumb Code   296  stm32h7xx_hal_rcc_ex.o(.text.HAL_RCCEx_GetPLL2ClockFreq)
    HAL_RCCEx_GetPLL3ClockFreq               0x900009c9   Thumb Code   296  stm32h7xx_hal_rcc_ex.o(.text.HAL_RCCEx_GetPLL3ClockFreq)
    HAL_RCCEx_PeriphCLKConfig                0x90000af1   Thumb Code  2576  stm32h7xx_hal_rcc_ex.o(.text.HAL_RCCEx_PeriphCLKConfig)
    HAL_RCC_ClockConfig                      0x90001501   Thumb Code   592  stm32h7xx_hal_rcc.o(.text.HAL_RCC_ClockConfig)
    HAL_RCC_GetHCLKFreq                      0x90001751   Thumb Code    76  stm32h7xx_hal_rcc.o(.text.HAL_RCC_GetHCLKFreq)
    HAL_RCC_GetPCLK1Freq                     0x900017a1   Thumb Code    38  stm32h7xx_hal_rcc.o(.text.HAL_RCC_GetPCLK1Freq)
    HAL_RCC_GetPCLK2Freq                     0x900017c9   Thumb Code    38  stm32h7xx_hal_rcc.o(.text.HAL_RCC_GetPCLK2Freq)
    HAL_RCC_GetSysClockFreq                  0x900017f1   Thumb Code   264  stm32h7xx_hal_rcc.o(.text.HAL_RCC_GetSysClockFreq)
    HAL_RCC_OscConfig                        0x900018f9   Thumb Code  1330  stm32h7xx_hal_rcc.o(.text.HAL_RCC_OscConfig)
    HAL_SYSTICK_Config                       0x90001e31   Thumb Code     8  stm32h7xx_hal_cortex.o(.text.HAL_SYSTICK_Config)
    HAL_UARTEx_DisableFifoMode               0x90001e39   Thumb Code    54  stm32h7xx_hal_uart_ex.o(.text.HAL_UARTEx_DisableFifoMode)
    HAL_UARTEx_SetRxFifoThreshold            0x90001e71   Thumb Code    74  stm32h7xx_hal_uart_ex.o(.text.HAL_UARTEx_SetRxFifoThreshold)
    HAL_UARTEx_SetTxFifoThreshold            0x90001ec1   Thumb Code    74  stm32h7xx_hal_uart_ex.o(.text.HAL_UARTEx_SetTxFifoThreshold)
    HAL_UART_Init                            0x90001f11   Thumb Code    98  stm32h7xx_hal_uart.o(.text.HAL_UART_Init)
    HAL_UART_MspInit                         0x90001f79   Thumb Code   144  usart.o(.text.HAL_UART_MspInit)
    HAL_UART_Transmit                        0x90002009   Thumb Code   198  stm32h7xx_hal_uart.o(.text.HAL_UART_Transmit)
    MX_GPIO_Init                             0x900020d1   Thumb Code   120  gpio.o(.text.MX_GPIO_Init)
    MX_USART1_UART_Init                      0x90002149   Thumb Code   122  usart.o(.text.MX_USART1_UART_Init)
    NMI_Handler                              0x900021c9   Thumb Code     2  stm32h7xx_it.o(.text.NMI_Handler)
    SVC_Handler                              0x90002441   Thumb Code     2  stm32h7xx_it.o(.text.SVC_Handler)
    SysTick_Handler                          0x90002479   Thumb Code    16  board.o(.text.SysTick_Handler)
    SystemClock_Config                       0x90002489   Thumb Code   260  main.o(.text.SystemClock_Config)
    SystemInit                               0x90002591   Thumb Code   218  system_stm32h7xx.o(.text.SystemInit)
    UART_AdvFeatureConfig                    0x900026c9   Thumb Code   224  stm32h7xx_hal_uart.o(.text.UART_AdvFeatureConfig)
    UART_CheckIdleState                      0x900027a9   Thumb Code   184  stm32h7xx_hal_uart.o(.text.UART_CheckIdleState)
    UART_SetConfig                           0x900028c1   Thumb Code  1410  stm32h7xx_hal_uart.o(.text.UART_SetConfig)
    UART_WaitOnFlagUntilTimeout              0x90002e49   Thumb Code   186  stm32h7xx_hal_uart.o(.text.UART_WaitOnFlagUntilTimeout)
    UsageFault_Handler                       0x90002f09   Thumb Code     2  stm32h7xx_it.o(.text.UsageFault_Handler)
    __rt_ffs                                 0x90002f69   Thumb Code    56  kservice.o(.text.__rt_ffs)
    cmd_free                                 0x900031f9   Thumb Code    10  msh.o(.text.cmd_free)
    cmd_ps                                   0x90003209   Thumb Code    10  msh.o(.text.cmd_ps)
    finsh_get_prompt                         0x90003249   Thumb Code   150  shell.o(.text.finsh_get_prompt)
    finsh_set_prompt_mode                    0x900032e9   Thumb Code    32  shell.o(.text.finsh_set_prompt_mode)
    finsh_system_function_init               0x90003309   Thumb Code    22  shell.o(.text.finsh_system_function_init)
    finsh_system_init                        0x90003321   Thumb Code   164  shell.o(.text.finsh_system_init)
    finsh_thread_entry                       0x900033c9   Thumb Code   880  shell.o(.text.finsh_thread_entry)
    hello                                    0x900037b1   Thumb Code    32  cmd.o(.text.hello)
    list                                     0x900037d1   Thumb Code   128  cmd.o(.text.list)
    list_mailbox                             0x900038e1   Thumb Code   332  cmd.o(.text.list_mailbox)
    list_mem                                 0x90003a31   Thumb Code   124  mem.o(.text.list_mem)
    list_sem                                 0x90003ab1   Thumb Code   300  cmd.o(.text.list_sem)
    list_thread                              0x90003be1   Thumb Code   384  cmd.o(.text.list_thread)
    list_timer                               0x90003d61   Thumb Code   316  cmd.o(.text.list_timer)
    $Super$$main                             0x90003ea1   Thumb Code    50  main.o(.text.main)
    main_thread_entry                        0x90003ed9   Thumb Code    12  components.o(.text.main_thread_entry)
    msh_auto_complete                        0x90003fc1   Thumb Code   192  msh.o(.text.msh_auto_complete)
    msh_exec                                 0x90004081   Thumb Code   112  msh.o(.text.msh_exec)
    msh_help                                 0x90004159   Thumb Code   144  msh.o(.text.msh_help)
    msh_is_used                              0x900041e9   Thumb Code     4  msh.o(.text.msh_is_used)
    rt_application_init                      0x90004549   Thumb Code    52  components.o(.text.rt_application_init)
    rt_calloc                                0x90004581   Thumb Code    30  mem.o(.text.rt_calloc)
    rt_components_board_init                 0x900045a1   Thumb Code    44  components.o(.text.rt_components_board_init)
    rt_components_init                       0x900045d1   Thumb Code    44  components.o(.text.rt_components_init)
    rt_enter_critical                        0x90004601   Thumb Code    26  scheduler.o(.text.rt_enter_critical)
    rt_exit_critical                         0x90004621   Thumb Code    62  scheduler.o(.text.rt_exit_critical)
    rt_free                                  0x90004661   Thumb Code   240  mem.o(.text.rt_free)
    rt_heap_begin_get                        0x90004751   Thumb Code    10  board.o(.text.rt_heap_begin_get)
    rt_heap_end_get                          0x90004761   Thumb Code    14  board.o(.text.rt_heap_end_get)
    rt_hw_board_init                         0x90004771   Thumb Code    34  board.o(.text.rt_hw_board_init)
    rt_hw_console_getchar                    0x90004799   Thumb Code    36  board.o(.text.rt_hw_console_getchar)
    rt_hw_console_output                     0x900047c1   Thumb Code    96  board.o(.text.rt_hw_console_output)
    rt_hw_cpu_reset                          0x90004821   Thumb Code    18  cpuport.o(.text.rt_hw_cpu_reset)
    rt_hw_hard_fault_exception               0x90004839   Thumb Code   420  cpuport.o(.text.rt_hw_hard_fault_exception)
    rt_hw_stack_init                         0x900049e1   Thumb Code    72  cpuport.o(.text.rt_hw_stack_init)
    rt_interrupt_enter                       0x90004a29   Thumb Code    26  irq.o(.text.rt_interrupt_enter)
    rt_interrupt_leave                       0x90004a49   Thumb Code    26  irq.o(.text.rt_interrupt_leave)
    rt_kprintf                               0x90004ae1   Thumb Code    50  kservice.o(.text.rt_kprintf)
    rt_malloc                                0x90004c49   Thumb Code   370  mem.o(.text.rt_malloc)
    rt_memmove                               0x90004dc1   Thumb Code    66  kservice.o(.text.rt_memmove)
    rt_memset                                0x90004e09   Thumb Code   104  kservice.o(.text.rt_memset)
    rt_object_allocate                       0x90004e71   Thumb Code    80  object.o(.text.rt_object_allocate)
    rt_object_delete                         0x90004ec1   Thumb Code    36  object.o(.text.rt_object_delete)
    rt_object_detach                         0x90004ee9   Thumb Code    30  object.o(.text.rt_object_detach)
    rt_object_get_information                0x90004f09   Thumb Code    32  object.o(.text.rt_object_get_information)
    rt_object_init                           0x90004f29   Thumb Code    80  object.o(.text.rt_object_init)
    rt_object_is_systemobject                0x90004f79   Thumb Code     6  object.o(.text.rt_object_is_systemobject)
    rt_schedule                              0x90004f81   Thumb Code   122  scheduler.o(.text.rt_schedule)
    rt_schedule_insert_thread                0x90005001   Thumb Code    72  scheduler.o(.text.rt_schedule_insert_thread)
    rt_schedule_remove_thread                0x90005049   Thumb Code    66  scheduler.o(.text.rt_schedule_remove_thread)
    rt_sem_init                              0x90005091   Thumb Code    30  ipc.o(.text.rt_sem_init)
    rt_sem_release                           0x900050b1   Thumb Code    78  ipc.o(.text.rt_sem_release)
    rt_sem_take                              0x90005101   Thumb Code   122  ipc.o(.text.rt_sem_take)
    rt_show_version                          0x90005181   Thumb Code   184  kservice.o(.text.rt_show_version)
    rt_strlen                                0x90005239   Thumb Code    16  kservice.o(.text.rt_strlen)
    rt_strncpy                               0x90005249   Thumb Code    50  kservice.o(.text.rt_strncpy)
    rt_system_heap_init                      0x90005281   Thumb Code   208  mem.o(.text.rt_system_heap_init)
    rt_system_scheduler_init                 0x90005351   Thumb Code    86  scheduler.o(.text.rt_system_scheduler_init)
    rt_system_scheduler_start                0x900053a9   Thumb Code    54  scheduler.o(.text.rt_system_scheduler_start)
    rt_system_timer_init                     0x900053e1   Thumb Code    16  timer.o(.text.rt_system_timer_init)
    rt_system_timer_thread_init              0x900053f1   Thumb Code     2  timer.o(.text.rt_system_timer_thread_init)
    rt_thread_create                         0x900053f9   Thumb Code    72  thread.o(.text.rt_thread_create)
    rt_thread_exit                           0x90005441   Thumb Code    82  thread.o(.text.rt_thread_exit)
    rt_thread_idle_excute                    0x900054a1   Thumb Code    78  idle.o(.text.rt_thread_idle_excute)
    rt_thread_idle_init                      0x900054f1   Thumb Code    72  idle.o(.text.rt_thread_idle_init)
    rt_thread_init                           0x90005539   Thumb Code    52  thread.o(.text.rt_thread_init)
    rt_thread_mdelay                         0x90005571   Thumb Code    14  thread.o(.text.rt_thread_mdelay)
    rt_thread_resume                         0x90005581   Thumb Code    60  thread.o(.text.rt_thread_resume)
    rt_thread_self                           0x900055c1   Thumb Code    12  thread.o(.text.rt_thread_self)
    rt_thread_sleep                          0x900055d1   Thumb Code    76  thread.o(.text.rt_thread_sleep)
    rt_thread_startup                        0x90005621   Thumb Code    42  thread.o(.text.rt_thread_startup)
    rt_thread_suspend                        0x90005651   Thumb Code    66  thread.o(.text.rt_thread_suspend)
    rt_thread_timeout                        0x90005699   Thumb Code    30  thread.o(.text.rt_thread_timeout)
    rt_thread_yield                          0x900056b9   Thumb Code    94  thread.o(.text.rt_thread_yield)
    rt_tick_from_millisecond                 0x90005719   Thumb Code    58  clock.o(.text.rt_tick_from_millisecond)
    rt_tick_get                              0x90005759   Thumb Code    12  clock.o(.text.rt_tick_get)
    rt_tick_increase                         0x90005769   Thumb Code    48  clock.o(.text.rt_tick_increase)
    rt_timer_check                           0x90005799   Thumb Code   174  timer.o(.text.rt_timer_check)
    rt_timer_control                         0x90005849   Thumb Code    82  timer.o(.text.rt_timer_control)
    rt_timer_detach                          0x900058a1   Thumb Code    40  timer.o(.text.rt_timer_detach)
    rt_timer_init                            0x900058c9   Thumb Code    44  timer.o(.text.rt_timer_init)
    rt_timer_start                           0x900058f9   Thumb Code   130  timer.o(.text.rt_timer_start)
    rt_timer_stop                            0x90005981   Thumb Code    46  timer.o(.text.rt_timer_stop)
    rt_vsnprintf                             0x900059b1   Thumb Code   784  kservice.o(.text.rt_vsnprintf)
    rtthread_startup                         0x90005ce1   Thumb Code    42  components.o(.text.rtthread_startup)
    version                                  0x90005ee1   Thumb Code    10  cmd.o(.text.version)
    __scatterload_copy                       0x90005eeb   Thumb Code    14  handlers.o(i.__scatterload_copy)
    __scatterload_null                       0x90005ef9   Thumb Code     2  handlers.o(i.__scatterload_null)
    __scatterload_zeroinit                   0x90005efb   Thumb Code    14  handlers.o(i.__scatterload_zeroinit)
    D1CorePrescTable                         0x90005f08   Data          16  system_stm32h7xx.o(.rodata.D1CorePrescTable)
    UARTPrescTable                           0x90005f18   Data          24  stm32h7xx_hal_uart.o(.rodata.UARTPrescTable)
    __lowest_bit_bitmap                      0x90005f30   Data         256  kservice.o(.rodata.__lowest_bit_bitmap)
    __fsym_list_mem_name                     0x90006040   Data           9  mem.o(.rodata.name)
    __fsym_list_mem_desc                     0x90006049   Data          30  mem.o(.rodata.name)
    __fsym_hello_name                        0x90006067   Data           6  cmd.o(.rodata.name)
    __fsym_hello_desc                        0x9000606d   Data          16  cmd.o(.rodata.name)
    __fsym_version_name                      0x9000607d   Data           8  cmd.o(.rodata.name)
    __fsym_version_desc                      0x90006085   Data          35  cmd.o(.rodata.name)
    __fsym___cmd_version_name                0x900060a8   Data          14  cmd.o(.rodata.name)
    __fsym___cmd_version_desc                0x900060b6   Data          35  cmd.o(.rodata.name)
    __fsym_list_thread_name                  0x900060d9   Data          12  cmd.o(.rodata.name)
    __fsym_list_thread_desc                  0x900060e5   Data          12  cmd.o(.rodata.name)
    __fsym___cmd_list_thread_name            0x900060f1   Data          18  cmd.o(.rodata.name)
    __fsym___cmd_list_thread_desc            0x90006103   Data          12  cmd.o(.rodata.name)
    __fsym_list_sem_name                     0x9000610f   Data           9  cmd.o(.rodata.name)
    __fsym_list_sem_desc                     0x90006118   Data          25  cmd.o(.rodata.name)
    __fsym___cmd_list_sem_name               0x90006131   Data          15  cmd.o(.rodata.name)
    __fsym___cmd_list_sem_desc               0x90006140   Data          25  cmd.o(.rodata.name)
    __fsym_list_mailbox_name                 0x90006159   Data          13  cmd.o(.rodata.name)
    __fsym_list_mailbox_desc                 0x90006166   Data          24  cmd.o(.rodata.name)
    __fsym___cmd_list_mailbox_name           0x9000617e   Data          19  cmd.o(.rodata.name)
    __fsym___cmd_list_mailbox_desc           0x90006191   Data          24  cmd.o(.rodata.name)
    __fsym_list_timer_name                   0x900061a9   Data          11  cmd.o(.rodata.name)
    __fsym_list_timer_desc                   0x900061b4   Data          21  cmd.o(.rodata.name)
    __fsym___cmd_list_timer_name             0x900061c9   Data          17  cmd.o(.rodata.name)
    __fsym___cmd_list_timer_desc             0x900061da   Data          21  cmd.o(.rodata.name)
    __fsym_list_name                         0x900061ef   Data           5  cmd.o(.rodata.name)
    __fsym_list_desc                         0x900061f4   Data          26  cmd.o(.rodata.name)
    __fsym___cmd_help_name                   0x9000620e   Data          11  msh.o(.rodata.name)
    __fsym___cmd_help_desc                   0x90006219   Data          22  msh.o(.rodata.name)
    __fsym___cmd_ps_name                     0x9000622f   Data           9  msh.o(.rodata.name)
    __fsym___cmd_ps_desc                     0x90006238   Data          28  msh.o(.rodata.name)
    __fsym___cmd_free_name                   0x90006254   Data          11  msh.o(.rodata.name)
    __fsym___cmd_free_desc                   0x9000625f   Data          37  msh.o(.rodata.name)
    __fsym___cmd_reboot_name                 0x90006284   Data          13  user_cmd.o(.rodata.name)
    __fsym___cmd_reboot_desc                 0x90006291   Data          14  user_cmd.o(.rodata.name)
    __fsym___cmd_clear_name                  0x9000629f   Data          12  user_cmd.o(.rodata.name)
    __fsym___cmd_clear_desc                  0x900062ab   Data          26  user_cmd.o(.rodata.name)
    __rt_init_rti_start                      0x9000640c   Data           4  components.o(.rti_fn.0)
    __rt_init_rti_board_start                0x90006410   Data           4  components.o(.rti_fn.0.end)
    __rt_init_uart_init                      0x90006414   Data           4  board.o(.rti_fn.1)
    __rt_init_rti_board_end                  0x90006418   Data           4  components.o(.rti_fn.1.end)
    __rt_init_finsh_system_init              0x9000641c   Data           4  shell.o(.rti_fn.6)
    __rt_init_rti_end                        0x90006420   Data           4  components.o(.rti_fn.6.end)
    FSymTab$$Base                            0x90006424   Number         0  mem.o(FSymTab)
    __fsym_list_mem                          0x90006424   Data          12  mem.o(FSymTab)
    __fsym_hello                             0x90006430   Data          12  cmd.o(FSymTab)
    __fsym_version                           0x9000643c   Data          12  cmd.o(FSymTab)
    __fsym___cmd_version                     0x90006448   Data          12  cmd.o(FSymTab)
    __fsym_list_thread                       0x90006454   Data          12  cmd.o(FSymTab)
    __fsym___cmd_list_thread                 0x90006460   Data          12  cmd.o(FSymTab)
    __fsym_list_sem                          0x9000646c   Data          12  cmd.o(FSymTab)
    __fsym___cmd_list_sem                    0x90006478   Data          12  cmd.o(FSymTab)
    __fsym_list_mailbox                      0x90006484   Data          12  cmd.o(FSymTab)
    __fsym___cmd_list_mailbox                0x90006490   Data          12  cmd.o(FSymTab)
    __fsym_list_timer                        0x9000649c   Data          12  cmd.o(FSymTab)
    __fsym___cmd_list_timer                  0x900064a8   Data          12  cmd.o(FSymTab)
    __fsym_list                              0x900064b4   Data          12  cmd.o(FSymTab)
    __fsym___cmd_help                        0x900064c0   Data          12  msh.o(FSymTab)
    __fsym___cmd_ps                          0x900064cc   Data          12  msh.o(FSymTab)
    __fsym___cmd_free                        0x900064d8   Data          12  msh.o(FSymTab)
    __fsym___cmd_reboot                      0x900064e4   Data          12  user_cmd.o(FSymTab)
    __fsym___cmd_clear                       0x900064f0   Data          12  user_cmd.o(FSymTab)
    FSymTab$$Limit                           0x900064fc   Number         0  user_cmd.o(FSymTab)
    Region$$Table$$Base                      0x900064fc   Number         0  anon$$obj.o(Region$$Table)
    Region$$Table$$Limit                     0x9000651c   Number         0  anon$$obj.o(Region$$Table)



==============================================================================

Memory Map of the image

  Image Entry point : 0x90000299

  Load Region LR_ROM1 (Base: 0x90000000, Size: 0x00006570, Max: 0x00800000, ABSOLUTE)

    Execution Region RW_IRAM1 (Exec base: 0x20000000, Load base: 0x9000651c, Size: 0x00000000, Max: 0x00020000, ABSOLUTE)

    **** No section assigned to this execution region ****


    Execution Region RW_IRAM2 (Exec base: 0x24000000, Load base: 0x90006520, Size: 0x000045e8, Max: 0x00080000, ABSOLUTE)

    Exec Addr    Load Addr    Size         Type   Attr      Idx    E Section Name        Object

    0x24000000   0x90006520   0x00000004   Data   RW         1170    .data.SystemCoreClock  system_stm32h7xx.o
    0x24000004   0x90006524   0x00000004   Data   RW         1171    .data.SystemD2Clock  system_stm32h7xx.o
    0x24000008   0x90006528   0x00000040   Data   RW         1455    .data.rt_object_container  object.o
    0x24000048   0x90006568   0x00000001   Data   RW          744    .data.uwTickFreq    stm32h7xx_hal.o
    0x24000049   0x90006569   0x00000003   PAD
    0x2400004c   0x9000656c   0x00000004   Data   RW          743    .data.uwTickPrio    stm32h7xx_hal.o
    0x24000050        -       0x00000004   Zero   RW         1704    .bss._syscall_table_begin  shell.o
    0x24000054        -       0x00000004   Zero   RW         1705    .bss._syscall_table_end  shell.o
    0x24000058        -       0x00000101   Zero   RW         1709    .bss.finsh_get_prompt.finsh_prompt  shell.o
    0x24000159   0x90006570   0x00000003   PAD
    0x2400015c        -       0x00000004   Zero   RW         1708    .bss.finsh_prompt_custom  shell.o
    0x24000160        -       0x00000004   Zero   RW         1412    .bss.heap_end       mem.o
    0x24000164        -       0x00000004   Zero   RW         1411    .bss.heap_ptr       mem.o
    0x24000168        -       0x00000020   Zero   RW         1413    .bss.heap_sem       mem.o
    0x24000188        -       0x00000094   Zero   RW           40    .bss.huart1         usart.o
    0x2400021c        -       0x00000078   Zero   RW         1245    .bss.idle           idle.o
    0x24000294        -       0x00000004   Zero   RW         1414    .bss.lfree          mem.o
    0x24000298        -       0x00000004   Zero   RW         1416    .bss.max_mem        mem.o
    0x2400029c        -       0x00000004   Zero   RW         1410    .bss.mem_size_aligned  mem.o
    0x240002a0        -       0x00000001   Zero   RW         1491    .bss.rt_current_priority  scheduler.o
    0x240002a1   0x90006570   0x00000003   PAD
    0x240002a4        -       0x00000004   Zero   RW         1488    .bss.rt_current_thread  scheduler.o
    0x240002a8        -       0x00000004   Zero   RW         1776    .bss.rt_exception_hook  cpuport.o
    0x240002ac        -       0x00003c00   Zero   RW         1807    .bss.rt_heap        board.o
    0x24003eac        -       0x00000004   Zero   RW         1778    .bss.rt_interrupt_from_thread  cpuport.o
    0x24003eb0        -       0x00000001   Zero   RW         1315    .bss.rt_interrupt_nest  irq.o
    0x24003eb1   0x90006570   0x00000003   PAD
    0x24003eb4        -       0x00000004   Zero   RW         1779    .bss.rt_interrupt_to_thread  cpuport.o
    0x24003eb8        -       0x00000100   Zero   RW         1384    .bss.rt_kprintf.rt_log_buf  kservice.o
    0x24003fb8        -       0x00000002   Zero   RW         1489    .bss.rt_scheduler_lock_nest  scheduler.o
    0x24003fba   0x90006570   0x00000002   PAD
    0x24003fbc        -       0x00000008   Zero   RW         1493    .bss.rt_thread_defunct  scheduler.o
    0x24003fc4        -       0x00000100   Zero   RW         1490    .bss.rt_thread_priority_table  scheduler.o
    0x240040c4        -       0x00000004   Zero   RW         1492    .bss.rt_thread_ready_priority_group  scheduler.o
    0x240040c8        -       0x00000100   Zero   RW         1246    .bss.rt_thread_stack  idle.o
    0x240041c8        -       0x00000004   Zero   RW         1780    .bss.rt_thread_switch_interrupt_flag  cpuport.o
    0x240041cc        -       0x00000004   Zero   RW         1191    .bss.rt_tick        clock.o
    0x240041d0        -       0x00000008   Zero   RW         1594    .bss.rt_timer_list  timer.o
    0x240041d8        -       0x00000004   Zero   RW         1593    .bss.rt_timer_start.random_nr  timer.o
    0x240041dc        -       0x00000004   Zero   RW         1710    .bss.shell          shell.o
    0x240041e0        -       0x00000004   Zero   RW         1415    .bss.used_mem       mem.o
    0x240041e4   0x90006570   0x00000004   PAD
    0x240041e8        -       0x00000400   Zero   RW            1    STACK               startup_stm32h750xx.o


    Execution Region ER_ROM1 (Exec base: 0x90000000, Load base: 0x90000000, Size: 0x0000651c, Max: 0x00800000, ABSOLUTE)

    Exec Addr    Load Addr    Size         Type   Attr      Idx    E Section Name        Object

    0x90000000   0x90000000   0x00000298   Data   RO            3    RESET               startup_stm32h750xx.o
    0x90000298   0x90000298   0x00000000   Code   RO         1830  * .ARM.Collect$$$$00000000  mc_w.l(entry.o)
    0x90000298   0x90000298   0x00000004   Code   RO         1845    .ARM.Collect$$$$00000001  mc_w.l(entry2.o)
    0x9000029c   0x9000029c   0x00000004   Code   RO         1848    .ARM.Collect$$$$00000004  mc_w.l(entry5.o)
    0x900002a0   0x900002a0   0x00000000   Code   RO         1850    .ARM.Collect$$$$00000008  mc_w.l(entry7b.o)
    0x900002a0   0x900002a0   0x00000000   Code   RO         1852    .ARM.Collect$$$$0000000A  mc_w.l(entry8b.o)
    0x900002a0   0x900002a0   0x00000008   Code   RO         1853    .ARM.Collect$$$$0000000B  mc_w.l(entry9a.o)
    0x900002a8   0x900002a8   0x00000000   Code   RO         1855    .ARM.Collect$$$$0000000D  mc_w.l(entry10a.o)
    0x900002a8   0x900002a8   0x00000000   Code   RO         1857    .ARM.Collect$$$$0000000F  mc_w.l(entry11a.o)
    0x900002a8   0x900002a8   0x00000004   Code   RO         1846    .ARM.Collect$$$$00002712  mc_w.l(entry2.o)
    0x900002ac   0x900002ac   0x00000024   Code   RO            4    .text               startup_stm32h750xx.o
    0x900002d0   0x900002d0   0x00000134   Code   RO         1729    .text               context_rvds.o
    0x90000404   0x90000404   0x00000062   Code   RO         1833    .text               mc_w.l(uldiv.o)
    0x90000466   0x90000466   0x00000024   Code   RO         1835    .text               mc_w.l(memseta.o)
    0x9000048a   0x9000048a   0x00000018   Code   RO         1837    .text               mc_w.l(strncpy.o)
    0x900004a2   0x900004a2   0x0000000e   Code   RO         1839    .text               mc_w.l(strlen.o)
    0x900004b0   0x900004b0   0x0000001e   Code   RO         1843    .text               mc_w.l(strncmp.o)
    0x900004ce   0x900004ce   0x0000001e   Code   RO         1859    .text               mc_w.l(llshl.o)
    0x900004ec   0x900004ec   0x00000020   Code   RO         1861    .text               mc_w.l(llushr.o)
    0x9000050c   0x9000050c   0x00000024   Code   RO         1863    .text               mc_w.l(init.o)
    0x90000530   0x90000530   0x0000000a   Code   RO         1212    .text.$Sub$$main    components.o
    0x9000053a   0x9000053a   0x00000006   PAD
    0x90000540   0x90000540   0x00000002   Code   RO           51    .text.BusFault_Handler  stm32h7xx_it.o
    0x90000542   0x90000542   0x00000006   PAD
    0x90000548   0x90000548   0x00000002   Code   RO           57    .text.DebugMon_Handler  stm32h7xx_it.o
    0x9000054a   0x9000054a   0x00000006   PAD
    0x90000550   0x90000550   0x0000000a   Code   RO           15    .text.Error_Handler  main.o
    0x9000055a   0x9000055a   0x00000006   PAD
    0x90000560   0x90000560   0x000001a0   Code   RO          345    .text.HAL_GPIO_Init  stm32h7xx_hal_gpio.o
    0x90000700   0x90000700   0x0000000a   Code   RO          351    .text.HAL_GPIO_WritePin  stm32h7xx_hal_gpio.o
    0x9000070a   0x9000070a   0x00000006   PAD
    0x90000710   0x90000710   0x0000000e   Code   RO          675    .text.HAL_GetREVID  stm32h7xx_hal.o
    0x9000071e   0x9000071e   0x00000002   PAD
    0x90000720   0x90000720   0x00000008   Code   RO         1797    .text.HAL_GetTick   board.o
    0x90000728   0x90000728   0x00000064   Code   RO          647    .text.HAL_Init      stm32h7xx_hal.o
    0x9000078c   0x9000078c   0x00000004   PAD
    0x90000790   0x90000790   0x00000054   Code   RO          649    .text.HAL_InitTick  stm32h7xx_hal.o
    0x900007e4   0x900007e4   0x00000004   PAD
    0x900007e8   0x900007e8   0x00000020   Code   RO           66    .text.HAL_MspInit   stm32h7xx_hal_msp.o
    0x90000808   0x90000808   0x0000001e   Code   RO           78    .text.HAL_NVIC_SetPriority  stm32h7xx_hal_cortex.o
    0x90000826   0x90000826   0x00000002   PAD
    0x90000828   0x90000828   0x00000008   Code   RO           74    .text.HAL_NVIC_SetPriorityGrouping  stm32h7xx_hal_cortex.o
    0x90000830   0x90000830   0x00000048   Code   RO          559    .text.HAL_PWREx_ConfigSupply  stm32h7xx_hal_pwr_ex.o
    0x90000878   0x90000878   0x00000026   Code   RO          200    .text.HAL_RCCEx_GetD3PCLK1Freq  stm32h7xx_hal_rcc_ex.o
    0x9000089e   0x9000089e   0x00000002   PAD
    0x900008a0   0x900008a0   0x00000128   Code   RO          196    .text.HAL_RCCEx_GetPLL2ClockFreq  stm32h7xx_hal_rcc_ex.o
    0x900009c8   0x900009c8   0x00000128   Code   RO          198    .text.HAL_RCCEx_GetPLL3ClockFreq  stm32h7xx_hal_rcc_ex.o
    0x90000af0   0x90000af0   0x00000a10   Code   RO          184    .text.HAL_RCCEx_PeriphCLKConfig  stm32h7xx_hal_rcc_ex.o
    0x90001500   0x90001500   0x00000250   Code   RO          152    .text.HAL_RCC_ClockConfig  stm32h7xx_hal_rcc.o
    0x90001750   0x90001750   0x0000004c   Code   RO          162    .text.HAL_RCC_GetHCLKFreq  stm32h7xx_hal_rcc.o
    0x9000179c   0x9000179c   0x00000004   PAD
    0x900017a0   0x900017a0   0x00000026   Code   RO          164    .text.HAL_RCC_GetPCLK1Freq  stm32h7xx_hal_rcc.o
    0x900017c6   0x900017c6   0x00000002   PAD
    0x900017c8   0x900017c8   0x00000026   Code   RO          166    .text.HAL_RCC_GetPCLK2Freq  stm32h7xx_hal_rcc.o
    0x900017ee   0x900017ee   0x00000002   PAD
    0x900017f0   0x900017f0   0x00000108   Code   RO          154    .text.HAL_RCC_GetSysClockFreq  stm32h7xx_hal_rcc.o
    0x900018f8   0x900018f8   0x00000532   Code   RO          150    .text.HAL_RCC_OscConfig  stm32h7xx_hal_rcc.o
    0x90001e2a   0x90001e2a   0x00000006   PAD
    0x90001e30   0x90001e30   0x00000008   Code   RO           98    .text.HAL_SYSTICK_Config  stm32h7xx_hal_cortex.o
    0x90001e38   0x90001e38   0x00000036   Code   RO         1143    .text.HAL_UARTEx_DisableFifoMode  stm32h7xx_hal_uart_ex.o
    0x90001e6e   0x90001e6e   0x00000002   PAD
    0x90001e70   0x90001e70   0x0000004a   Code   RO         1147    .text.HAL_UARTEx_SetRxFifoThreshold  stm32h7xx_hal_uart_ex.o
    0x90001eba   0x90001eba   0x00000006   PAD
    0x90001ec0   0x90001ec0   0x0000004a   Code   RO         1145    .text.HAL_UARTEx_SetTxFifoThreshold  stm32h7xx_hal_uart_ex.o
    0x90001f0a   0x90001f0a   0x00000006   PAD
    0x90001f10   0x90001f10   0x00000062   Code   RO          972    .text.HAL_UART_Init  stm32h7xx_hal_uart.o
    0x90001f72   0x90001f72   0x00000006   PAD
    0x90001f78   0x90001f78   0x00000090   Code   RO           36    .text.HAL_UART_MspInit  usart.o
    0x90002008   0x90002008   0x000000c6   Code   RO          992    .text.HAL_UART_Transmit  stm32h7xx_hal_uart.o
    0x900020ce   0x900020ce   0x00000002   PAD
    0x900020d0   0x900020d0   0x00000078   Code   RO           25    .text.MX_GPIO_Init  gpio.o
    0x90002148   0x90002148   0x0000007a   Code   RO           34    .text.MX_USART1_UART_Init  usart.o
    0x900021c2   0x900021c2   0x00000006   PAD
    0x900021c8   0x900021c8   0x00000002   Code   RO           49    .text.NMI_Handler   stm32h7xx_it.o
    0x900021ca   0x900021ca   0x00000006   PAD
    0x900021d0   0x900021d0   0x0000002e   Code   RO           84    .text.NVIC_EncodePriority  stm32h7xx_hal_cortex.o
    0x900021fe   0x900021fe   0x00000002   PAD
    0x90002200   0x90002200   0x0000011e   Code   RO          186    .text.RCCEx_PLL2_Config  stm32h7xx_hal_rcc_ex.o
    0x9000231e   0x9000231e   0x00000002   PAD
    0x90002320   0x90002320   0x0000011e   Code   RO          188    .text.RCCEx_PLL3_Config  stm32h7xx_hal_rcc_ex.o
    0x9000243e   0x9000243e   0x00000002   PAD
    0x90002440   0x90002440   0x00000002   Code   RO           55    .text.SVC_Handler   stm32h7xx_it.o
    0x90002442   0x90002442   0x00000006   PAD
    0x90002448   0x90002448   0x0000002e   Code   RO          100    .text.SysTick_Config  stm32h7xx_hal_cortex.o
    0x90002476   0x90002476   0x00000002   PAD
    0x90002478   0x90002478   0x00000010   Code   RO         1795    .text.SysTick_Handler  board.o
    0x90002488   0x90002488   0x00000104   Code   RO           13    .text.SystemClock_Config  main.o
    0x9000258c   0x9000258c   0x00000004   PAD
    0x90002590   0x90002590   0x000000da   Code   RO         1166    .text.SystemInit    system_stm32h7xx.o
    0x9000266a   0x9000266a   0x00000006   PAD
    0x90002670   0x90002670   0x00000054   Code   RO         1141    .text.UARTEx_SetNbDataToProcess  stm32h7xx_hal_uart_ex.o
    0x900026c4   0x900026c4   0x00000004   PAD
    0x900026c8   0x900026c8   0x000000e0   Code   RO          978    .text.UART_AdvFeatureConfig  stm32h7xx_hal_uart.o
    0x900027a8   0x900027a8   0x000000b8   Code   RO          980    .text.UART_CheckIdleState  stm32h7xx_hal_uart.o
    0x90002860   0x90002860   0x0000005a   Code   RO         1032    .text.UART_EndRxTransfer  stm32h7xx_hal_uart.o
    0x900028ba   0x900028ba   0x00000006   PAD
    0x900028c0   0x900028c0   0x00000582   Code   RO          976    .text.UART_SetConfig  stm32h7xx_hal_uart.o
    0x90002e42   0x90002e42   0x00000006   PAD
    0x90002e48   0x90002e48   0x000000ba   Code   RO          994    .text.UART_WaitOnFlagUntilTimeout  stm32h7xx_hal_uart.o
    0x90002f02   0x90002f02   0x00000006   PAD
    0x90002f08   0x90002f08   0x00000002   Code   RO           53    .text.UsageFault_Handler  stm32h7xx_it.o
    0x90002f0a   0x90002f0a   0x00000006   PAD
    0x90002f10   0x90002f10   0x00000010   Code   RO           80    .text.__NVIC_GetPriorityGrouping  stm32h7xx_hal_cortex.o
    0x90002f20   0x90002f20   0x00000022   Code   RO           82    .text.__NVIC_SetPriority  stm32h7xx_hal_cortex.o
    0x90002f42   0x90002f42   0x00000006   PAD
    0x90002f48   0x90002f48   0x00000020   Code   RO           76    .text.__NVIC_SetPriorityGrouping  stm32h7xx_hal_cortex.o
    0x90002f68   0x90002f68   0x00000038   Code   RO         1378    .text.__rt_ffs      kservice.o
    0x90002fa0   0x90002fa0   0x00000012   Code   RO         1235    .text._has_defunct_thread  idle.o
    0x90002fb2   0x90002fb2   0x00000006   PAD
    0x90002fb8   0x90002fb8   0x00000064   Code   RO         1659    .text._msh_exec_cmd  msh.o
    0x9000301c   0x9000301c   0x00000004   PAD
    0x90003020   0x90003020   0x00000082   Code   RO         1511    .text._rt_thread_init  thread.o
    0x900030a2   0x900030a2   0x00000006   PAD
    0x900030a8   0x900030a8   0x00000020   Code   RO         1559    .text._rt_timer_init  timer.o
    0x900030c8   0x900030c8   0x0000000a   Code   RO         1563    .text._rt_timer_remove  timer.o
    0x900030d2   0x900030d2   0x00000006   PAD
    0x900030d8   0x900030d8   0x0000001a   Code   RO         1505    .text._thread_cleanup_execute  thread.o
    0x900030f2   0x900030f2   0x00000006   PAD
    0x900030f8   0x900030f8   0x000000e8   Code   RO         1770    .text.bus_fault_track  cpuport.o
    0x900031e0   0x900031e0   0x00000014   Code   RO         1819    .text.clear         user_cmd.o
    0x900031f4   0x900031f4   0x00000004   PAD
    0x900031f8   0x900031f8   0x0000000a   Code   RO         1655    .text.cmd_free      msh.o
    0x90003202   0x90003202   0x00000006   PAD
    0x90003208   0x90003208   0x0000000a   Code   RO         1653    .text.cmd_ps        msh.o
    0x90003212   0x90003212   0x00000006   PAD
    0x90003218   0x90003218   0x0000002a   Code   RO         1380    .text.divide        kservice.o
    0x90003242   0x90003242   0x00000006   PAD
    0x90003248   0x90003248   0x00000096   Code   RO         1682    .text.finsh_get_prompt  shell.o
    0x900032de   0x900032de   0x00000002   PAD
    0x900032e0   0x900032e0   0x00000008   Code   RO         1694    .text.finsh_getchar  shell.o
    0x900032e8   0x900032e8   0x00000020   Code   RO         1686    .text.finsh_set_prompt_mode  shell.o
    0x90003308   0x90003308   0x00000016   Code   RO         1698    .text.finsh_system_function_init  shell.o
    0x9000331e   0x9000331e   0x00000002   PAD
    0x90003320   0x90003320   0x000000a4   Code   RO         1702    .text.finsh_system_init  shell.o
    0x900033c4   0x900033c4   0x00000004   PAD
    0x900033c8   0x900033c8   0x00000370   Code   RO         1692    .text.finsh_thread_entry  shell.o
    0x90003738   0x90003738   0x00000074   Code   RO         1764    .text.hard_fault_track  cpuport.o
    0x900037ac   0x900037ac   0x00000004   PAD
    0x900037b0   0x900037b0   0x00000020   Code   RO         1604    .text.hello         cmd.o
    0x900037d0   0x900037d0   0x00000080   Code   RO         1628    .text.list          cmd.o
    0x90003850   0x90003850   0x00000020   Code   RO         1610    .text.list_find_init  cmd.o
    0x90003870   0x90003870   0x0000006a   Code   RO         1614    .text.list_get_next  cmd.o
    0x900038da   0x900038da   0x00000006   PAD
    0x900038e0   0x900038e0   0x0000014c   Code   RO         1624    .text.list_mailbox  cmd.o
    0x90003a2c   0x90003a2c   0x00000004   PAD
    0x90003a30   0x90003a30   0x0000007c   Code   RO         1408    .text.list_mem      mem.o
    0x90003aac   0x90003aac   0x00000004   PAD
    0x90003ab0   0x90003ab0   0x0000012c   Code   RO         1616    .text.list_sem      cmd.o
    0x90003bdc   0x90003bdc   0x00000004   PAD
    0x90003be0   0x90003be0   0x00000180   Code   RO         1608    .text.list_thread   cmd.o
    0x90003d60   0x90003d60   0x0000013c   Code   RO         1626    .text.list_timer    cmd.o
    0x90003e9c   0x90003e9c   0x00000004   PAD
    0x90003ea0   0x90003ea0   0x00000032   Code   RO           11    .text.main          main.o
    0x90003ed2   0x90003ed2   0x00000006   PAD
    0x90003ed8   0x90003ed8   0x0000000c   Code   RO         1216    .text.main_thread_entry  components.o
    0x90003ee4   0x90003ee4   0x00000004   PAD
    0x90003ee8   0x90003ee8   0x000000d8   Code   RO         1772    .text.mem_manage_fault_track  cpuport.o
    0x90003fc0   0x90003fc0   0x000000c0   Code   RO         1661    .text.msh_auto_complete  msh.o
    0x90004080   0x90004080   0x00000070   Code   RO         1657    .text.msh_exec      msh.o
    0x900040f0   0x900040f0   0x00000068   Code   RO         1665    .text.msh_get_cmd   msh.o
    0x90004158   0x90004158   0x00000090   Code   RO         1651    .text.msh_help      msh.o
    0x900041e8   0x900041e8   0x00000004   Code   RO         1649    .text.msh_is_used   msh.o
    0x900041ec   0x900041ec   0x00000004   PAD
    0x900041f0   0x900041f0   0x00000108   Code   RO         1667    .text.msh_split     msh.o
    0x900042f8   0x900042f8   0x00000018   Code   RO         1612    .text.object_split  cmd.o
    0x90004310   0x90004310   0x0000007c   Code   RO         1402    .text.plug_holes    mem.o
    0x9000438c   0x9000438c   0x00000004   PAD
    0x90004390   0x90004390   0x000001aa   Code   RO         1362    .text.print_number  kservice.o
    0x9000453a   0x9000453a   0x00000006   PAD
    0x90004540   0x90004540   0x00000008   Code   RO         1817    .text.reboot        user_cmd.o
    0x90004548   0x90004548   0x00000034   Code   RO         1218    .text.rt_application_init  components.o
    0x9000457c   0x9000457c   0x00000004   PAD
    0x90004580   0x90004580   0x0000001e   Code   RO         1404    .text.rt_calloc     mem.o
    0x9000459e   0x9000459e   0x00000002   PAD
    0x900045a0   0x900045a0   0x0000002c   Code   RO         1208    .text.rt_components_board_init  components.o
    0x900045cc   0x900045cc   0x00000004   PAD
    0x900045d0   0x900045d0   0x0000002c   Code   RO         1210    .text.rt_components_init  components.o
    0x900045fc   0x900045fc   0x00000004   PAD
    0x90004600   0x90004600   0x0000001a   Code   RO         1482    .text.rt_enter_critical  scheduler.o
    0x9000461a   0x9000461a   0x00000006   PAD
    0x90004620   0x90004620   0x0000003e   Code   RO         1484    .text.rt_exit_critical  scheduler.o
    0x9000465e   0x9000465e   0x00000002   PAD
    0x90004660   0x90004660   0x000000f0   Code   RO         1400    .text.rt_free       mem.o
    0x90004750   0x90004750   0x0000000a   Code   RO         1789    .text.rt_heap_begin_get  board.o
    0x9000475a   0x9000475a   0x00000006   PAD
    0x90004760   0x90004760   0x0000000e   Code   RO         1791    .text.rt_heap_end_get  board.o
    0x9000476e   0x9000476e   0x00000002   PAD
    0x90004770   0x90004770   0x00000022   Code   RO         1799    .text.rt_hw_board_init  board.o
    0x90004792   0x90004792   0x00000006   PAD
    0x90004798   0x90004798   0x00000024   Code   RO         1805    .text.rt_hw_console_getchar  board.o
    0x900047bc   0x900047bc   0x00000004   PAD
    0x900047c0   0x900047c0   0x00000060   Code   RO         1803    .text.rt_hw_console_output  board.o
    0x90004820   0x90004820   0x00000012   Code   RO         1768    .text.rt_hw_cpu_reset  cpuport.o
    0x90004832   0x90004832   0x00000006   PAD
    0x90004838   0x90004838   0x000001a4   Code   RO         1762    .text.rt_hw_hard_fault_exception  cpuport.o
    0x900049dc   0x900049dc   0x00000004   PAD
    0x900049e0   0x900049e0   0x00000048   Code   RO         1758    .text.rt_hw_stack_init  cpuport.o
    0x90004a28   0x90004a28   0x0000001a   Code   RO         1309    .text.rt_interrupt_enter  irq.o
    0x90004a42   0x90004a42   0x00000006   PAD
    0x90004a48   0x90004a48   0x0000001a   Code   RO         1311    .text.rt_interrupt_leave  irq.o
    0x90004a62   0x90004a62   0x00000006   PAD
    0x90004a68   0x90004a68   0x0000000c   Code   RO         1277    .text.rt_ipc_list_resume  ipc.o
    0x90004a74   0x90004a74   0x00000004   PAD
    0x90004a78   0x90004a78   0x00000056   Code   RO         1269    .text.rt_ipc_list_suspend  ipc.o
    0x90004ace   0x90004ace   0x00000002   PAD
    0x90004ad0   0x90004ad0   0x0000000a   Code   RO         1257    .text.rt_ipc_object_init  ipc.o
    0x90004ada   0x90004ada   0x00000006   PAD
    0x90004ae0   0x90004ae0   0x00000032   Code   RO         1356    .text.rt_kprintf    kservice.o
    0x90004b12   0x90004b12   0x00000006   PAD
    0x90004b18   0x90004b18   0x00000006   Code   RO         1283    .text.rt_list_init  ipc.o
    0x90004b1e   0x90004b1e   0x00000002   PAD
    0x90004b20   0x90004b20   0x00000006   Code   RO         1466    .text.rt_list_init  scheduler.o
    0x90004b26   0x90004b26   0x00000002   PAD
    0x90004b28   0x90004b28   0x00000006   Code   RO         1547    .text.rt_list_init  thread.o
    0x90004b2e   0x90004b2e   0x00000002   PAD
    0x90004b30   0x90004b30   0x00000006   Code   RO         1579    .text.rt_list_init  timer.o
    0x90004b36   0x90004b36   0x00000002   PAD
    0x90004b38   0x90004b38   0x0000000c   Code   RO         1439    .text.rt_list_insert_after  object.o
    0x90004b44   0x90004b44   0x00000004   PAD
    0x90004b48   0x90004b48   0x00000014   Code   RO         1507    .text.rt_list_insert_after  thread.o
    0x90004b5c   0x90004b5c   0x00000004   PAD
    0x90004b60   0x90004b60   0x0000000c   Code   RO         1571    .text.rt_list_insert_after  timer.o
    0x90004b6c   0x90004b6c   0x00000004   PAD
    0x90004b70   0x90004b70   0x0000000c   Code   RO         1299    .text.rt_list_insert_before  ipc.o
    0x90004b7c   0x90004b7c   0x00000004   PAD
    0x90004b80   0x90004b80   0x0000000c   Code   RO         1474    .text.rt_list_insert_before  scheduler.o
    0x90004b8c   0x90004b8c   0x00000004   PAD
    0x90004b90   0x90004b90   0x0000000c   Code   RO         1529    .text.rt_list_insert_before  thread.o
    0x90004b9c   0x90004b9c   0x00000004   PAD
    0x90004ba0   0x90004ba0   0x0000000c   Code   RO         1275    .text.rt_list_isempty  ipc.o
    0x90004bac   0x90004bac   0x00000004   PAD
    0x90004bb0   0x90004bb0   0x0000000c   Code   RO         1480    .text.rt_list_isempty  scheduler.o
    0x90004bbc   0x90004bbc   0x00000004   PAD
    0x90004bc0   0x90004bc0   0x0000000c   Code   RO         1581    .text.rt_list_isempty  timer.o
    0x90004bcc   0x90004bcc   0x00000004   PAD
    0x90004bd0   0x90004bd0   0x0000000c   Code   RO         1618    .text.rt_list_isempty  cmd.o
    0x90004bdc   0x90004bdc   0x00000004   PAD
    0x90004be0   0x90004be0   0x00000012   Code   RO         1620    .text.rt_list_len   cmd.o
    0x90004bf2   0x90004bf2   0x00000006   PAD
    0x90004bf8   0x90004bf8   0x00000010   Code   RO         1237    .text.rt_list_remove  idle.o
    0x90004c08   0x90004c08   0x00000010   Code   RO         1443    .text.rt_list_remove  object.o
    0x90004c18   0x90004c18   0x00000010   Code   RO         1478    .text.rt_list_remove  scheduler.o
    0x90004c28   0x90004c28   0x00000010   Code   RO         1527    .text.rt_list_remove  thread.o
    0x90004c38   0x90004c38   0x00000010   Code   RO         1583    .text.rt_list_remove  timer.o
    0x90004c48   0x90004c48   0x00000172   Code   RO         1396    .text.rt_malloc     mem.o
    0x90004dba   0x90004dba   0x00000006   PAD
    0x90004dc0   0x90004dc0   0x00000042   Code   RO         1334    .text.rt_memmove    kservice.o
    0x90004e02   0x90004e02   0x00000006   PAD
    0x90004e08   0x90004e08   0x00000068   Code   RO         1330    .text.rt_memset     kservice.o
    0x90004e70   0x90004e70   0x00000050   Code   RO         1445    .text.rt_object_allocate  object.o
    0x90004ec0   0x90004ec0   0x00000024   Code   RO         1447    .text.rt_object_delete  object.o
    0x90004ee4   0x90004ee4   0x00000004   PAD
    0x90004ee8   0x90004ee8   0x0000001e   Code   RO         1441    .text.rt_object_detach  object.o
    0x90004f06   0x90004f06   0x00000002   PAD
    0x90004f08   0x90004f08   0x00000020   Code   RO         1431    .text.rt_object_get_information  object.o
    0x90004f28   0x90004f28   0x00000050   Code   RO         1437    .text.rt_object_init  object.o
    0x90004f78   0x90004f78   0x00000006   Code   RO         1449    .text.rt_object_is_systemobject  object.o
    0x90004f7e   0x90004f7e   0x00000002   PAD
    0x90004f80   0x90004f80   0x0000007a   Code   RO         1470    .text.rt_schedule   scheduler.o
    0x90004ffa   0x90004ffa   0x00000006   PAD
    0x90005000   0x90005000   0x00000048   Code   RO         1472    .text.rt_schedule_insert_thread  scheduler.o
    0x90005048   0x90005048   0x00000042   Code   RO         1476    .text.rt_schedule_remove_thread  scheduler.o
    0x9000508a   0x9000508a   0x00000006   PAD
    0x90005090   0x90005090   0x0000001e   Code   RO         1255    .text.rt_sem_init   ipc.o
    0x900050ae   0x900050ae   0x00000002   PAD
    0x900050b0   0x900050b0   0x0000004e   Code   RO         1273    .text.rt_sem_release  ipc.o
    0x900050fe   0x900050fe   0x00000002   PAD
    0x90005100   0x90005100   0x0000007a   Code   RO         1267    .text.rt_sem_take   ipc.o
    0x9000517a   0x9000517a   0x00000006   PAD
    0x90005180   0x90005180   0x000000b8   Code   RO         1354    .text.rt_show_version  kservice.o
    0x90005238   0x90005238   0x00000010   Code   RO         1340    .text.rt_strlen     kservice.o
    0x90005248   0x90005248   0x00000032   Code   RO         1344    .text.rt_strncpy    kservice.o
    0x9000527a   0x9000527a   0x00000006   PAD
    0x90005280   0x90005280   0x000000d0   Code   RO         1394    .text.rt_system_heap_init  mem.o
    0x90005350   0x90005350   0x00000056   Code   RO         1464    .text.rt_system_scheduler_init  scheduler.o
    0x900053a6   0x900053a6   0x00000002   PAD
    0x900053a8   0x900053a8   0x00000036   Code   RO         1468    .text.rt_system_scheduler_start  scheduler.o
    0x900053de   0x900053de   0x00000002   PAD
    0x900053e0   0x900053e0   0x00000010   Code   RO         1589    .text.rt_system_timer_init  timer.o
    0x900053f0   0x900053f0   0x00000002   Code   RO         1591    .text.rt_system_timer_thread_init  timer.o
    0x900053f2   0x900053f2   0x00000006   PAD
    0x900053f8   0x900053f8   0x00000048   Code   RO         1521    .text.rt_thread_create  thread.o
    0x90005440   0x90005440   0x00000052   Code   RO         1503    .text.rt_thread_exit  thread.o
    0x90005492   0x90005492   0x00000006   PAD
    0x90005498   0x90005498   0x00000006   Code   RO         1241    .text.rt_thread_idle_entry  idle.o
    0x9000549e   0x9000549e   0x00000002   PAD
    0x900054a0   0x900054a0   0x0000004e   Code   RO         1233    .text.rt_thread_idle_excute  idle.o
    0x900054ee   0x900054ee   0x00000002   PAD
    0x900054f0   0x900054f0   0x00000048   Code   RO         1239    .text.rt_thread_idle_init  idle.o
    0x90005538   0x90005538   0x00000034   Code   RO         1509    .text.rt_thread_init  thread.o
    0x9000556c   0x9000556c   0x00000004   PAD
    0x90005570   0x90005570   0x0000000e   Code   RO         1539    .text.rt_thread_mdelay  thread.o
    0x9000557e   0x9000557e   0x00000002   PAD
    0x90005580   0x90005580   0x0000003c   Code   RO         1517    .text.rt_thread_resume  thread.o
    0x900055bc   0x900055bc   0x00000004   PAD
    0x900055c0   0x900055c0   0x0000000c   Code   RO         1513    .text.rt_thread_self  thread.o
    0x900055cc   0x900055cc   0x00000004   PAD
    0x900055d0   0x900055d0   0x0000004c   Code   RO         1531    .text.rt_thread_sleep  thread.o
    0x9000561c   0x9000561c   0x00000004   PAD
    0x90005620   0x90005620   0x0000002a   Code   RO         1515    .text.rt_thread_startup  thread.o
    0x9000564a   0x9000564a   0x00000006   PAD
    0x90005650   0x90005650   0x00000042   Code   RO         1533    .text.rt_thread_suspend  thread.o
    0x90005692   0x90005692   0x00000006   PAD
    0x90005698   0x90005698   0x0000001e   Code   RO         1543    .text.rt_thread_timeout  thread.o
    0x900056b6   0x900056b6   0x00000002   PAD
    0x900056b8   0x900056b8   0x0000005e   Code   RO         1525    .text.rt_thread_yield  thread.o
    0x90005716   0x90005716   0x00000002   PAD
    0x90005718   0x90005718   0x0000003a   Code   RO         1189    .text.rt_tick_from_millisecond  clock.o
    0x90005752   0x90005752   0x00000006   PAD
    0x90005758   0x90005758   0x0000000c   Code   RO         1183    .text.rt_tick_get   clock.o
    0x90005764   0x90005764   0x00000004   PAD
    0x90005768   0x90005768   0x00000030   Code   RO         1187    .text.rt_tick_increase  clock.o
    0x90005798   0x90005798   0x000000ae   Code   RO         1577    .text.rt_timer_check  timer.o
    0x90005846   0x90005846   0x00000002   PAD
    0x90005848   0x90005848   0x00000052   Code   RO         1575    .text.rt_timer_control  timer.o
    0x9000589a   0x9000589a   0x00000006   PAD
    0x900058a0   0x900058a0   0x00000028   Code   RO         1561    .text.rt_timer_detach  timer.o
    0x900058c8   0x900058c8   0x0000002c   Code   RO         1557    .text.rt_timer_init  timer.o
    0x900058f4   0x900058f4   0x00000004   PAD
    0x900058f8   0x900058f8   0x00000082   Code   RO         1569    .text.rt_timer_start  timer.o
    0x9000597a   0x9000597a   0x00000006   PAD
    0x90005980   0x90005980   0x0000002e   Code   RO         1573    .text.rt_timer_stop  timer.o
    0x900059ae   0x900059ae   0x00000002   PAD
    0x900059b0   0x900059b0   0x00000310   Code   RO         1358    .text.rt_vsnprintf  kservice.o
    0x90005cc0   0x90005cc0   0x00000004   Code   RO         1204    .text.rti_board_end  components.o
    0x90005cc4   0x90005cc4   0x00000004   PAD
    0x90005cc8   0x90005cc8   0x00000004   Code   RO         1202    .text.rti_board_start  components.o
    0x90005ccc   0x90005ccc   0x00000004   PAD
    0x90005cd0   0x90005cd0   0x00000004   Code   RO         1206    .text.rti_end       components.o
    0x90005cd4   0x90005cd4   0x00000004   PAD
    0x90005cd8   0x90005cd8   0x00000004   Code   RO         1200    .text.rti_start     components.o
    0x90005cdc   0x90005cdc   0x00000004   PAD
    0x90005ce0   0x90005ce0   0x0000002a   Code   RO         1214    .text.rtthread_startup  components.o
    0x90005d0a   0x90005d0a   0x00000006   PAD
    0x90005d10   0x90005d10   0x0000003c   Code   RO         1696    .text.shell_auto_complete  shell.o
    0x90005d4c   0x90005d4c   0x00000004   PAD
    0x90005d50   0x90005d50   0x00000040   Code   RO         1622    .text.show_wait_queue  cmd.o
    0x90005d90   0x90005d90   0x0000003e   Code   RO         1360    .text.skip_atoi     kservice.o
    0x90005dce   0x90005dce   0x00000002   PAD
    0x90005dd0   0x90005dd0   0x00000026   Code   RO         1663    .text.str_common    msh.o
    0x90005df6   0x90005df6   0x00000002   PAD
    0x90005df8   0x90005df8   0x0000000a   Code   RO         1801    .text.uart_init     board.o
    0x90005e02   0x90005e02   0x00000006   PAD
    0x90005e08   0x90005e08   0x000000d8   Code   RO         1774    .text.usage_fault_track  cpuport.o
    0x90005ee0   0x90005ee0   0x0000000a   Code   RO         1606    .text.version       cmd.o
    0x90005eea   0x90005eea   0x0000000e   Code   RO         1867    i.__scatterload_copy  mc_w.l(handlers.o)
    0x90005ef8   0x90005ef8   0x00000002   Code   RO         1868    i.__scatterload_null  mc_w.l(handlers.o)
    0x90005efa   0x90005efa   0x0000000e   Code   RO         1869    i.__scatterload_zeroinit  mc_w.l(handlers.o)
    0x90005f08   0x90005f08   0x00000010   Data   RO         1172    .rodata.D1CorePrescTable  system_stm32h7xx.o
    0x90005f18   0x90005f18   0x00000018   Data   RO         1112    .rodata.UARTPrescTable  stm32h7xx_hal_uart.o
    0x90005f30   0x90005f30   0x00000100   Data   RO         1385    .rodata.__lowest_bit_bitmap  kservice.o
    0x90006030   0x90006030   0x00000010   Data   RO         1157    .rodata.cst8        stm32h7xx_hal_uart_ex.o
    0x90006040   0x90006040   0x00000027   Data   RO         1417    .rodata.name        mem.o
    0x90006067   0x90006067   0x000001a7   Data   RO         1630    .rodata.name        cmd.o
    0x9000620e   0x9000620e   0x00000076   Data   RO         1670    .rodata.name        msh.o
    0x90006284   0x90006284   0x00000041   Data   RO         1821    .rodata.name        user_cmd.o
    0x900062c5   0x900062c5   0x00000029   Data   RO         1383    .rodata.str1.1      kservice.o
    0x900062ee   0x900062ee   0x0000007e   Data   RO         1632    .rodata.str1.1      cmd.o
    0x9000636c   0x9000636c   0x00000007   Data   RO         1669    .rodata.str1.1      msh.o
    0x90006373   0x90006373   0x00000005   Data   RO         1711    .rodata.str1.1      shell.o
    0x90006378   0x90006378   0x00000093   Data   RO         1777    .rodata.str1.1      cpuport.o
    0x9000640b   0x9000640b   0x00000001   PAD
    0x9000640c   0x9000640c   0x00000004   Data   RO         1220    .rti_fn.0           components.o
    0x90006410   0x90006410   0x00000004   Data   RO         1221    .rti_fn.0.end       components.o
    0x90006414   0x90006414   0x00000004   Data   RO         1808    .rti_fn.1           board.o
    0x90006418   0x90006418   0x00000004   Data   RO         1222    .rti_fn.1.end       components.o
    0x9000641c   0x9000641c   0x00000004   Data   RO         1712    .rti_fn.6           shell.o
    0x90006420   0x90006420   0x00000004   Data   RO         1223    .rti_fn.6.end       components.o
    0x90006424   0x90006424   0x0000000c   Data   RO         1418    FSymTab             mem.o
    0x90006430   0x90006430   0x00000090   Data   RO         1631    FSymTab             cmd.o
    0x900064c0   0x900064c0   0x00000024   Data   RO         1671    FSymTab             msh.o
    0x900064e4   0x900064e4   0x00000018   Data   RO         1822    FSymTab             user_cmd.o
    0x900064fc   0x900064fc   0x00000020   Data   RO         1866    Region$$Table       anon$$obj.o


==============================================================================

Image component sizes


      Code (inc. data)   RO Data    RW Data    ZI Data      Debug   Object Name

       224          0          4          0      15360       2460   board.o
       118          0          0          0          4       2462   clock.o
      1758        564        693          0          0      10182   cmd.o
       220          8         16          0          0       3015   components.o
       308         26          0          0          0        804   context_rvds.o
      1290        524        147          0         16       3518   cpuport.o
       120          0          0          0          0       2877   gpio.o
       190          8          0          0        376       2685   idle.o
       368          0          0          0          0       9644   ipc.o
        52          0          0          0          1        990   irq.o
      1840        238        297          0        256      14437   kservice.o
       320          0          0          0          0       4763   main.o
      1096        216         51          0         56       5109   mem.o
       978        104        161          0          0       5110   msh.o
       292          0          0         64          0       5569   object.o
       534          0          0          0        275       4339   scheduler.o
      1316        216          9          0        273       5726   shell.o
        36          8        664          0       1024        808   startup_stm32h750xx.o
       198          0          0          5          0      14645   stm32h7xx_hal.o
       220          0          0          0          0      12251   stm32h7xx_hal_cortex.o
       426          0          0          0          0       6827   stm32h7xx_hal_gpio.o
        32          0          0          0          0       2172   stm32h7xx_hal_msp.o
        72          0          0          0          0      10362   stm32h7xx_hal_pwr_ex.o
      2338         16          0          0          0      11268   stm32h7xx_hal_rcc.o
      3778        122          0          0          0      17290   stm32h7xx_hal_rcc_ex.o
      2390        382         24          0          0      35276   stm32h7xx_hal_uart.o
       286          0         16          0          0      10320   stm32h7xx_hal_uart_ex.o
        10          0          0          0          0        662   stm32h7xx_it.o
       218          0         16          8          0       5786   system_stm32h7xx.o
       810          0          0          0          0       8278   thread.o
       622          6          0          0         12       6537   timer.o
       266          0          0          0        148       8029   usart.o
        28          8         89          0          0       1330   user_cmd.o

    ----------------------------------------------------------------------
     23314       2486       2220         80      17816     235531   Object Totals
         0          0         32          0          0          0   (incl. Generated)
       560         40          1          3         15          0   (incl. Padding)

    ----------------------------------------------------------------------

      Code (inc. data)   RO Data    RW Data    ZI Data      Debug   Library Member Name

         0          0          0          0          0          0   entry.o
         0          0          0          0          0          0   entry10a.o
         0          0          0          0          0          0   entry11a.o
         8          4          0          0          0          0   entry2.o
         4          0          0          0          0          0   entry5.o
         0          0          0          0          0          0   entry7b.o
         0          0          0          0          0          0   entry8b.o
         8          4          0          0          0          0   entry9a.o
        30          0          0          0          0          0   handlers.o
        36          8          0          0          0         68   init.o
        30          0          0          0          0         68   llshl.o
        32          0          0          0          0         68   llushr.o
        36          0          0          0          0        108   memseta.o
        14          0          0          0          0         68   strlen.o
        30          0          0          0          0         80   strncmp.o
        24          0          0          0          0         76   strncpy.o
        98          0          0          0          0         92   uldiv.o

    ----------------------------------------------------------------------
       350         16          0          0          0        628   Library Totals
         0          0          0          0          0          0   (incl. Padding)

    ----------------------------------------------------------------------

      Code (inc. data)   RO Data    RW Data    ZI Data      Debug   Library Name

       350         16          0          0          0        628   mc_w.l

    ----------------------------------------------------------------------
       350         16          0          0          0        628   Library Totals

    ----------------------------------------------------------------------

==============================================================================


      Code (inc. data)   RO Data    RW Data    ZI Data      Debug   

     23664       2502       2220         80      17816     235575   Grand Totals
     23664       2502       2220         80      17816     235575   ELF Image Totals
     23664       2502       2220         80          0          0   ROM Totals

==============================================================================

    Total RO  Size (Code + RO Data)                25884 (  25.28kB)
    Total RW  Size (RW Data + ZI Data)             17896 (  17.48kB)
    Total ROM Size (Code + RO Data + RW Data)      25964 (  25.36kB)

==============================================================================

